Archive member included to satisfy reference by file (symbol)

..\lib\liblvgl.a(lv_obj_pos.c.obj)
                              CMakeFiles/st7789_lvgl_demo.dir/src/main.c.obj (lv_obj_set_width)
..\lib\liblvgl.a(lv_obj_scroll.c.obj)
                              ..\lib\liblvgl.a(lv_obj_pos.c.obj) (lv_obj_get_scroll_x)
..\lib\liblvgl.a(lv_obj_style.c.obj)
                              ..\lib\liblvgl.a(lv_obj_pos.c.obj) (lv_obj_get_style_prop)
..\lib\liblvgl.a(lv_obj_style_gen.c.obj)
                              ..\lib\liblvgl.a(lv_obj_pos.c.obj) (lv_obj_set_style_width)
..\lib\liblvgl.a(lv_obj_tree.c.obj)
                              ..\lib\liblvgl.a(lv_obj_pos.c.obj) (lv_obj_get_parent)
..\lib\liblvgl.a(lv_refr.c.obj)
                              ..\lib\liblvgl.a(lv_obj_pos.c.obj) (_lv_inv_area)
..\lib\liblvgl.a(lv_display.c.obj)
                              CMakeFiles/st7789_lvgl_demo.dir/src/main.c.obj (lv_display_get_default)
..\lib\liblvgl.a(lv_draw.c.obj)
                              ..\lib\liblvgl.a(lv_refr.c.obj) (lv_draw_dispatch_wait_for_request)
..\lib\liblvgl.a(lv_draw_buf.c.obj)
                              ..\lib\liblvgl.a(lv_display.c.obj) (lv_draw_buf_width_to_stride)
..\lib\liblvgl.a(lv_draw_image.c.obj)
                              ..\lib\liblvgl.a(lv_refr.c.obj) (lv_draw_image_dsc_init)
..\lib\liblvgl.a(lv_draw_mask.c.obj)
                              ..\lib\liblvgl.a(lv_refr.c.obj) (lv_draw_mask_rect_dsc_init)
..\lib\liblvgl.a(lv_image_buf.c.obj)
                              ..\lib\liblvgl.a(lv_draw_image.c.obj) (_lv_image_buf_get_transformed_area)
..\lib\liblvgl.a(lv_image_decoder.c.obj)
                              ..\lib\liblvgl.a(lv_draw_image.c.obj) (lv_image_decoder_get_info)
..\lib\liblvgl.a(lv_draw_sw_mask.c.obj)
                              ..\lib\liblvgl.a(lv_refr.c.obj) (_lv_draw_sw_mask_cleanup)
..\lib\liblvgl.a(lv_st7789.c.obj)
                              CMakeFiles/st7789_lvgl_demo.dir/src/main.c.obj (lv_st7789_create)
..\lib\liblvgl.a(lv_font_montserrat_14.c.obj)
                              CMakeFiles/st7789_lvgl_demo.dir/src/main.c.obj (lv_font_montserrat_14)
..\lib\liblvgl.a(lv_indev.c.obj)
                              ..\lib\liblvgl.a(lv_obj_scroll.c.obj) (lv_indev_get_next)
..\lib\liblvgl.a(lv_indev_scroll.c.obj)
                              ..\lib\liblvgl.a(lv_indev.c.obj) (_lv_indev_scroll_handler)
..\lib\liblvgl.a(lv_layout.c.obj)
                              ..\lib\liblvgl.a(lv_obj_pos.c.obj) (_lv_layout_apply)
..\lib\liblvgl.a(lv_init.c.obj)
                              ..\lib\liblvgl.a(lv_obj_pos.c.obj) (lv_global)
..\lib\liblvgl.a(lv_anim.c.obj)
                              ..\lib\liblvgl.a(lv_init.c.obj) (_lv_anim_core_init)
..\lib\liblvgl.a(lv_area.c.obj)
                              ..\lib\liblvgl.a(lv_obj_scroll.c.obj) (lv_area_set)
..\lib\liblvgl.a(lv_async.c.obj)
                              ..\lib\liblvgl.a(lv_obj_tree.c.obj) (lv_async_call)
..\lib\liblvgl.a(lv_color.c.obj)
                              CMakeFiles/st7789_lvgl_demo.dir/src/main.c.obj (lv_color_format_get_bpp)
..\lib\liblvgl.a(lv_event.c.obj)
                              ..\lib\liblvgl.a(lv_display.c.obj) (lv_event_send)
..\lib\liblvgl.a(lv_fs.c.obj)
                              ..\lib\liblvgl.a(lv_init.c.obj) (_lv_fs_init)
..\lib\liblvgl.a(lv_ll.c.obj)
                              ..\lib\liblvgl.a(lv_obj_style.c.obj) (_lv_ll_init)
..\lib\liblvgl.a(lv_math.c.obj)
                              ..\lib\liblvgl.a(lv_draw_sw_mask.c.obj) (lv_trigo_sin)
..\lib\liblvgl.a(lv_palette.c.obj)
                              ..\lib\liblvgl.a(lv_display.c.obj) (lv_palette_main)
..\lib\liblvgl.a(lv_style.c.obj)
                              ..\lib\liblvgl.a(lv_obj_style.c.obj) (lv_style_init)
..\lib\liblvgl.a(lv_timer.c.obj)
                              ..\lib\liblvgl.a(lv_display.c.obj) (lv_timer_create)
..\lib\liblvgl.a(lv_os_none.c.obj)
                              ..\lib\liblvgl.a(lv_draw_sw_mask.c.obj) (lv_mutex_init)
..\lib\liblvgl.a(lv_mem_core_builtin.c.obj)
                              ..\lib\liblvgl.a(lv_init.c.obj) (lv_mem_init)
..\lib\liblvgl.a(lv_string_builtin.c.obj)
                              ..\lib\liblvgl.a(lv_draw_buf.c.obj) (lv_memcpy)
..\lib\liblvgl.a(lv_tlsf.c.obj)
                              ..\lib\liblvgl.a(lv_mem_core_builtin.c.obj) (lv_tlsf_check)
..\lib\liblvgl.a(lv_mem.c.obj)
                              CMakeFiles/st7789_lvgl_demo.dir/src/main.c.obj (lv_malloc)
..\lib\liblvgl.a(lv_theme_default.c.obj)
                              ..\lib\liblvgl.a(lv_init.c.obj) (lv_theme_default_deinit)
..\lib\liblvgl.a(lv_theme.c.obj)
                              ..\lib\liblvgl.a(lv_display.c.obj) (lv_theme_apply)
..\lib\liblvgl.a(lv_theme_mono.c.obj)
                              ..\lib\liblvgl.a(lv_init.c.obj) (lv_theme_mono_deinit)
..\lib\liblvgl.a(lv_theme_simple.c.obj)
                              ..\lib\liblvgl.a(lv_init.c.obj) (lv_theme_simple_deinit)
[...]
Memory Configuration

Name             Origin             Length             Attributes
FLASH            0x10000000         0x00200000         xr
RAM              0x20000000         0x00040000         xrw
SCRATCH_X        0x20040000         0x00001000         xrw
SCRATCH_Y        0x20041000         0x00001000         xrw
*default*        0x00000000         0xffffffff

Linker script and memory map

LOAD c:/progra~2/gnuarm~1/102021~1.10/bin/../lib/gcc/arm-none-eabi/10.3.1/thumb/v6-m/nofp/crti.o
LOAD c:/progra~2/gnuarm~1/102021~1.10/bin/../lib/gcc/arm-none-eabi/10.3.1/thumb/v6-m/nofp/crtbegin.o
LOAD c:/progra~2/gnuarm~1/102021~1.10/bin/../lib/gcc/arm-none-eabi/10.3.1/../../../../arm-none-eabi/lib/thumb/v6-m/nofp/crt0.o

.flash_begin    0x10000000        0x0
                0x10000000                __flash_binary_start = .

.boot2          0x10000000      0x100
                0x10000000                __boot2_start__ = .
 *(.boot2)
 .boot2         0x10000000      0x100 C:\Users\turga\AppData\Local\Temp\ccICiBiS.o
                0x10000100                __boot2_end__ = .
                0x00000001                ASSERT (((__boot2_end__ - __boot2_start__) == 0x100), ERROR: Pico second stage bootloader must be 256 bytes in size)

.text           0x10000100    0x3e068
                0x10000100                __logical_binary_start = .
 *(.vectors)
 .vectors       0x10000100       0xd4 CMakeFiles/st7789_lvgl_demo.dir/C_/Users/turga/Embedded-SDK/Pico/pico-sdk/src/rp2_common/pico_standard_link/crt0.S.obj
                0x10000100                __VECTOR_TABLE
                0x10000100                __vectors
                0x100001c0                isr_invalid
                0x100001c0                __default_isrs_start
                0x100001c2                isr_nmi
                0x100001c4                isr_hardfault
                0x100001c6                isr_svcall
                0x100001c8                isr_pendsv
                0x100001ca                isr_systick
                0x100001cc                isr_irq23
                0x100001cc                isr_irq18
                0x100001cc                isr_irq11
                0x100001cc                isr_irq28
                0x100001cc                isr_irq19
                0x100001cc                isr_irq0
                0x100001cc                isr_irq6
                0x100001cc                isr_irq5
                0x100001cc                isr_irq12
                0x100001cc                isr_irq22
                0x100001cc                isr_irq31
                0x100001cc                isr_irq17
                0x100001cc                isr_irq27
                0x100001cc                isr_irq30
                0x100001cc                isr_irq2
                0x100001cc                isr_irq10
                0x100001cc                isr_irq8
                0x100001cc                isr_irq24
                0x100001cc                isr_irq1
                0x100001cc                isr_irq7
                0x100001cc                isr_irq21
                0x100001cc                isr_irq20
                0x100001cc                isr_irq15
                0x100001cc                isr_irq25
                0x100001cc                isr_irq13
                0x100001cc                __unhandled_user_irq
                0x100001cc                isr_irq4
                0x100001cc                isr_irq16
                0x100001cc                isr_irq29
                0x100001cc                isr_irq26
                0x100001cc                __default_isrs_end
                0x100001cc                isr_irq3
                0x100001cc                isr_irq14
                0x100001cc                isr_irq9
                0x100001d2                unhandled_user_irq_num_in_r0
 *(.binary_info_header)
 .binary_info_header
                0x100001d4       0x14 CMakeFiles/st7789_lvgl_demo.dir/C_/Users/turga/Embedded-SDK/Pico/pico-sdk/src/rp2_common/pico_standard_link/crt0.S.obj
                0x100001e8                __binary_info_header_end = .
 *(.reset)
 .reset         0x100001e8       0xa0 CMakeFiles/st7789_lvgl_demo.dir/C_/Users/turga/Embedded-SDK/Pico/pico-sdk/src/rp2_common/pico_standard_link/crt0.S.obj
                0x100001e8                _entry_point
 .reset         0x10000288       0x30 CMakeFiles/st7789_lvgl_demo.dir/C_/Users/turga/Embedded-SDK/Pico/pico-sdk/src/rp2_common/pico_standard_link/binary_info.c.obj
 *(.init)
 .init          0x100002b8        0x4 c:/progra~2/gnuarm~1/102021~1.10/bin/../lib/gcc/arm-none-eabi/10.3.1/thumb/v6-m/nofp/crti.o
                0x100002b8                _init
 *(EXCLUDE_FILE(*libm.a: *libc.a:*lib_a-mem*.o *libgcc.a:) .text*)
 .text          0x100002bc       0x48 c:/progra~2/gnuarm~1/102021~1.10/bin/../lib/gcc/arm-none-eabi/10.3.1/thumb/v6-m/nofp/crtbegin.o
 .text.lcd_send_cmd
                0x10000304       0x18 CMakeFiles/st7789_lvgl_demo.dir/src/main.c.obj
                0x10000304                lcd_send_cmd
 .text.lcd_send_color
                0x1000031c       0x1c CMakeFiles/st7789_lvgl_demo.dir/src/main.c.obj
                0x1000031c                lcd_send_color
 .text.main     0x10000338      0x188 CMakeFiles/st7789_lvgl_demo.dir/src/main.c.obj
                0x10000338                main
 .text.gpio_set_function
                0x100004c0       0x30 CMakeFiles/st7789_lvgl_demo.dir/C_/Users/turga/Embedded-SDK/Pico/pico-sdk/src/rp2_common/hardware_gpio/gpio.c.obj
                0x100004c0                gpio_set_function
 .text.gpio_init
                0x100004f0       0x16 CMakeFiles/st7789_lvgl_demo.dir/C_/Users/turga/Embedded-SDK/Pico/pico-sdk/src/rp2_common/hardware_gpio/gpio.c.obj
                0x100004f0                gpio_init
 *fill*         0x10000506        0x2 
 .text.running_on_fpga
                0x10000508       0x14 CMakeFiles/st7789_lvgl_demo.dir/C_/Users/turga/Embedded-SDK/Pico/pico-sdk/src/rp2_common/pico_platform/platform.c.obj
                0x10000508                running_on_fpga
 .text.hw_claim_lock
                0x1000051c       0x18 CMakeFiles/st7789_lvgl_demo.dir/C_/Users/turga/Embedded-SDK/Pico/pico-sdk/src/rp2_common/hardware_claim/claim.c.obj
                0x1000051c                hw_claim_lock
 .text.hw_claim_unlock
                0x10000534       0x14 CMakeFiles/st7789_lvgl_demo.dir/C_/Users/turga/Embedded-SDK/Pico/pico-sdk/src/rp2_common/hardware_claim/claim.c.obj
                0x10000534                hw_claim_unlock
 .text.hw_claim_or_assert
                0x10000548       0x32 CMakeFiles/st7789_lvgl_demo.dir/C_/Users/turga/Embedded-SDK/Pico/pico-sdk/src/rp2_common/hardware_claim/claim.c.obj
                0x10000548                hw_claim_or_assert
 .text.hw_claim_unused_from_range
                0x1000057a       0x50 CMakeFiles/st7789_lvgl_demo.dir/C_/Users/turga/Embedded-SDK/Pico/pico-sdk/src/rp2_common/hardware_claim/claim.c.obj
                0x1000057a                hw_claim_unused_from_range
 *fill*         0x100005ca        0x2 
 .text.spin_locks_reset
                0x100005cc       0x20 CMakeFiles/st7789_lvgl_demo.dir/C_/Users/turga/Embedded-SDK/Pico/pico-sdk/src/rp2_common/hardware_sync/sync.c.obj
                0x100005cc                spin_locks_reset
 .text.next_striped_spin_lock_num
                0x100005ec       0x1c CMakeFiles/st7789_lvgl_demo.dir/C_/Users/turga/Embedded-SDK/Pico/pico-sdk/src/rp2_common/hardware_sync/sync.c.obj
                0x100005ec                next_striped_spin_lock_num
 .text.spin_lock_claim_unused
                0x10000608       0x20 CMakeFiles/st7789_lvgl_demo.dir/C_/Users/turga/Embedded-SDK/Pico/pico-sdk/src/rp2_common/hardware_sync/sync.c.obj
                0x10000608                spin_lock_claim_unused
 .text.set_raw_irq_handler_and_unlock
                0x10000628       0x28 CMakeFiles/st7789_lvgl_demo.dir/C_/Users/turga/Embedded-SDK/Pico/pico-sdk/src/rp2_common/hardware_irq/irq.c.obj
 .text.make_branch
                0x10000650       0x48 CMakeFiles/st7789_lvgl_demo.dir/C_/Users/turga/Embedded-SDK/Pico/pico-sdk/src/rp2_common/hardware_irq/irq.c.obj
 .text.insert_branch_and_link
                0x10000698       0x40 CMakeFiles/st7789_lvgl_demo.dir/C_/Users/turga/Embedded-SDK/Pico/pico-sdk/src/rp2_common/hardware_irq/irq.c.obj
 .text.irq_is_enabled
                0x100006d8       0x18 CMakeFiles/st7789_lvgl_demo.dir/C_/Users/turga/Embedded-SDK/Pico/pico-sdk/src/rp2_common/hardware_irq/irq.c.obj
                0x100006d8                irq_is_enabled
 .text.irq_set_mask_enabled
                0x100006f0       0x20 CMakeFiles/st7789_lvgl_demo.dir/C_/Users/turga/Embedded-SDK/Pico/pico-sdk/src/rp2_common/hardware_irq/irq.c.obj
                0x100006f0                irq_set_mask_enabled
 .text.irq_set_enabled
                0x10000710        0xe CMakeFiles/st7789_lvgl_demo.dir/C_/Users/turga/Embedded-SDK/Pico/pico-sdk/src/rp2_common/hardware_irq/irq.c.obj
                0x10000710                irq_set_enabled
 *fill*         0x1000071e        0x2 
 .text.irq_set_pending
                0x10000720       0x10 CMakeFiles/st7789_lvgl_demo.dir/C_/Users/turga/Embedded-SDK/Pico/pico-sdk/src/rp2_common/hardware_irq/irq.c.obj
                0x10000720                irq_set_pending
 .text.irq_get_vtable_handler
                0x10000730       0x10 CMakeFiles/st7789_lvgl_demo.dir/C_/Users/turga/Embedded-SDK/Pico/pico-sdk/src/rp2_common/hardware_irq/irq.c.obj
                0x10000730                irq_get_vtable_handler
 .text.irq_has_shared_handler
                0x10000740       0x24 CMakeFiles/st7789_lvgl_demo.dir/C_/Users/turga/Embedded-SDK/Pico/pico-sdk/src/rp2_common/hardware_irq/irq.c.obj
                0x10000740                irq_has_shared_handler
 .text.irq_set_exclusive_handler
                0x10000764       0x54 CMakeFiles/st7789_lvgl_demo.dir/C_/Users/turga/Embedded-SDK/Pico/pico-sdk/src/rp2_common/hardware_irq/irq.c.obj
                0x10000764                irq_set_exclusive_handler
 .text.irq_add_shared_handler
                0x100007b8      0x234 CMakeFiles/st7789_lvgl_demo.dir/C_/Users/turga/Embedded-SDK/Pico/pico-sdk/src/rp2_common/hardware_irq/irq.c.obj
                0x100007b8                irq_add_shared_handler
 .text.irq_remove_handler
                0x100009ec      0x1ac CMakeFiles/st7789_lvgl_demo.dir/C_/Users/turga/Embedded-SDK/Pico/pico-sdk/src/rp2_common/hardware_irq/irq.c.obj
                0x100009ec                irq_remove_handler
 .text.irq_add_tail_to_free_list
                0x10000b98       0xf0 CMakeFiles/st7789_lvgl_demo.dir/C_/Users/turga/Embedded-SDK/Pico/pico-sdk/src/rp2_common/hardware_irq/irq.c.obj
                0x10000b98                irq_add_tail_to_free_list
 .text.irq_init_priorities
                0x10000c88       0x1c CMakeFiles/st7789_lvgl_demo.dir/C_/Users/turga/Embedded-SDK/Pico/pico-sdk/src/rp2_common/hardware_irq/irq.c.obj
                0x10000c88                irq_init_priorities
 .text.user_irq_claim_unused
                0x10000ca4       0x28 CMakeFiles/st7789_lvgl_demo.dir/C_/Users/turga/Embedded-SDK/Pico/pico-sdk/src/rp2_common/hardware_irq/irq.c.obj
                0x10000ca4                user_irq_claim_unused
 .text.lock_init
                0x10000ccc       0x10 CMakeFiles/st7789_lvgl_demo.dir/C_/Users/turga/Embedded-SDK/Pico/pico-sdk/src/common/pico_sync/lock_core.c.obj
                0x10000ccc                lock_init
 .text.mutex_init
                0x10000cdc       0x1a CMakeFiles/st7789_lvgl_demo.dir/C_/Users/turga/Embedded-SDK/Pico/pico-sdk/src/common/pico_sync/mutex.c.obj
                0x10000cdc                mutex_init
 .text.recursive_mutex_init
                0x10000cf6       0x1e CMakeFiles/st7789_lvgl_demo.dir/C_/Users/turga/Embedded-SDK/Pico/pico-sdk/src/common/pico_sync/mutex.c.obj
                0x10000cf6                recursive_mutex_init
 .text.critical_section_init_with_lock_num
                0x10000d14       0x14 CMakeFiles/st7789_lvgl_demo.dir/C_/Users/turga/Embedded-SDK/Pico/pico-sdk/src/common/pico_sync/critical_section.c.obj
                0x10000d14                critical_section_init_with_lock_num
 .text.critical_section_init
                0x10000d28       0x14 CMakeFiles/st7789_lvgl_demo.dir/C_/Users/turga/Embedded-SDK/Pico/pico-sdk/src/common/pico_sync/critical_section.c.obj
                0x10000d28                critical_section_init
 .text.alarm_pool_post_alloc_init
                0x10000d3c       0x40 CMakeFiles/st7789_lvgl_demo.dir/C_/Users/turga/Embedded-SDK/Pico/pico-sdk/src/common/pico_time/time.c.obj
 .text.sleep_until_callback
                0x10000d7c       0x30 CMakeFiles/st7789_lvgl_demo.dir/C_/Users/turga/Embedded-SDK/Pico/pico-sdk/src/common/pico_time/time.c.obj
 .text.timer_pool_entry_comparator
                0x10000dac       0x7c CMakeFiles/st7789_lvgl_demo.dir/C_/Users/turga/Embedded-SDK/Pico/pico-sdk/src/common/pico_time/time.c.obj
                0x10000dac                timer_pool_entry_comparator
 .text.ph_add_child_node
                0x10000e28       0xa4 CMakeFiles/st7789_lvgl_demo.dir/C_/Users/turga/Embedded-SDK/Pico/pico-sdk/src/common/pico_time/time.c.obj
 .text.ph_merge_nodes
                0x10000ecc       0x3e CMakeFiles/st7789_lvgl_demo.dir/C_/Users/turga/Embedded-SDK/Pico/pico-sdk/src/common/pico_time/time.c.obj
 *fill*         0x10000f0a        0x2 
 .text.add_alarm_under_lock
                0x10000f0c      0x174 CMakeFiles/st7789_lvgl_demo.dir/C_/Users/turga/Embedded-SDK/Pico/pico-sdk/src/common/pico_time/time.c.obj
 .text.alarm_pool_alarm_callback
                0x10001080      0x33c CMakeFiles/st7789_lvgl_demo.dir/C_/Users/turga/Embedded-SDK/Pico/pico-sdk/src/common/pico_time/time.c.obj
 .text.alarm_pool_init_default
                0x100013bc       0x40 CMakeFiles/st7789_lvgl_demo.dir/C_/Users/turga/Embedded-SDK/Pico/pico-sdk/src/common/pico_time/time.c.obj
                0x100013bc                alarm_pool_init_default
 .text.alarm_pool_get_default
                0x100013fc       0x2c CMakeFiles/st7789_lvgl_demo.dir/C_/Users/turga/Embedded-SDK/Pico/pico-sdk/src/common/pico_time/time.c.obj
                0x100013fc                alarm_pool_get_default
 .text.alarm_pool_add_alarm_at
                0x10001428      0x168 CMakeFiles/st7789_lvgl_demo.dir/C_/Users/turga/Embedded-SDK/Pico/pico-sdk/src/common/pico_time/time.c.obj
                0x10001428                alarm_pool_add_alarm_at
 .text.alarm_pool_cancel_alarm
                0x10001590       0xf8 CMakeFiles/st7789_lvgl_demo.dir/C_/Users/turga/Embedded-SDK/Pico/pico-sdk/src/common/pico_time/time.c.obj
                0x10001590                alarm_pool_cancel_alarm
 .text.alarm_pool_core_num
                0x10001688        0x4 CMakeFiles/st7789_lvgl_demo.dir/C_/Users/turga/Embedded-SDK/Pico/pico-sdk/src/common/pico_time/time.c.obj
                0x10001688                alarm_pool_core_num
 .text.sleep_until
                0x1000168c       0xfc CMakeFiles/st7789_lvgl_demo.dir/C_/Users/turga/Embedded-SDK/Pico/pico-sdk/src/common/pico_time/time.c.obj
                0x1000168c                sleep_until
 .text.sleep_us
                0x10001788       0x58 CMakeFiles/st7789_lvgl_demo.dir/C_/Users/turga/Embedded-SDK/Pico/pico-sdk/src/common/pico_time/time.c.obj
                0x10001788                sleep_us
 .text.sleep_ms
                0x100017e0       0x14 CMakeFiles/st7789_lvgl_demo.dir/C_/Users/turga/Embedded-SDK/Pico/pico-sdk/src/common/pico_time/time.c.obj
                0x100017e0                sleep_ms
 .text.best_effort_wfe_or_timeout
                0x100017f4       0xac CMakeFiles/st7789_lvgl_demo.dir/C_/Users/turga/Embedded-SDK/Pico/pico-sdk/src/common/pico_time/time.c.obj
                0x100017f4                best_effort_wfe_or_timeout
 .text.hardware_alarm_irq_handler
                0x100018a0       0x90 CMakeFiles/st7789_lvgl_demo.dir/C_/Users/turga/Embedded-SDK/Pico/pico-sdk/src/rp2_common/hardware_timer/timer.c.obj
 .text.hardware_alarm_claim
                0x10001930       0x18 CMakeFiles/st7789_lvgl_demo.dir/C_/Users/turga/Embedded-SDK/Pico/pico-sdk/src/rp2_common/hardware_timer/timer.c.obj
                0x10001930                hardware_alarm_claim
 .text.time_us_64
                0x10001948       0x18 CMakeFiles/st7789_lvgl_demo.dir/C_/Users/turga/Embedded-SDK/Pico/pico-sdk/src/rp2_common/hardware_timer/timer.c.obj
                0x10001948                time_us_64
 .text.busy_wait_until
                0x10001960       0x28 CMakeFiles/st7789_lvgl_demo.dir/C_/Users/turga/Embedded-SDK/Pico/pico-sdk/src/rp2_common/hardware_timer/timer.c.obj
                0x10001960                busy_wait_until
 .text.hardware_alarm_set_callback
                0x10001988       0x90 CMakeFiles/st7789_lvgl_demo.dir/C_/Users/turga/Embedded-SDK/Pico/pico-sdk/src/rp2_common/hardware_timer/timer.c.obj
                0x10001988                hardware_alarm_set_callback
 .text.hardware_alarm_set_target
                0x10001a18       0xe8 CMakeFiles/st7789_lvgl_demo.dir/C_/Users/turga/Embedded-SDK/Pico/pico-sdk/src/rp2_common/hardware_timer/timer.c.obj
                0x10001a18                hardware_alarm_set_target
 .text.hardware_alarm_cancel
                0x10001b00       0x40 CMakeFiles/st7789_lvgl_demo.dir/C_/Users/turga/Embedded-SDK/Pico/pico-sdk/src/rp2_common/hardware_timer/timer.c.obj
                0x10001b00                hardware_alarm_cancel
 .text.ph_add_child_node
                0x10001b40       0xa4 CMakeFiles/st7789_lvgl_demo.dir/C_/Users/turga/Embedded-SDK/Pico/pico-sdk/src/common/pico_util/pheap.c.obj
 .text.ph_merge_nodes
                0x10001be4       0x3e CMakeFiles/st7789_lvgl_demo.dir/C_/Users/turga/Embedded-SDK/Pico/pico-sdk/src/common/pico_util/pheap.c.obj
 *fill*         0x10001c22        0x2 
 .text.ph_clear
                0x10001c24       0x70 CMakeFiles/st7789_lvgl_demo.dir/C_/Users/turga/Embedded-SDK/Pico/pico-sdk/src/common/pico_util/pheap.c.obj
                0x10001c24                ph_clear
 .text.ph_post_alloc_init
                0x10001c94        0xe CMakeFiles/st7789_lvgl_demo.dir/C_/Users/turga/Embedded-SDK/Pico/pico-sdk/src/common/pico_util/pheap.c.obj
                0x10001c94                ph_post_alloc_init
 *fill*         0x10001ca2        0x2 
 .text.ph_merge_two_pass
                0x10001ca4       0xa8 CMakeFiles/st7789_lvgl_demo.dir/C_/Users/turga/Embedded-SDK/Pico/pico-sdk/src/common/pico_util/pheap.c.obj
                0x10001ca4                ph_merge_two_pass
 .text.ph_remove_any_head
                0x10001d4c      0x128 CMakeFiles/st7789_lvgl_demo.dir/C_/Users/turga/Embedded-SDK/Pico/pico-sdk/src/common/pico_util/pheap.c.obj
 .text.ph_remove_head
                0x10001e74       0x14 CMakeFiles/st7789_lvgl_demo.dir/C_/Users/turga/Embedded-SDK/Pico/pico-sdk/src/common/pico_util/pheap.c.obj
                0x10001e74                ph_remove_head
 .text.ph_remove_and_free_node
                0x10001e88       0xf8 CMakeFiles/st7789_lvgl_demo.dir/C_/Users/turga/Embedded-SDK/Pico/pico-sdk/src/common/pico_util/pheap.c.obj
                0x10001e88                ph_remove_and_free_node
 .text.clock_configure
                0x10001f80      0x108 CMakeFiles/st7789_lvgl_demo.dir/C_/Users/turga/Embedded-SDK/Pico/pico-sdk/src/rp2_common/hardware_clocks/clocks.c.obj
                0x10001f80                clock_configure
 .text.clocks_init
                0x10002088      0x100 CMakeFiles/st7789_lvgl_demo.dir/C_/Users/turga/Embedded-SDK/Pico/pico-sdk/src/rp2_common/hardware_clocks/clocks.c.obj
                0x10002088                clocks_init
 .text.clock_get_hz
                0x10002188        0xc CMakeFiles/st7789_lvgl_demo.dir/C_/Users/turga/Embedded-SDK/Pico/pico-sdk/src/rp2_common/hardware_clocks/clocks.c.obj
                0x10002188                clock_get_hz
 .text.pll_init
                0x10002194      0x120 CMakeFiles/st7789_lvgl_demo.dir/C_/Users/turga/Embedded-SDK/Pico/pico-sdk/src/rp2_common/hardware_pll/pll.c.obj
                0x10002194                pll_init
 .text.watchdog_start_tick
                0x100022b4       0x10 CMakeFiles/st7789_lvgl_demo.dir/C_/Users/turga/Embedded-SDK/Pico/pico-sdk/src/rp2_common/hardware_watchdog/watchdog.c.obj
                0x100022b4                watchdog_start_tick
 .text.watchdog_update
                0x100022c4       0x14 CMakeFiles/st7789_lvgl_demo.dir/C_/Users/turga/Embedded-SDK/Pico/pico-sdk/src/rp2_common/hardware_watchdog/watchdog.c.obj
                0x100022c4                watchdog_update
 .text._watchdog_enable
                0x100022d8       0x78 CMakeFiles/st7789_lvgl_demo.dir/C_/Users/turga/Embedded-SDK/Pico/pico-sdk/src/rp2_common/hardware_watchdog/watchdog.c.obj
                0x100022d8                _watchdog_enable
 .text.watchdog_reboot
                0x10002350       0x48 CMakeFiles/st7789_lvgl_demo.dir/C_/Users/turga/Embedded-SDK/Pico/pico-sdk/src/rp2_common/hardware_watchdog/watchdog.c.obj
                0x10002350                watchdog_reboot
 .text.xosc_init
                0x10002398       0x28 CMakeFiles/st7789_lvgl_demo.dir/C_/Users/turga/Embedded-SDK/Pico/pico-sdk/src/rp2_common/hardware_xosc/xosc.c.obj
                0x10002398                xosc_init
 .text._exit    0x100023c0        0x4 CMakeFiles/st7789_lvgl_demo.dir/C_/Users/turga/Embedded-SDK/Pico/pico-sdk/src/rp2_common/pico_runtime/runtime.c.obj
                0x100023c0                _exit
 .text.exit     0x100023c4        0x6 CMakeFiles/st7789_lvgl_demo.dir/C_/Users/turga/Embedded-SDK/Pico/pico-sdk/src/rp2_common/pico_runtime/runtime.c.obj
                0x100023c4                exit
 *fill*         0x100023ca        0x2 
 .text.__assert_func
                0x100023cc       0x3c CMakeFiles/st7789_lvgl_demo.dir/C_/Users/turga/Embedded-SDK/Pico/pico-sdk/src/rp2_common/pico_runtime/runtime.c.obj
                0x100023cc                __assert_func
 .text.runtime_init
                0x10002408       0xf8 CMakeFiles/st7789_lvgl_demo.dir/C_/Users/turga/Embedded-SDK/Pico/pico-sdk/src/rp2_common/pico_runtime/runtime.c.obj
                0x10002408                runtime_init
 .text.panic    0x10002500       0x30 CMakeFiles/st7789_lvgl_demo.dir/C_/Users/turga/Embedded-SDK/Pico/pico-sdk/src/rp2_common/pico_runtime/runtime.c.obj
                0x10002500                panic
 .text._out_null
                0x10002530        0x2 CMakeFiles/st7789_lvgl_demo.dir/C_/Users/turga/Embedded-SDK/Pico/pico-sdk/src/rp2_common/pico_printf/printf.c.obj
 .text._out_fct
                0x10002532        0xe CMakeFiles/st7789_lvgl_demo.dir/C_/Users/turga/Embedded-SDK/Pico/pico-sdk/src/rp2_common/pico_printf/printf.c.obj
 .text._atoi    0x10002540       0x24 CMakeFiles/st7789_lvgl_demo.dir/C_/Users/turga/Embedded-SDK/Pico/pico-sdk/src/rp2_common/pico_printf/printf.c.obj
 .text._out_rev
                0x10002564       0xae CMakeFiles/st7789_lvgl_demo.dir/C_/Users/turga/Embedded-SDK/Pico/pico-sdk/src/rp2_common/pico_printf/printf.c.obj
 .text._ntoa_format
                0x10002612      0x112 CMakeFiles/st7789_lvgl_demo.dir/C_/Users/turga/Embedded-SDK/Pico/pico-sdk/src/rp2_common/pico_printf/printf.c.obj
 .text._ntoa_long
                0x10002724       0xbc CMakeFiles/st7789_lvgl_demo.dir/C_/Users/turga/Embedded-SDK/Pico/pico-sdk/src/rp2_common/pico_printf/printf.c.obj
 .text._ntoa_long_long
                0x100027e0       0xe2 CMakeFiles/st7789_lvgl_demo.dir/C_/Users/turga/Embedded-SDK/Pico/pico-sdk/src/rp2_common/pico_printf/printf.c.obj
 *fill*         0x100028c2        0x2 
 .text._etoa    0x100028c4      0x414 CMakeFiles/st7789_lvgl_demo.dir/C_/Users/turga/Embedded-SDK/Pico/pico-sdk/src/rp2_common/pico_printf/printf.c.obj
 .text._ftoa    0x10002cd8      0x354 CMakeFiles/st7789_lvgl_demo.dir/C_/Users/turga/Embedded-SDK/Pico/pico-sdk/src/rp2_common/pico_printf/printf.c.obj
 .text._vsnprintf
                0x1000302c      0x624 CMakeFiles/st7789_lvgl_demo.dir/C_/Users/turga/Embedded-SDK/Pico/pico-sdk/src/rp2_common/pico_printf/printf.c.obj
 .text.vfctprintf
                0x10003650       0x20 CMakeFiles/st7789_lvgl_demo.dir/C_/Users/turga/Embedded-SDK/Pico/pico-sdk/src/rp2_common/pico_printf/printf.c.obj
                0x10003650                vfctprintf
 .text          0x10003670       0x10 CMakeFiles/st7789_lvgl_demo.dir/C_/Users/turga/Embedded-SDK/Pico/pico-sdk/src/rp2_common/pico_bit_ops/bit_ops_aeabi.S.obj
 .text.clzsi    0x10003680        0xc CMakeFiles/st7789_lvgl_demo.dir/C_/Users/turga/Embedded-SDK/Pico/pico-sdk/src/rp2_common/pico_bit_ops/bit_ops_aeabi.S.obj
                0x10003680                __wrap___clzsi2
                0x10003680                __wrap___clzl
                0x10003680                __wrap___clz
 .text.ctzsi    0x1000368c        0xc CMakeFiles/st7789_lvgl_demo.dir/C_/Users/turga/Embedded-SDK/Pico/pico-sdk/src/rp2_common/pico_bit_ops/bit_ops_aeabi.S.obj
                0x1000368c                __wrap___ctzsi2
 .text.rom_func_lookup
                0x10003698       0x10 CMakeFiles/st7789_lvgl_demo.dir/C_/Users/turga/Embedded-SDK/Pico/pico-sdk/src/rp2_common/pico_bootrom/bootrom.c.obj
                0x10003698                rom_func_lookup
 .text.rom_data_lookup
                0x100036a8       0x10 CMakeFiles/st7789_lvgl_demo.dir/C_/Users/turga/Embedded-SDK/Pico/pico-sdk/src/rp2_common/pico_bootrom/bootrom.c.obj
                0x100036a8                rom_data_lookup
 .text.rom_funcs_lookup
                0x100036b8       0x36 CMakeFiles/st7789_lvgl_demo.dir/C_/Users/turga/Embedded-SDK/Pico/pico-sdk/src/rp2_common/pico_bootrom/bootrom.c.obj
                0x100036b8                rom_funcs_lookup
 *fill*         0x100036ee        0x2 
 .text.__wrap___aeabi_idiv
                0x100036f0       0x50 CMakeFiles/st7789_lvgl_demo.dir/C_/Users/turga/Embedded-SDK/Pico/pico-sdk/src/rp2_common/pico_divider/divider.S.obj
                0x100036f0                __wrap___aeabi_idivmod
                0x100036f0                divmod_s32s32
                0x100036f0                div_s32s32
                0x100036f0                __wrap___aeabi_idiv
                0x100036f8                divmod_s32s32_unsafe
                0x10003724                divmod_s32s32_savestate
 .text.__wrap___aeabi_uidiv
                0x10003740       0x4c CMakeFiles/st7789_lvgl_demo.dir/C_/Users/turga/Embedded-SDK/Pico/pico-sdk/src/rp2_common/pico_divider/divider.S.obj
                0x10003740                __wrap___aeabi_uidiv
                0x10003740                __wrap___aeabi_uidivmod
                0x10003740                div_u32u32
                0x10003740                divmod_u32u32
                0x10003748                divmod_u32u32_unsafe
                0x10003770                divmod_u32u32_savestate
 .text.__wrap___aeabi_ldiv
                0x1000378c      0x424 CMakeFiles/st7789_lvgl_demo.dir/C_/Users/turga/Embedded-SDK/Pico/pico-sdk/src/rp2_common/pico_divider/divider.S.obj
                0x1000378c                div_s64s64
                0x1000378c                divmod_s64s64
                0x1000378c                __wrap___aeabi_ldivmod
                0x100037bc                divmod_u64u64
                0x100037bc                div_u64u64
                0x100037bc                __wrap___aeabi_uldivmod
                0x100037cc                divmod_u64u64_savestate
                0x100037ec                divmod_s64s64_unsafe
                0x10003874                divmod_u64u64_unsafe
 .text.__wrap___aeabi_darithmetic
                0x10003bb0       0x60 CMakeFiles/st7789_lvgl_demo.dir/C_/Users/turga/Embedded-SDK/Pico/pico-sdk/src/rp2_common/pico_double/double_aeabi.S.obj
                0x10003bb0                __wrap___aeabi_drsub
                0x10003bb6                __wrap___aeabi_dsub
                0x10003bc0                __wrap___aeabi_dadd
                0x10003bca                __wrap___aeabi_ddiv
                0x10003bfe                __wrap___aeabi_dmul
 .text.__wrap___aeabi_cdcmple
                0x10003c10       0x6c CMakeFiles/st7789_lvgl_demo.dir/C_/Users/turga/Embedded-SDK/Pico/pico-sdk/src/rp2_common/pico_double/double_aeabi.S.obj
                0x10003c10                __wrap___aeabi_cdrcmple
                0x10003c20                __wrap___aeabi_cdcmpeq
                0x10003c20                __wrap___aeabi_cdcmple
 .text.__wrap___aeabi_dcmplt
                0x10003c7c        0xc CMakeFiles/st7789_lvgl_demo.dir/C_/Users/turga/Embedded-SDK/Pico/pico-sdk/src/rp2_common/pico_double/double_aeabi.S.obj
                0x10003c7c                __wrap___aeabi_dcmplt
 .text.__wrap___aeabi_dcmple
                0x10003c88       0x10 CMakeFiles/st7789_lvgl_demo.dir/C_/Users/turga/Embedded-SDK/Pico/pico-sdk/src/rp2_common/pico_double/double_aeabi.S.obj
                0x10003c88                __wrap___aeabi_dcmple
 .text.__wrap___aeabi_dcmpge
                0x10003c98       0x10 CMakeFiles/st7789_lvgl_demo.dir/C_/Users/turga/Embedded-SDK/Pico/pico-sdk/src/rp2_common/pico_double/double_aeabi.S.obj
                0x10003c98                __wrap___aeabi_dcmpge
 .text.__wrap___aeabi_dcmpgt
                0x10003ca8        0xa CMakeFiles/st7789_lvgl_demo.dir/C_/Users/turga/Embedded-SDK/Pico/pico-sdk/src/rp2_common/pico_double/double_aeabi.S.obj
                0x10003ca8                __wrap___aeabi_dcmpgt
 .text.__wrap___aeabi_dcmpun
                0x10003cb2       0x1c CMakeFiles/st7789_lvgl_demo.dir/C_/Users/turga/Embedded-SDK/Pico/pico-sdk/src/rp2_common/pico_double/double_aeabi.S.obj
                0x10003cb2                __wrap___aeabi_dcmpun
 *fill*         0x10003cce        0x2 
 .text.__wrap___aeabi_i2d
                0x10003cd0       0x38 CMakeFiles/st7789_lvgl_demo.dir/C_/Users/turga/Embedded-SDK/Pico/pico-sdk/src/rp2_common/pico_double/double_aeabi.S.obj
                0x10003cd0                __wrap___aeabi_ui2d
                0x10003cd8                __wrap___aeabi_i2d
 .text.__wrap___aeabi_d2iz
                0x10003d08       0x48 CMakeFiles/st7789_lvgl_demo.dir/C_/Users/turga/Embedded-SDK/Pico/pico-sdk/src/rp2_common/pico_double/double_aeabi.S.obj
                0x10003d08                double2int_z
                0x10003d08                __wrap___aeabi_d2iz
 .text.__wrap___aeabi_d2uiz
                0x10003d50       0x10 CMakeFiles/st7789_lvgl_demo.dir/C_/Users/turga/Embedded-SDK/Pico/pico-sdk/src/rp2_common/pico_double/double_aeabi.S.obj
                0x10003d50                __wrap___aeabi_d2uiz
                0x10003d50                double2uint
 .text.missing_double_func_shim
                0x10003d60        0xc CMakeFiles/st7789_lvgl_demo.dir/C_/Users/turga/Embedded-SDK/Pico/pico-sdk/src/rp2_common/pico_double/double_init_rom.c.obj
 .text.__aeabi_double_init
                0x10003d6c       0xcc CMakeFiles/st7789_lvgl_demo.dir/C_/Users/turga/Embedded-SDK/Pico/pico-sdk/src/rp2_common/pico_double/double_init_rom.c.obj
                0x10003d6c                __aeabi_double_init
 .text.double_table_shim_on_use_helper
                0x10003e38       0x34 CMakeFiles/st7789_lvgl_demo.dir/C_/Users/turga/Embedded-SDK/Pico/pico-sdk/src/rp2_common/pico_double/double_v1_rom_shim.S.obj
                0x10003e38                double_table_shim_on_use_helper
 .text.__aeabi_lmul
                0x10003e6c       0x32 CMakeFiles/st7789_lvgl_demo.dir/C_/Users/turga/Embedded-SDK/Pico/pico-sdk/src/rp2_common/pico_int64_ops/pico_int64_ops_aeabi.S.obj
                0x10003e6c                __wrap___aeabi_lmul
 *fill*         0x10003e9e        0x2 
 .text.missing_float_func_shim
                0x10003ea0        0xc CMakeFiles/st7789_lvgl_demo.dir/C_/Users/turga/Embedded-SDK/Pico/pico-sdk/src/rp2_common/pico_float/float_init_rom.c.obj
 .text.__aeabi_float_init
                0x10003eac       0x88 CMakeFiles/st7789_lvgl_demo.dir/C_/Users/turga/Embedded-SDK/Pico/pico-sdk/src/rp2_common/pico_float/float_init_rom.c.obj
                0x10003eac                __aeabi_float_init
 .text          0x10003f34       0x10 CMakeFiles/st7789_lvgl_demo.dir/C_/Users/turga/Embedded-SDK/Pico/pico-sdk/src/rp2_common/pico_mem_ops/mem_ops_aeabi.S.obj
                0x10003f34                __aeabi_mem_init
 .text.memset   0x10003f44        0xc CMakeFiles/st7789_lvgl_demo.dir/C_/Users/turga/Embedded-SDK/Pico/pico-sdk/src/rp2_common/pico_mem_ops/mem_ops_aeabi.S.obj
                0x10003f44                __wrap_memset
 .text.memcpy   0x10003f50        0xc CMakeFiles/st7789_lvgl_demo.dir/C_/Users/turga/Embedded-SDK/Pico/pico-sdk/src/rp2_common/pico_mem_ops/mem_ops_aeabi.S.obj
                0x10003f50                __wrap_memcpy
                0x10003f50                __wrap___aeabi_memcpy
 .text.stdio_out_chars_no_crlf
                0x10003f5c        0xe CMakeFiles/st7789_lvgl_demo.dir/C_/Users/turga/Embedded-SDK/Pico/pico-sdk/src/rp2_common/pico_stdio/stdio.c.obj
 *fill*         0x10003f6a        0x2 
 .text.stdio_out_chars_crlf
                0x10003f6c       0x80 CMakeFiles/st7789_lvgl_demo.dir/C_/Users/turga/Embedded-SDK/Pico/pico-sdk/src/rp2_common/pico_stdio/stdio.c.obj
 .text.stdio_stack_buffer_flush
                0x10003fec       0x44 CMakeFiles/st7789_lvgl_demo.dir/C_/Users/turga/Embedded-SDK/Pico/pico-sdk/src/rp2_common/pico_stdio/stdio.c.obj
 .text.stdio_buffered_printer
                0x10004030       0x20 CMakeFiles/st7789_lvgl_demo.dir/C_/Users/turga/Embedded-SDK/Pico/pico-sdk/src/rp2_common/pico_stdio/stdio.c.obj
 .text.stdout_serialize_begin
                0x10004050       0x5c CMakeFiles/st7789_lvgl_demo.dir/C_/Users/turga/Embedded-SDK/Pico/pico-sdk/src/rp2_common/pico_stdio/stdio.c.obj
                0x10004050                stdout_serialize_begin
 .text.stdout_serialize_end
                0x100040ac       0x10 CMakeFiles/st7789_lvgl_demo.dir/C_/Users/turga/Embedded-SDK/Pico/pico-sdk/src/rp2_common/pico_stdio/stdio.c.obj
                0x100040ac                stdout_serialize_end
 .text.stdio_put_string
                0x100040bc       0x98 CMakeFiles/st7789_lvgl_demo.dir/C_/Users/turga/Embedded-SDK/Pico/pico-sdk/src/rp2_common/pico_stdio/stdio.c.obj
 .text.stdio_set_driver_enabled
                0x10004154       0x2c CMakeFiles/st7789_lvgl_demo.dir/C_/Users/turga/Embedded-SDK/Pico/pico-sdk/src/rp2_common/pico_stdio/stdio.c.obj
                0x10004154                stdio_set_driver_enabled
 .text.stdio_flush
                0x10004180       0x20 CMakeFiles/st7789_lvgl_demo.dir/C_/Users/turga/Embedded-SDK/Pico/pico-sdk/src/rp2_common/pico_stdio/stdio.c.obj
                0x10004180                stdio_flush
 .text.__wrap_puts
                0x100041a0       0x1e CMakeFiles/st7789_lvgl_demo.dir/C_/Users/turga/Embedded-SDK/Pico/pico-sdk/src/rp2_common/pico_stdio/stdio.c.obj
                0x100041a0                __wrap_puts
 *fill*         0x100041be        0x2 
 .text.__wrap_vprintf
                0x100041c0       0x40 CMakeFiles/st7789_lvgl_demo.dir/C_/Users/turga/Embedded-SDK/Pico/pico-sdk/src/rp2_common/pico_stdio/stdio.c.obj
                0x100041c0                __wrap_vprintf
 .text.__wrap_printf
                0x10004200       0x18 CMakeFiles/st7789_lvgl_demo.dir/C_/Users/turga/Embedded-SDK/Pico/pico-sdk/src/rp2_common/pico_stdio/stdio.c.obj
                0x10004200                __wrap_printf
 .text.stdio_init_all
                0x10004218        0x8 CMakeFiles/st7789_lvgl_demo.dir/C_/Users/turga/Embedded-SDK/Pico/pico-sdk/src/rp2_common/pico_stdio/stdio.c.obj
                0x10004218                stdio_init_all
 .text.resetd_init
                0x10004220        0x2 CMakeFiles/st7789_lvgl_demo.dir/C_/Users/turga/Embedded-SDK/Pico/pico-sdk/src/rp2_common/pico_stdio_usb/reset_interface.c.obj
 *fill*         0x10004222        0x2 
 .text.resetd_reset
                0x10004224        0xc CMakeFiles/st7789_lvgl_demo.dir/C_/Users/turga/Embedded-SDK/Pico/pico-sdk/src/rp2_common/pico_stdio_usb/reset_interface.c.obj
 .text.resetd_open
                0x10004230       0x34 CMakeFiles/st7789_lvgl_demo.dir/C_/Users/turga/Embedded-SDK/Pico/pico-sdk/src/rp2_common/pico_stdio_usb/reset_interface.c.obj
 .text.resetd_xfer_cb
                0x10004264        0x4 CMakeFiles/st7789_lvgl_demo.dir/C_/Users/turga/Embedded-SDK/Pico/pico-sdk/src/rp2_common/pico_stdio_usb/reset_interface.c.obj
 .text.reset_usb_boot
                0x10004268       0x18 CMakeFiles/st7789_lvgl_demo.dir/C_/Users/turga/Embedded-SDK/Pico/pico-sdk/src/rp2_common/pico_stdio_usb/reset_interface.c.obj
 .text.resetd_control_xfer_cb
                0x10004280       0x5c CMakeFiles/st7789_lvgl_demo.dir/C_/Users/turga/Embedded-SDK/Pico/pico-sdk/src/rp2_common/pico_stdio_usb/reset_interface.c.obj
 .text.usbd_app_driver_get_cb
                0x100042dc        0xc CMakeFiles/st7789_lvgl_demo.dir/C_/Users/turga/Embedded-SDK/Pico/pico-sdk/src/rp2_common/pico_stdio_usb/reset_interface.c.obj
                0x100042dc                usbd_app_driver_get_cb
 .text.tud_cdc_line_coding_cb
                0x100042e8       0x28 CMakeFiles/st7789_lvgl_demo.dir/C_/Users/turga/Embedded-SDK/Pico/pico-sdk/src/rp2_common/pico_stdio_usb/reset_interface.c.obj
                0x100042e8                tud_cdc_line_coding_cb
 .text.stdio_usb_set_chars_available_callback
                0x10004310       0x14 CMakeFiles/st7789_lvgl_demo.dir/C_/Users/turga/Embedded-SDK/Pico/pico-sdk/src/rp2_common/pico_stdio_usb/stdio_usb.c.obj
                0x10004310                stdio_usb_set_chars_available_callback
 .text.usb_irq  0x10004324       0x10 CMakeFiles/st7789_lvgl_demo.dir/C_/Users/turga/Embedded-SDK/Pico/pico-sdk/src/rp2_common/pico_stdio_usb/stdio_usb.c.obj
 .text.timer_task
                0x10004334       0x5c CMakeFiles/st7789_lvgl_demo.dir/C_/Users/turga/Embedded-SDK/Pico/pico-sdk/src/rp2_common/pico_stdio_usb/stdio_usb.c.obj
 .text.low_priority_worker_irq
                0x10004390       0xdc CMakeFiles/st7789_lvgl_demo.dir/C_/Users/turga/Embedded-SDK/Pico/pico-sdk/src/rp2_common/pico_stdio_usb/stdio_usb.c.obj
 .text.tud_cdc_rx_cb
                0x1000446c       0x20 CMakeFiles/st7789_lvgl_demo.dir/C_/Users/turga/Embedded-SDK/Pico/pico-sdk/src/rp2_common/pico_stdio_usb/stdio_usb.c.obj
                0x1000446c                tud_cdc_rx_cb
 .text.stdio_usb_init
                0x1000448c      0x11c CMakeFiles/st7789_lvgl_demo.dir/C_/Users/turga/Embedded-SDK/Pico/pico-sdk/src/rp2_common/pico_stdio_usb/stdio_usb.c.obj
                0x1000448c                stdio_usb_init
 .text.stdio_usb_connected
                0x100045a8        0xa CMakeFiles/st7789_lvgl_demo.dir/C_/Users/turga/Embedded-SDK/Pico/pico-sdk/src/rp2_common/pico_stdio_usb/stdio_usb.c.obj
                0x100045a8                stdio_usb_connected
 *fill*         0x100045b2        0x2 
 .text.stdio_usb_in_chars
                0x100045b4       0xc4 CMakeFiles/st7789_lvgl_demo.dir/C_/Users/turga/Embedded-SDK/Pico/pico-sdk/src/rp2_common/pico_stdio_usb/stdio_usb.c.obj
                0x100045b4                stdio_usb_in_chars
 .text.stdio_usb_out_chars
                0x10004678      0x114 CMakeFiles/st7789_lvgl_demo.dir/C_/Users/turga/Embedded-SDK/Pico/pico-sdk/src/rp2_common/pico_stdio_usb/stdio_usb.c.obj
 .text.tud_descriptor_device_cb
                0x1000478c        0x8 CMakeFiles/st7789_lvgl_demo.dir/C_/Users/turga/Embedded-SDK/Pico/pico-sdk/src/rp2_common/pico_stdio_usb/stdio_usb_descriptors.c.obj
                0x1000478c                tud_descriptor_device_cb
 .text.tud_descriptor_configuration_cb
                0x10004794        0x8 CMakeFiles/st7789_lvgl_demo.dir/C_/Users/turga/Embedded-SDK/Pico/pico-sdk/src/rp2_common/pico_stdio_usb/stdio_usb_descriptors.c.obj
                0x10004794                tud_descriptor_configuration_cb
 .text.tud_descriptor_string_cb
                0x1000479c       0x6c CMakeFiles/st7789_lvgl_demo.dir/C_/Users/turga/Embedded-SDK/Pico/pico-sdk/src/rp2_common/pico_stdio_usb/stdio_usb_descriptors.c.obj
                0x1000479c                tud_descriptor_string_cb
 .text._retrieve_unique_id_on_boot
                0x10004808       0x10 CMakeFiles/st7789_lvgl_demo.dir/C_/Users/turga/Embedded-SDK/Pico/pico-sdk/src/rp2_common/pico_unique_id/unique_id.c.obj
 .text.pico_get_unique_board_id_string
                0x10004818       0x60 CMakeFiles/st7789_lvgl_demo.dir/C_/Users/turga/Embedded-SDK/Pico/pico-sdk/src/rp2_common/pico_unique_id/unique_id.c.obj
                0x10004818                pico_get_unique_board_id_string
 .text.flash_get_unique_id
                0x10004878       0x46 CMakeFiles/st7789_lvgl_demo.dir/C_/Users/turga/Embedded-SDK/Pico/pico-sdk/src/rp2_common/hardware_flash/flash.c.obj
                0x10004878                flash_get_unique_id
 *fill*         0x100048be        0x2 
 .text.hw_endpoint_get_by_addr
                0x100048c0       0x18 CMakeFiles/st7789_lvgl_demo.dir/C_/Users/turga/Embedded-SDK/Pico/pico-sdk/lib/tinyusb/src/portable/raspberrypi/rp2040/dcd_rp2040.c.obj
 .text._hw_endpoint_alloc
                0x100048d8       0x70 CMakeFiles/st7789_lvgl_demo.dir/C_/Users/turga/Embedded-SDK/Pico/pico-sdk/lib/tinyusb/src/portable/raspberrypi/rp2040/dcd_rp2040.c.obj
 .text.hw_endpoint_init
                0x10004948       0x88 CMakeFiles/st7789_lvgl_demo.dir/C_/Users/turga/Embedded-SDK/Pico/pico-sdk/lib/tinyusb/src/portable/raspberrypi/rp2040/dcd_rp2040.c.obj
 .text.hw_endpoint_xfer
                0x100049d0       0x14 CMakeFiles/st7789_lvgl_demo.dir/C_/Users/turga/Embedded-SDK/Pico/pico-sdk/lib/tinyusb/src/portable/raspberrypi/rp2040/dcd_rp2040.c.obj
 .text.dcd_int_enable
                0x100049e4       0x2c CMakeFiles/st7789_lvgl_demo.dir/C_/Users/turga/Embedded-SDK/Pico/pico-sdk/lib/tinyusb/src/portable/raspberrypi/rp2040/dcd_rp2040.c.obj
                0x100049e4                dcd_int_enable
 .text.dcd_set_address
                0x10004a10       0x2c CMakeFiles/st7789_lvgl_demo.dir/C_/Users/turga/Embedded-SDK/Pico/pico-sdk/lib/tinyusb/src/portable/raspberrypi/rp2040/dcd_rp2040.c.obj
                0x10004a10                dcd_set_address
 .text.dcd_connect
                0x10004a3c       0x10 CMakeFiles/st7789_lvgl_demo.dir/C_/Users/turga/Embedded-SDK/Pico/pico-sdk/lib/tinyusb/src/portable/raspberrypi/rp2040/dcd_rp2040.c.obj
                0x10004a3c                dcd_connect
 .text.dcd_init
                0x10004a4c       0x80 CMakeFiles/st7789_lvgl_demo.dir/C_/Users/turga/Embedded-SDK/Pico/pico-sdk/lib/tinyusb/src/portable/raspberrypi/rp2040/dcd_rp2040.c.obj
                0x10004a4c                dcd_init
 .text.dcd_edpt0_status_complete
                0x10004acc       0x1c CMakeFiles/st7789_lvgl_demo.dir/C_/Users/turga/Embedded-SDK/Pico/pico-sdk/lib/tinyusb/src/portable/raspberrypi/rp2040/dcd_rp2040.c.obj
                0x10004acc                dcd_edpt0_status_complete
 .text.dcd_edpt_open
                0x10004ae8       0x40 CMakeFiles/st7789_lvgl_demo.dir/C_/Users/turga/Embedded-SDK/Pico/pico-sdk/lib/tinyusb/src/portable/raspberrypi/rp2040/dcd_rp2040.c.obj
                0x10004ae8                dcd_edpt_open
 .text.dcd_edpt_close_all
                0x10004b28        0x8 CMakeFiles/st7789_lvgl_demo.dir/C_/Users/turga/Embedded-SDK/Pico/pico-sdk/lib/tinyusb/src/portable/raspberrypi/rp2040/dcd_rp2040.c.obj
                0x10004b28                dcd_edpt_close_all
 .text.dcd_edpt_xfer
                0x10004b30       0x34 CMakeFiles/st7789_lvgl_demo.dir/C_/Users/turga/Embedded-SDK/Pico/pico-sdk/lib/tinyusb/src/portable/raspberrypi/rp2040/dcd_rp2040.c.obj
                0x10004b30                dcd_edpt_xfer
 .text.dcd_edpt_stall
                0x10004b64       0x2c CMakeFiles/st7789_lvgl_demo.dir/C_/Users/turga/Embedded-SDK/Pico/pico-sdk/lib/tinyusb/src/portable/raspberrypi/rp2040/dcd_rp2040.c.obj
                0x10004b64                dcd_edpt_stall
 .text.dcd_edpt_clear_stall
                0x10004b90       0x20 CMakeFiles/st7789_lvgl_demo.dir/C_/Users/turga/Embedded-SDK/Pico/pico-sdk/lib/tinyusb/src/portable/raspberrypi/rp2040/dcd_rp2040.c.obj
                0x10004b90                dcd_edpt_clear_stall
 .text.rp2040_usb_init
                0x10004bb0       0x4c CMakeFiles/st7789_lvgl_demo.dir/C_/Users/turga/Embedded-SDK/Pico/pico-sdk/lib/tinyusb/src/portable/raspberrypi/rp2040/rp2040_usb.c.obj
                0x10004bb0                rp2040_usb_init
 .text.hw_endpoint_xfer_start
                0x10004bfc       0x50 CMakeFiles/st7789_lvgl_demo.dir/C_/Users/turga/Embedded-SDK/Pico/pico-sdk/lib/tinyusb/src/portable/raspberrypi/rp2040/rp2040_usb.c.obj
                0x10004bfc                hw_endpoint_xfer_start
 .text.configuration_reset
                0x10004c4c       0x84 CMakeFiles/st7789_lvgl_demo.dir/C_/Users/turga/Embedded-SDK/Pico/pico-sdk/lib/tinyusb/src/device/usbd.c.obj
 .text.usbd_reset
                0x10004cd0        0xc CMakeFiles/st7789_lvgl_demo.dir/C_/Users/turga/Embedded-SDK/Pico/pico-sdk/lib/tinyusb/src/device/usbd.c.obj
 .text.invoke_class_control
                0x10004cdc       0x1a CMakeFiles/st7789_lvgl_demo.dir/C_/Users/turga/Embedded-SDK/Pico/pico-sdk/lib/tinyusb/src/device/usbd.c.obj
 *fill*         0x10004cf6        0x2 
 .text.process_set_config
                0x10004cf8      0x178 CMakeFiles/st7789_lvgl_demo.dir/C_/Users/turga/Embedded-SDK/Pico/pico-sdk/lib/tinyusb/src/device/usbd.c.obj
 .text.process_get_descriptor
                0x10004e70       0xdc CMakeFiles/st7789_lvgl_demo.dir/C_/Users/turga/Embedded-SDK/Pico/pico-sdk/lib/tinyusb/src/device/usbd.c.obj
 .text.tud_mounted
                0x10004f4c       0x10 CMakeFiles/st7789_lvgl_demo.dir/C_/Users/turga/Embedded-SDK/Pico/pico-sdk/lib/tinyusb/src/device/usbd.c.obj
                0x10004f4c                tud_mounted
 .text.tud_suspended
                0x10004f5c       0x10 CMakeFiles/st7789_lvgl_demo.dir/C_/Users/turga/Embedded-SDK/Pico/pico-sdk/lib/tinyusb/src/device/usbd.c.obj
                0x10004f5c                tud_suspended
 .text.tud_inited
                0x10004f6c       0x14 CMakeFiles/st7789_lvgl_demo.dir/C_/Users/turga/Embedded-SDK/Pico/pico-sdk/lib/tinyusb/src/device/usbd.c.obj
                0x10004f6c                tud_inited
 .text.tud_init
                0x10004f80       0xcc CMakeFiles/st7789_lvgl_demo.dir/C_/Users/turga/Embedded-SDK/Pico/pico-sdk/lib/tinyusb/src/device/usbd.c.obj
                0x10004f80                tud_init
 .text.usbd_defer_func
                0x1000504c       0x2a CMakeFiles/st7789_lvgl_demo.dir/C_/Users/turga/Embedded-SDK/Pico/pico-sdk/lib/tinyusb/src/device/usbd.c.obj
                0x1000504c                usbd_defer_func
 *fill*         0x10005076        0x2 
 .text.usbd_edpt_open
                0x10005078       0x34 CMakeFiles/st7789_lvgl_demo.dir/C_/Users/turga/Embedded-SDK/Pico/pico-sdk/lib/tinyusb/src/device/usbd.c.obj
                0x10005078                usbd_edpt_open
 .text.usbd_open_edpt_pair
                0x100050ac       0x62 CMakeFiles/st7789_lvgl_demo.dir/C_/Users/turga/Embedded-SDK/Pico/pico-sdk/lib/tinyusb/src/device/usbd.c.obj
                0x100050ac                usbd_open_edpt_pair
 *fill*         0x1000510e        0x2 
 .text.usbd_edpt_claim
                0x10005110       0x28 CMakeFiles/st7789_lvgl_demo.dir/C_/Users/turga/Embedded-SDK/Pico/pico-sdk/lib/tinyusb/src/device/usbd.c.obj
                0x10005110                usbd_edpt_claim
 .text.usbd_edpt_release
                0x10005138       0x28 CMakeFiles/st7789_lvgl_demo.dir/C_/Users/turga/Embedded-SDK/Pico/pico-sdk/lib/tinyusb/src/device/usbd.c.obj
                0x10005138                usbd_edpt_release
 .text.usbd_edpt_xfer
                0x10005160       0x78 CMakeFiles/st7789_lvgl_demo.dir/C_/Users/turga/Embedded-SDK/Pico/pico-sdk/lib/tinyusb/src/device/usbd.c.obj
                0x10005160                usbd_edpt_xfer
 .text.usbd_edpt_stall
                0x100051d8       0x48 CMakeFiles/st7789_lvgl_demo.dir/C_/Users/turga/Embedded-SDK/Pico/pico-sdk/lib/tinyusb/src/device/usbd.c.obj
                0x100051d8                usbd_edpt_stall
 .text.usbd_edpt_clear_stall
                0x10005220       0x48 CMakeFiles/st7789_lvgl_demo.dir/C_/Users/turga/Embedded-SDK/Pico/pico-sdk/lib/tinyusb/src/device/usbd.c.obj
                0x10005220                usbd_edpt_clear_stall
 .text.usbd_edpt_stalled
                0x10005268       0x1c CMakeFiles/st7789_lvgl_demo.dir/C_/Users/turga/Embedded-SDK/Pico/pico-sdk/lib/tinyusb/src/device/usbd.c.obj
                0x10005268                usbd_edpt_stalled
 .text.process_control_request
                0x10005284      0x37c CMakeFiles/st7789_lvgl_demo.dir/C_/Users/turga/Embedded-SDK/Pico/pico-sdk/lib/tinyusb/src/device/usbd.c.obj
 .text.tud_task_ext
                0x10005600      0x1b8 CMakeFiles/st7789_lvgl_demo.dir/C_/Users/turga/Embedded-SDK/Pico/pico-sdk/lib/tinyusb/src/device/usbd.c.obj
                0x10005600                tud_task_ext
 .text._data_stage_xact
                0x100057b8       0x58 CMakeFiles/st7789_lvgl_demo.dir/C_/Users/turga/Embedded-SDK/Pico/pico-sdk/lib/tinyusb/src/device/usbd_control.c.obj
 .text.tud_control_status
                0x10005810       0x38 CMakeFiles/st7789_lvgl_demo.dir/C_/Users/turga/Embedded-SDK/Pico/pico-sdk/lib/tinyusb/src/device/usbd_control.c.obj
                0x10005810                tud_control_status
 .text.tud_control_xfer
                0x10005848       0x74 CMakeFiles/st7789_lvgl_demo.dir/C_/Users/turga/Embedded-SDK/Pico/pico-sdk/lib/tinyusb/src/device/usbd_control.c.obj
                0x10005848                tud_control_xfer
 .text.usbd_control_reset
                0x100058bc       0x14 CMakeFiles/st7789_lvgl_demo.dir/C_/Users/turga/Embedded-SDK/Pico/pico-sdk/lib/tinyusb/src/device/usbd_control.c.obj
                0x100058bc                usbd_control_reset
 .text.usbd_control_set_complete_callback
                0x100058d0        0xc CMakeFiles/st7789_lvgl_demo.dir/C_/Users/turga/Embedded-SDK/Pico/pico-sdk/lib/tinyusb/src/device/usbd_control.c.obj
                0x100058d0                usbd_control_set_complete_callback
 .text.usbd_control_set_request
                0x100058dc       0x1c CMakeFiles/st7789_lvgl_demo.dir/C_/Users/turga/Embedded-SDK/Pico/pico-sdk/lib/tinyusb/src/device/usbd_control.c.obj
                0x100058dc                usbd_control_set_request
 .text.usbd_control_xfer_cb
                0x100058f8       0xcc CMakeFiles/st7789_lvgl_demo.dir/C_/Users/turga/Embedded-SDK/Pico/pico-sdk/lib/tinyusb/src/device/usbd_control.c.obj
                0x100058f8                usbd_control_xfer_cb
 .text._prep_out_transaction
                0x100059c4       0x4a CMakeFiles/st7789_lvgl_demo.dir/C_/Users/turga/Embedded-SDK/Pico/pico-sdk/lib/tinyusb/src/class/cdc/cdc_device.c.obj
 *fill*         0x10005a0e        0x2 
 .text.tud_cdc_n_connected
                0x10005a10       0x44 CMakeFiles/st7789_lvgl_demo.dir/C_/Users/turga/Embedded-SDK/Pico/pico-sdk/lib/tinyusb/src/class/cdc/cdc_device.c.obj
                0x10005a10                tud_cdc_n_connected
 .text.tud_cdc_n_available
                0x10005a54       0x18 CMakeFiles/st7789_lvgl_demo.dir/C_/Users/turga/Embedded-SDK/Pico/pico-sdk/lib/tinyusb/src/class/cdc/cdc_device.c.obj
                0x10005a54                tud_cdc_n_available
 .text.tud_cdc_n_read
                0x10005a6c       0x28 CMakeFiles/st7789_lvgl_demo.dir/C_/Users/turga/Embedded-SDK/Pico/pico-sdk/lib/tinyusb/src/class/cdc/cdc_device.c.obj
                0x10005a6c                tud_cdc_n_read
 .text.tud_cdc_n_write_flush
                0x10005a94       0xb8 CMakeFiles/st7789_lvgl_demo.dir/C_/Users/turga/Embedded-SDK/Pico/pico-sdk/lib/tinyusb/src/class/cdc/cdc_device.c.obj
                0x10005a94                tud_cdc_n_write_flush
 .text.tud_cdc_n_write
                0x10005b4c       0x38 CMakeFiles/st7789_lvgl_demo.dir/C_/Users/turga/Embedded-SDK/Pico/pico-sdk/lib/tinyusb/src/class/cdc/cdc_device.c.obj
                0x10005b4c                tud_cdc_n_write
 .text.tud_cdc_n_write_available
                0x10005b84       0x1c CMakeFiles/st7789_lvgl_demo.dir/C_/Users/turga/Embedded-SDK/Pico/pico-sdk/lib/tinyusb/src/class/cdc/cdc_device.c.obj
                0x10005b84                tud_cdc_n_write_available
 .text.cdcd_init
                0x10005ba0       0xbc CMakeFiles/st7789_lvgl_demo.dir/C_/Users/turga/Embedded-SDK/Pico/pico-sdk/lib/tinyusb/src/class/cdc/cdc_device.c.obj
                0x10005ba0                cdcd_init
 .text.cdcd_reset
                0x10005c5c       0x44 CMakeFiles/st7789_lvgl_demo.dir/C_/Users/turga/Embedded-SDK/Pico/pico-sdk/lib/tinyusb/src/class/cdc/cdc_device.c.obj
                0x10005c5c                cdcd_reset
 .text.cdcd_open
                0x10005ca0       0xcc CMakeFiles/st7789_lvgl_demo.dir/C_/Users/turga/Embedded-SDK/Pico/pico-sdk/lib/tinyusb/src/class/cdc/cdc_device.c.obj
                0x10005ca0                cdcd_open
 .text.cdcd_control_xfer_cb
                0x10005d6c      0x134 CMakeFiles/st7789_lvgl_demo.dir/C_/Users/turga/Embedded-SDK/Pico/pico-sdk/lib/tinyusb/src/class/cdc/cdc_device.c.obj
                0x10005d6c                cdcd_control_xfer_cb
 .text.cdcd_xfer_cb
                0x10005ea0      0x130 CMakeFiles/st7789_lvgl_demo.dir/C_/Users/turga/Embedded-SDK/Pico/pico-sdk/lib/tinyusb/src/class/cdc/cdc_device.c.obj
                0x10005ea0                cdcd_xfer_cb
 .text.tusb_init
                0x10005fd0        0xa CMakeFiles/st7789_lvgl_demo.dir/C_/Users/turga/Embedded-SDK/Pico/pico-sdk/lib/tinyusb/src/tusb.c.obj
                0x10005fd0                tusb_init
 .text.tusb_inited
                0x10005fda        0xe CMakeFiles/st7789_lvgl_demo.dir/C_/Users/turga/Embedded-SDK/Pico/pico-sdk/lib/tinyusb/src/tusb.c.obj
                0x10005fda                tusb_inited
 .text.tu_edpt_claim
                0x10005fe8       0x50 CMakeFiles/st7789_lvgl_demo.dir/C_/Users/turga/Embedded-SDK/Pico/pico-sdk/lib/tinyusb/src/tusb.c.obj
                0x10005fe8                tu_edpt_claim
 .text.tu_edpt_release
                0x10006038       0x3c CMakeFiles/st7789_lvgl_demo.dir/C_/Users/turga/Embedded-SDK/Pico/pico-sdk/lib/tinyusb/src/tusb.c.obj
                0x10006038                tu_edpt_release
 .text.tu_edpt_validate
                0x10006074       0x78 CMakeFiles/st7789_lvgl_demo.dir/C_/Users/turga/Embedded-SDK/Pico/pico-sdk/lib/tinyusb/src/tusb.c.obj
                0x10006074                tu_edpt_validate
 .text.tu_edpt_bind_driver
                0x100060ec       0x26 CMakeFiles/st7789_lvgl_demo.dir/C_/Users/turga/Embedded-SDK/Pico/pico-sdk/lib/tinyusb/src/tusb.c.obj
                0x100060ec                tu_edpt_bind_driver
 .text.advance_index
                0x10006112       0x1a CMakeFiles/st7789_lvgl_demo.dir/C_/Users/turga/Embedded-SDK/Pico/pico-sdk/lib/tinyusb/src/common/tusb_fifo.c.obj
 .text._tu_fifo_peek
                0x1000612c       0x56 CMakeFiles/st7789_lvgl_demo.dir/C_/Users/turga/Embedded-SDK/Pico/pico-sdk/lib/tinyusb/src/common/tusb_fifo.c.obj
 .text._ff_pull_const_addr
                0x10006182       0x4c CMakeFiles/st7789_lvgl_demo.dir/C_/Users/turga/Embedded-SDK/Pico/pico-sdk/lib/tinyusb/src/common/tusb_fifo.c.obj
 .text._ff_pull_n
                0x100061ce      0x110 CMakeFiles/st7789_lvgl_demo.dir/C_/Users/turga/Embedded-SDK/Pico/pico-sdk/lib/tinyusb/src/common/tusb_fifo.c.obj
 .text._tu_fifo_peek_n
                0x100062de       0x6a CMakeFiles/st7789_lvgl_demo.dir/C_/Users/turga/Embedded-SDK/Pico/pico-sdk/lib/tinyusb/src/common/tusb_fifo.c.obj
 .text._tu_fifo_read_n
                0x10006348       0x4e CMakeFiles/st7789_lvgl_demo.dir/C_/Users/turga/Embedded-SDK/Pico/pico-sdk/lib/tinyusb/src/common/tusb_fifo.c.obj
 .text._ff_push_const_addr
                0x10006396       0x40 CMakeFiles/st7789_lvgl_demo.dir/C_/Users/turga/Embedded-SDK/Pico/pico-sdk/lib/tinyusb/src/common/tusb_fifo.c.obj
 .text._ff_push_n
                0x100063d6      0x10c CMakeFiles/st7789_lvgl_demo.dir/C_/Users/turga/Embedded-SDK/Pico/pico-sdk/lib/tinyusb/src/common/tusb_fifo.c.obj
 .text._tu_fifo_write_n
                0x100064e2       0xf0 CMakeFiles/st7789_lvgl_demo.dir/C_/Users/turga/Embedded-SDK/Pico/pico-sdk/lib/tinyusb/src/common/tusb_fifo.c.obj
 .text.tu_fifo_config
                0x100065d2       0x7c CMakeFiles/st7789_lvgl_demo.dir/C_/Users/turga/Embedded-SDK/Pico/pico-sdk/lib/tinyusb/src/common/tusb_fifo.c.obj
                0x100065d2                tu_fifo_config
 .text.tu_fifo_count
                0x1000664e       0x2a CMakeFiles/st7789_lvgl_demo.dir/C_/Users/turga/Embedded-SDK/Pico/pico-sdk/lib/tinyusb/src/common/tusb_fifo.c.obj
                0x1000664e                tu_fifo_count
 .text.tu_fifo_empty
                0x10006678       0x10 CMakeFiles/st7789_lvgl_demo.dir/C_/Users/turga/Embedded-SDK/Pico/pico-sdk/lib/tinyusb/src/common/tusb_fifo.c.obj
                0x10006678                tu_fifo_empty
 .text.tu_fifo_full
                0x10006688       0x28 CMakeFiles/st7789_lvgl_demo.dir/C_/Users/turga/Embedded-SDK/Pico/pico-sdk/lib/tinyusb/src/common/tusb_fifo.c.obj
                0x10006688                tu_fifo_full
 .text.tu_fifo_remaining
                0x100066b0       0x2c CMakeFiles/st7789_lvgl_demo.dir/C_/Users/turga/Embedded-SDK/Pico/pico-sdk/lib/tinyusb/src/common/tusb_fifo.c.obj
                0x100066b0                tu_fifo_remaining
 .text.tu_fifo_read
                0x100066dc       0x42 CMakeFiles/st7789_lvgl_demo.dir/C_/Users/turga/Embedded-SDK/Pico/pico-sdk/lib/tinyusb/src/common/tusb_fifo.c.obj
                0x100066dc                tu_fifo_read
 .text.tu_fifo_read_n
                0x1000671e        0xa CMakeFiles/st7789_lvgl_demo.dir/C_/Users/turga/Embedded-SDK/Pico/pico-sdk/lib/tinyusb/src/common/tusb_fifo.c.obj
                0x1000671e                tu_fifo_read_n
 .text.tu_fifo_write
                0x10006728       0x64 CMakeFiles/st7789_lvgl_demo.dir/C_/Users/turga/Embedded-SDK/Pico/pico-sdk/lib/tinyusb/src/common/tusb_fifo.c.obj
                0x10006728                tu_fifo_write
 .text.tu_fifo_write_n
                0x1000678c        0xa CMakeFiles/st7789_lvgl_demo.dir/C_/Users/turga/Embedded-SDK/Pico/pico-sdk/lib/tinyusb/src/common/tusb_fifo.c.obj
                0x1000678c                tu_fifo_write_n
 .text.tu_fifo_clear
                0x10006796       0x3e CMakeFiles/st7789_lvgl_demo.dir/C_/Users/turga/Embedded-SDK/Pico/pico-sdk/lib/tinyusb/src/common/tusb_fifo.c.obj
                0x10006796                tu_fifo_clear
 .text.tu_fifo_set_overwritable
                0x100067d4       0x46 CMakeFiles/st7789_lvgl_demo.dir/C_/Users/turga/Embedded-SDK/Pico/pico-sdk/lib/tinyusb/src/common/tusb_fifo.c.obj
                0x100067d4                tu_fifo_set_overwritable
 .text.spi_set_baudrate
                0x1000681a       0xcc CMakeFiles/st7789_lvgl_demo.dir/C_/Users/turga/Embedded-SDK/Pico/pico-sdk/src/rp2_common/hardware_spi/spi.c.obj
                0x1000681a                spi_set_baudrate
 *fill*         0x100068e6        0x2 
 .text.spi_init
                0x100068e8       0x74 CMakeFiles/st7789_lvgl_demo.dir/C_/Users/turga/Embedded-SDK/Pico/pico-sdk/src/rp2_common/hardware_spi/spi.c.obj
                0x100068e8                spi_init
 .text          0x1000695c     0x1d1c ..\lib\liblvgl.a(lv_obj_pos.c.obj)
                0x10006aac                lv_obj_set_x
                0x10006adc                lv_obj_set_y
                0x10006b0c                lv_obj_set_pos
                0x10006b20                lv_obj_set_width
                0x10006b50                lv_obj_set_height
                0x10006b80                lv_obj_set_size
                0x10006b94                lv_obj_set_content_width
                0x10006c14                lv_obj_set_content_height
                0x10006c94                lv_obj_is_layout_positioned
                0x10006ccc                lv_obj_mark_layout_as_dirty
                0x10006cf2                lv_obj_set_layout
                0x10006d06                lv_obj_set_align
                0x10006d10                lv_obj_align
                0x10006d2a                lv_obj_get_coords
                0x10006d3c                lv_obj_get_x
                0x10006d98                lv_obj_get_y
                0x10006df4                lv_obj_get_x_aligned
                0x10006e06                lv_obj_get_y_aligned
                0x10006e18                lv_obj_get_width
                0x10006e22                lv_obj_get_x2
                0x10006e36                lv_obj_get_height
                0x10006e40                lv_obj_get_y2
                0x10006e54                lv_obj_get_content_width
                0x10006ed0                lv_obj_get_content_height
                0x10006f4c                lv_obj_get_content_coords
                0x10007038                lv_obj_get_self_width
                0x100072b8                lv_obj_get_self_height
                0x1000745c                lv_obj_refresh_self_size
                0x10007498                lv_obj_move_children_by
                0x10007508                lv_obj_transform_point
                0x10007572                lv_obj_get_transformed_area
                0x10007638                lv_obj_area_is_visible
                0x1000774a                lv_obj_invalidate_area
                0x1000778e                lv_obj_invalidate
                0x100077c6                lv_obj_move_to
                0x1000792c                lv_obj_refr_pos
                0x10007ba8                lv_obj_is_visible
                0x10007be0                lv_obj_set_ext_click_area
                0x10007bf0                lv_obj_get_click_area
                0x10007c16                lv_obj_hit_test
                0x10007c68                lv_clamp_width
                0x10007ce8                lv_clamp_height
                0x10007d68                lv_obj_refr_size
                0x10008164                lv_obj_update_layout
                0x100081a8                lv_obj_align_to
 .text          0x10008678     0x13ac ..\lib\liblvgl.a(lv_obj_scroll.c.obj)
                0x10008686                lv_obj_set_scrollbar_mode
                0x100086b6                lv_obj_set_scroll_dir
                0x100086e4                lv_obj_set_scroll_snap_x
                0x10008704                lv_obj_set_scroll_snap_y
                0x10008724                lv_obj_get_scrollbar_mode
                0x10008738                lv_obj_get_scroll_dir
                0x1000874a                lv_obj_get_scroll_snap_x
                0x1000875e                lv_obj_get_scroll_snap_y
                0x10008772                lv_obj_get_scroll_x
                0x10008782                lv_obj_get_scroll_y
                0x10008792                lv_obj_get_scroll_top
                0x100087a2                lv_obj_get_scroll_bottom
                0x10008894                lv_obj_get_scroll_left
                0x100089bc                lv_obj_get_scroll_right
                0x10008ad0                lv_obj_get_scroll_end
                0x10008b14                _lv_obj_scroll_by_raw
                0x10008b8c                lv_obj_scroll_by
                0x10008c90                lv_obj_scroll_by_bounded
                0x10008d70                lv_obj_scroll_to_x
                0x10008d98                lv_obj_scroll_to_y
                0x10008dc0                lv_obj_scroll_to
                0x1000917c                lv_obj_scroll_to_view
                0x100091a0                lv_obj_scroll_to_view_recursive
                0x100091dc                lv_obj_is_scrolling
                0x10009208                lv_obj_update_snap
                0x1000922c                lv_obj_get_scrollbar_area
                0x10009938                lv_obj_scrollbar_invalidate
                0x10009986                lv_obj_readjust_scroll
 .text          0x10009a24     0x1648 ..\lib\liblvgl.a(lv_obj_style.c.obj)
                0x10009fcc                _lv_obj_style_init
                0x10009fdc                _lv_obj_style_deinit
                0x1000a004                lv_obj_enable_style_refresh
                0x1000a010                lv_obj_get_style_prop
                0x1000a156                lv_obj_refresh_style
                0x1000a2b4                lv_obj_replace_style
                0x1000a3a8                lv_obj_remove_style
                0x1000a4f0                lv_obj_remove_style_all
                0x1000a5a8                lv_obj_add_style
                0x1000a6fe                lv_obj_report_style_change
                0x1000a9a4                lv_obj_has_style_prop
                0x1000a9c6                lv_obj_set_local_style_prop
                0x1000aa08                lv_obj_get_local_style_prop
                0x1000aa3e                lv_obj_remove_local_style_prop
                0x1000aaac                _lv_obj_style_create_transition
                0x1000ac60                _lv_obj_style_apply_color_filter
                0x1000acb8                _lv_obj_style_state_compare
                0x1000af34                lv_obj_fade_in
                0x1000af74                lv_obj_fade_out
                0x1000afbc                lv_obj_calculate_style_text_align
                0x1000afe6                lv_obj_get_style_opa_recursive
 .text          0x1000b06c      0x910 ..\lib\liblvgl.a(lv_obj_style_gen.c.obj)
                0x1000b06c                lv_obj_set_style_width
                0x1000b080                lv_obj_set_style_min_width
                0x1000b094                lv_obj_set_style_max_width
                0x1000b0a8                lv_obj_set_style_height
                0x1000b0bc                lv_obj_set_style_min_height
                0x1000b0d0                lv_obj_set_style_max_height
                0x1000b0e4                lv_obj_set_style_length
                0x1000b0f8                lv_obj_set_style_x
                0x1000b10c                lv_obj_set_style_y
                0x1000b120                lv_obj_set_style_align
                0x1000b134                lv_obj_set_style_transform_width
                0x1000b148                lv_obj_set_style_transform_height
                0x1000b15c                lv_obj_set_style_translate_x
                0x1000b170                lv_obj_set_style_translate_y
                0x1000b184                lv_obj_set_style_transform_scale_x
                0x1000b198                lv_obj_set_style_transform_scale_y
                0x1000b1ac                lv_obj_set_style_transform_rotation
                0x1000b1c0                lv_obj_set_style_transform_pivot_x
                0x1000b1d4                lv_obj_set_style_transform_pivot_y
                0x1000b1e8                lv_obj_set_style_transform_skew_x
                0x1000b1fc                lv_obj_set_style_transform_skew_y
                0x1000b210                lv_obj_set_style_pad_top
                0x1000b224                lv_obj_set_style_pad_bottom
                0x1000b238                lv_obj_set_style_pad_left
                0x1000b24c                lv_obj_set_style_pad_right
                0x1000b260                lv_obj_set_style_pad_row
                0x1000b274                lv_obj_set_style_pad_column
                0x1000b288                lv_obj_set_style_margin_top
                0x1000b29c                lv_obj_set_style_margin_bottom
                0x1000b2b0                lv_obj_set_style_margin_left
                0x1000b2c4                lv_obj_set_style_margin_right
                0x1000b2d8                lv_obj_set_style_bg_color
                0x1000b2fc                lv_obj_set_style_bg_opa
                0x1000b310                lv_obj_set_style_bg_grad_color
                0x1000b334                lv_obj_set_style_bg_grad_dir
                0x1000b348                lv_obj_set_style_bg_main_stop
                0x1000b35c                lv_obj_set_style_bg_grad_stop
                0x1000b370                lv_obj_set_style_bg_main_opa
                0x1000b384                lv_obj_set_style_bg_grad_opa
                0x1000b398                lv_obj_set_style_bg_grad
                0x1000b3ac                lv_obj_set_style_bg_image_src
                0x1000b3c0                lv_obj_set_style_bg_image_opa
                0x1000b3d4                lv_obj_set_style_bg_image_recolor
                0x1000b3f8                lv_obj_set_style_bg_image_recolor_opa
                0x1000b40c                lv_obj_set_style_bg_image_tiled
                0x1000b420                lv_obj_set_style_border_color
                0x1000b444                lv_obj_set_style_border_opa
                0x1000b458                lv_obj_set_style_border_width
                0x1000b46c                lv_obj_set_style_border_side
                0x1000b480                lv_obj_set_style_border_post
                0x1000b494                lv_obj_set_style_outline_width
                0x1000b4a8                lv_obj_set_style_outline_color
                0x1000b4cc                lv_obj_set_style_outline_opa
                0x1000b4e0                lv_obj_set_style_outline_pad
                0x1000b4f4                lv_obj_set_style_shadow_width
                0x1000b508                lv_obj_set_style_shadow_offset_x
                0x1000b51c                lv_obj_set_style_shadow_offset_y
                0x1000b530                lv_obj_set_style_shadow_spread
                0x1000b544                lv_obj_set_style_shadow_color
                0x1000b568                lv_obj_set_style_shadow_opa
                0x1000b57c                lv_obj_set_style_image_opa
                0x1000b590                lv_obj_set_style_image_recolor
                0x1000b5b4                lv_obj_set_style_image_recolor_opa
                0x1000b5c8                lv_obj_set_style_line_width
                0x1000b5dc                lv_obj_set_style_line_dash_width
                0x1000b5f0                lv_obj_set_style_line_dash_gap
                0x1000b604                lv_obj_set_style_line_rounded
                0x1000b618                lv_obj_set_style_line_color
                0x1000b63c                lv_obj_set_style_line_opa
                0x1000b650                lv_obj_set_style_arc_width
                0x1000b664                lv_obj_set_style_arc_rounded
                0x1000b678                lv_obj_set_style_arc_color
                0x1000b69c                lv_obj_set_style_arc_opa
                0x1000b6b0                lv_obj_set_style_arc_image_src
                0x1000b6c4                lv_obj_set_style_text_color
                0x1000b6e8                lv_obj_set_style_text_opa
                0x1000b6fc                lv_obj_set_style_text_font
                0x1000b710                lv_obj_set_style_text_letter_space
                0x1000b724                lv_obj_set_style_text_line_space
                0x1000b738                lv_obj_set_style_text_decor
                0x1000b74c                lv_obj_set_style_text_align
                0x1000b760                lv_obj_set_style_radius
                0x1000b774                lv_obj_set_style_clip_corner
                0x1000b788                lv_obj_set_style_opa
                0x1000b79c                lv_obj_set_style_opa_layered
                0x1000b7b0                lv_obj_set_style_color_filter_dsc
                0x1000b7c4                lv_obj_set_style_color_filter_opa
                0x1000b7d8                lv_obj_set_style_anim
                0x1000b7ec                lv_obj_set_style_anim_duration
                0x1000b800                lv_obj_set_style_transition
                0x1000b814                lv_obj_set_style_blend_mode
                0x1000b828                lv_obj_set_style_layout
                0x1000b83c                lv_obj_set_style_base_dir
                0x1000b850                lv_obj_set_style_flex_flow
                0x1000b864                lv_obj_set_style_flex_main_place
                0x1000b878                lv_obj_set_style_flex_cross_place
                0x1000b88c                lv_obj_set_style_flex_track_place
                0x1000b8a0                lv_obj_set_style_flex_grow
                0x1000b8b4                lv_obj_set_style_grid_column_dsc_array
                0x1000b8c8                lv_obj_set_style_grid_column_align
                0x1000b8dc                lv_obj_set_style_grid_row_dsc_array
                0x1000b8f0                lv_obj_set_style_grid_row_align
                0x1000b904                lv_obj_set_style_grid_cell_column_pos
                0x1000b918                lv_obj_set_style_grid_cell_x_align
                0x1000b92c                lv_obj_set_style_grid_cell_column_span
                0x1000b940                lv_obj_set_style_grid_cell_row_pos
                0x1000b954                lv_obj_set_style_grid_cell_y_align
                0x1000b968                lv_obj_set_style_grid_cell_row_span
 .text          0x1000b97c      0x7ac ..\lib\liblvgl.a(lv_obj_tree.c.obj)
                0x1000b9a6                lv_obj_delete_delayed
                0x1000b9d4                lv_obj_delete_async
                0x1000b9e4                lv_obj_get_parent
                0x1000b9ec                lv_obj_get_screen
                0x1000b9fc                lv_obj_get_display
                0x1000ba44                lv_obj_get_child
                0x1000baba                lv_obj_get_child_by_type
                0x1000bb12                lv_obj_get_child_count
                0x1000bba0                lv_obj_get_child_count_by_type
                0x1000bbca                lv_obj_get_index
                0x1000bd74                lv_obj_delete
                0x1000bdf4                lv_obj_delete_anim_completed_cb
                0x1000bdfe                lv_obj_clean
                0x1000be60                lv_obj_set_parent
                0x1000bf34                lv_obj_move_to_index
                0x1000bfb4                lv_obj_swap
                0x1000c052                lv_obj_get_sibling
                0x1000c074                lv_obj_get_index_by_type
                0x1000c0b6                lv_obj_get_sibling_by_type
                0x1000c0dc                lv_obj_tree_walk
                0x1000c0e4                lv_obj_dump_tree
 .text          0x1000c128     0x120c ..\lib\liblvgl.a(lv_refr.c.obj)
                0x1000c6e0                _lv_refr_init
                0x1000c6e2                _lv_refr_deinit
                0x1000c6e4                lv_obj_redraw
                0x1000d074                _lv_inv_area
                0x1000d17a                _lv_refr_get_disp_refreshing
                0x1000d184                _lv_refr_set_disp_refreshing
                0x1000d190                _lv_display_refr_timer
                0x1000d2f0                lv_refr_now
 .text          0x1000d334     0x1080 ..\lib\liblvgl.a(lv_display.c.obj)
                0x1000d454                lv_display_set_default
                0x1000d460                lv_display_get_default
                0x1000d46c                lv_display_get_next
                0x1000d488                lv_display_set_physical_resolution
                0x1000d4ac                lv_display_set_offset
                0x1000d4d0                lv_display_set_dpi
                0x1000d4e6                lv_display_get_horizontal_resolution
                0x1000d514                lv_display_get_vertical_resolution
                0x1000d542                lv_display_get_physical_horizontal_resolution
                0x1000d580                lv_display_get_physical_vertical_resolution
                0x1000d5be                lv_display_get_offset_x
                0x1000d60a                lv_display_get_offset_y
                0x1000d656                lv_display_get_dpi
                0x1000d66e                lv_display_set_draw_buffers
                0x1000d68a                lv_display_set_render_mode
                0x1000d6a2                lv_display_set_flush_cb
                0x1000d6b8                lv_display_set_flush_wait_cb
                0x1000d6ce                lv_display_get_color_format
                0x1000d6e8                lv_display_set_buffers
                0x1000d7de                lv_display_set_antialiasing
                0x1000d802                lv_display_get_antialiasing
                0x1000d820                lv_display_flush_ready
                0x1000d826                lv_display_flush_is_last
                0x1000d830                lv_display_is_double_buffered
                0x1000d83a                lv_display_get_screen_active
                0x1000d87c                lv_display_get_screen_prev
                0x1000d894                lv_display_get_layer_top
                0x1000d8ac                lv_display_get_layer_sys
                0x1000d8c4                lv_display_get_layer_bottom
                0x1000d8dc                lv_screen_load_anim
                0x1000dc48                lv_screen_load
                0x1000dc5c                lv_display_add_event_cb
                0x1000dc72                lv_display_create
                0x1000de48                lv_display_get_event_count
                0x1000de5e                lv_display_get_event_dsc
                0x1000de74                lv_display_delete_event
                0x1000de8a                lv_display_remove_event_cb_with_user_data
                0x1000dee4                lv_display_send_event
                0x1000df28                lv_display_delete
                0x1000e148                lv_display_set_resolution
                0x1000e172                lv_display_set_color_format
                0x1000e19a                lv_display_set_rotation
                0x1000e1c6                lv_display_get_rotation
                0x1000e1e6                lv_display_set_theme
                0x1000e24a                lv_display_get_theme
                0x1000e25e                lv_display_get_inactive_time
                0x1000e2a0                lv_display_trigger_activity
                0x1000e2be                lv_display_enable_invalidation
                0x1000e2ec                lv_display_is_invalidation_enabled
                0x1000e30e                lv_display_get_refr_timer
                0x1000e326                lv_display_delete_refr_timer
                0x1000e350                lv_display_set_user_data
                0x1000e36a                lv_display_set_driver_data
                0x1000e384                lv_display_get_user_data
                0x1000e39c                lv_display_get_driver_data
 .text          0x1000e3b4      0x4b4 ..\lib\liblvgl.a(lv_draw.c.obj)
                0x1000e3ee                lv_draw_init
                0x1000e3f0                lv_draw_deinit
                0x1000e424                lv_draw_create_unit
                0x1000e43c                lv_draw_add_task
                0x1000e488                lv_draw_dispatch_wait_for_request
                0x1000e4a0                lv_draw_dispatch_request
                0x1000e4b0                lv_draw_dispatch_layer
                0x1000e614                lv_draw_dispatch
                0x1000e658                lv_draw_finalize_task_creation
                0x1000e6f4                lv_draw_get_next_available_task
                0x1000e770                lv_draw_get_dependent_count
                0x1000e7b0                lv_draw_layer_create
                0x1000e80a                lv_draw_layer_alloc_buf
                0x1000e85e                lv_draw_layer_go_to_xy
 .text          0x1000e868      0x654 ..\lib\liblvgl.a(lv_draw_buf.c.obj)
                0x1000e8c4                _lv_draw_buf_init_handlers
                0x1000e908                lv_draw_buf_get_handlers
                0x1000e910                lv_draw_buf_width_to_stride
                0x1000e97c                lv_draw_buf_align
                0x1000e994                lv_draw_buf_invalidate_cache
                0x1000e9a8                lv_draw_buf_init
                0x1000ea14                lv_draw_buf_create
                0x1000ea92                lv_draw_buf_dup
                0x1000eac6                lv_draw_buf_reshape
                0x1000eb10                lv_draw_buf_destroy
                0x1000eb2e                lv_draw_buf_goto_xy
                0x1000eb5c                lv_draw_buf_clear
                0x1000ebe2                lv_draw_buf_copy
                0x1000ecaa                lv_draw_buf_adjust_stride
                0x1000ed38                lv_draw_buf_premultiply
 .text          0x1000eebc      0x42c ..\lib\liblvgl.a(lv_draw_image.c.obj)
                0x1000efb8                lv_draw_image_dsc_init
                0x1000f01c                lv_draw_layer
                0x1000f098                lv_draw_image
                0x1000f130                lv_image_src_get_type
                0x1000f156                _lv_draw_image_normal_helper
                0x1000f212                _lv_draw_image_tiled_helper
 .text          0x1000f2e8       0x86 ..\lib\liblvgl.a(lv_draw_mask.c.obj)
                0x1000f2e8                lv_draw_mask_rect_dsc_init
                0x1000f2f4                lv_draw_mask_rect
 .text          0x1000f36e      0x14c ..\lib\liblvgl.a(lv_image_buf.c.obj)
                0x1000f36e                lv_image_buf_set_palette
                0x1000f392                lv_image_buf_free
                0x1000f3aa                _lv_image_buf_get_transformed_area
 *fill*         0x1000f4ba        0x2 
 .text          0x1000f4bc      0x244 ..\lib\liblvgl.a(lv_image_decoder.c.obj)
                0x1000f54c                _lv_image_decoder_init
                0x1000f55c                _lv_image_decoder_deinit
                0x1000f56c                lv_image_decoder_get_info
                0x1000f57e                lv_image_decoder_open
                0x1000f5e8                lv_image_decoder_get_area
                0x1000f602                lv_image_decoder_close
                0x1000f62a                lv_image_decoder_create
                0x1000f648                lv_image_decoder_delete
                0x1000f660                lv_image_decoder_get_next
                0x1000f67c                lv_image_decoder_set_info_cb
                0x1000f680                lv_image_decoder_set_open_cb
                0x1000f684                lv_image_decoder_set_get_area_cb
                0x1000f688                lv_image_decoder_set_close_cb
                0x1000f68c                lv_image_decoder_set_cache_free_cb
                0x1000f690                lv_image_decoder_post_process
 .text          0x1000f700     0x1634 ..\lib\liblvgl.a(lv_draw_sw_mask.c.obj)
                0x100107c4                lv_draw_sw_mask_init
                0x100107d4                lv_draw_sw_mask_deinit
                0x100107e4                lv_draw_sw_mask_apply
                0x10010846                lv_draw_sw_mask_free_param
                0x10010884                _lv_draw_sw_mask_cleanup
                0x100108cc                lv_draw_sw_mask_line_points_init
                0x10010a44                lv_draw_sw_mask_line_angle_init
                0x10010a98                lv_draw_sw_mask_angle_init
                0x10010b68                lv_draw_sw_mask_radius_init
                0x10010ce0                lv_draw_sw_mask_fade_init
                0x10010d14                lv_draw_sw_mask_map_init
 .text          0x10010d34       0x40 ..\lib\liblvgl.a(lv_st7789.c.obj)
                0x10010d34                lv_st7789_create
                0x10010d54                lv_st7789_set_gap
                0x10010d5c                lv_st7789_set_invert
                0x10010d64                lv_st7789_set_gamma_curve
                0x10010d6c                lv_st7789_send_cmd_list
 .text          0x10010d74     0x15e4 ..\lib\liblvgl.a(lv_indev.c.obj)
                0x10010fc0                lv_indev_create
                0x1001102c                lv_indev_get_next
                0x10011048                lv_indev_enable
                0x10011088                lv_indev_active
                0x10011094                lv_indev_set_type
                0x100110a4                lv_indev_set_read_cb
                0x100110ac                lv_indev_set_user_data
                0x100110b4                lv_indev_set_driver_data
                0x100110bc                lv_indev_get_read_cb
                0x100110c8                lv_indev_get_type
                0x100110d4                lv_indev_get_state
                0x100110e0                lv_indev_get_group
                0x100110ea                lv_indev_get_display
                0x100110f2                lv_indev_set_display
                0x100110fa                lv_indev_get_user_data
                0x10011102                lv_indev_get_driver_data
                0x1001110a                lv_indev_reset_long_press
                0x10011124                lv_indev_set_cursor
                0x10011162                lv_indev_set_group
                0x10011172                lv_indev_set_button_points
                0x10011180                lv_indev_get_point
                0x100111aa                lv_indev_get_gesture_dir
                0x100111b2                lv_indev_get_key
                0x100111c2                lv_indev_get_scroll_dir
                0x100111e2                lv_indev_get_scroll_obj
                0x100111f8                lv_indev_get_vect
                0x10011216                lv_indev_wait_release
                0x10011224                lv_indev_get_active_obj
                0x10011230                lv_indev_get_read_timer
                0x10011238                lv_indev_get_mode
                0x10011244                lv_indev_set_mode
                0x1001127c                lv_indev_search_obj
                0x10011374                lv_indev_add_event_cb
                0x10011384                lv_indev_get_event_count
                0x10011394                lv_indev_get_event_dsc
                0x100113a4                lv_indev_remove_event
                0x100113b4                lv_indev_remove_event_cb_with_user_data
                0x1001140e                lv_indev_send_event
                0x1001144c                lv_indev_delete
                0x10011ec0                lv_indev_reset
                0x1001226c                lv_indev_read
                0x1001234c                lv_indev_read_timer_cb
 .text          0x10012358      0xd40 ..\lib\liblvgl.a(lv_indev_scroll.c.obj)
                0x10012c22                _lv_indev_scroll_handler
                0x10012dfa                _lv_indev_scroll_throw_handler
                0x1001303c                lv_indev_scroll_throw_predict
                0x10013076                lv_indev_scroll_get_snap_dist
 .text          0x10013098       0xa4 ..\lib\liblvgl.a(lv_layout.c.obj)
                0x10013098                _lv_layout_init
                0x100130b4                _lv_layout_deinit
                0x100130c4                lv_layout_register
                0x10013100                _lv_layout_apply
 .text          0x1001313c      0x128 ..\lib\liblvgl.a(lv_init.c.obj)
                0x1001313c                lv_is_initialized
                0x10013148                lv_init
                0x100131e0                lv_deinit
 .text          0x10013264      0x7b8 ..\lib\liblvgl.a(lv_anim.c.obj)
                0x100135dc                lv_anim_path_linear
                0x10013640                _lv_anim_core_init
                0x10013674                lv_anim_init
                0x100136a8                lv_anim_start
                0x1001374c                lv_anim_get_playtime
                0x10013778                lv_anim_delete
                0x10013782                lv_anim_delete_all
                0x10013798                _lv_anim_core_deinit
                0x100137a0                lv_anim_get
                0x100137d4                lv_anim_get_timer
                0x100137e0                lv_anim_count_running
                0x10013808                lv_anim_speed_clamped
                0x1001385c                lv_anim_speed
                0x1001386c                lv_anim_refr_now
                0x10013876                lv_anim_path_ease_in
                0x1001388e                lv_anim_path_ease_out
                0x100138ac                lv_anim_path_ease_in_out
                0x100138cc                lv_anim_path_overshoot
                0x100138ec                lv_anim_path_bounce
                0x100139e8                lv_anim_path_step
                0x100139f8                lv_anim_path_custom_bezier3
 .text          0x10013a1c      0x9d4 ..\lib\liblvgl.a(lv_area.c.obj)
                0x10013a4c                lv_area_set
                0x10013a58                lv_area_set_width
                0x10013a64                lv_area_set_height
                0x10013a70                _lv_area_set_pos
                0x10013a9a                lv_area_get_size
                0x10013aae                lv_area_increase
                0x10013acc                lv_area_move
                0x10013aea                _lv_area_intersect
                0x10013b30                _lv_area_join
                0x10013b64                _lv_area_is_point_on
                0x10013c96                _lv_area_is_on
                0x10013cca                _lv_area_is_in
                0x10013d62                _lv_area_diff
                0x10013e90                _lv_area_is_out
                0x10013f42                _lv_area_is_equal
                0x10013f76                lv_area_align
                0x10014214                lv_point_transform
 .text          0x100143f0       0xc4 ..\lib\liblvgl.a(lv_async.c.obj)
                0x10014414                lv_async_call
                0x10014454                lv_async_call_cancel
 .text          0x100144b4      0x55c ..\lib\liblvgl.a(lv_color.c.obj)
                0x100144b4                lv_color_format_get_bpp
                0x100144e8                lv_color_format_has_alpha
                0x10014508                lv_color_to_32
                0x10014548                lv_color_to_u16
                0x10014570                lv_color_to_u32
                0x10014590                lv_color_lighten
                0x1001465c                lv_color_darken
                0x10014790                lv_color_hsv_to_rgb
                0x100148b0                lv_color_rgb_to_hsv
                0x100149ee                lv_color_to_hsv
 .text          0x10014a10      0x188 ..\lib\liblvgl.a(lv_event.c.obj)
                0x10014a10                _lv_event_push
                0x10014a20                _lv_event_pop
                0x10014a2c                lv_event_send
                0x10014aae                lv_event_add
                0x10014ae8                lv_event_get_count
                0x10014af2                lv_event_get_dsc
                0x10014b00                lv_event_dsc_get_cb
                0x10014b0a                lv_event_dsc_get_user_data
                0x10014b14                lv_event_remove
                0x10014b28                lv_event_remove_all
                0x10014b36                lv_event_get_current_target
                0x10014b3a                lv_event_get_target
                0x10014b3e                lv_event_get_code
                0x10014b46                lv_event_get_param
                0x10014b4a                lv_event_get_user_data
                0x10014b4e                lv_event_stop_bubbling
                0x10014b58                lv_event_stop_processing
                0x10014b62                lv_event_register_id
                0x10014b70                _lv_event_mark_deleted
 .text          0x10014b98      0x674 ..\lib\liblvgl.a(lv_fs.c.obj)
                0x10014d2e                _lv_fs_init
                0x10014d40                _lv_fs_deinit
                0x10014d50                lv_fs_make_path_from_buffer
                0x10014d60                lv_fs_close
                0x10014dac                lv_fs_read
                0x10014dfc                lv_fs_write
                0x10014e70                lv_fs_seek
                0x10014f1c                lv_fs_tell
                0x10014f54                lv_fs_dir_read
                0x10014f8a                lv_fs_dir_close
                0x10014fb6                lv_fs_drv_init
                0x10014fc2                lv_fs_drv_register
                0x10014fdc                lv_fs_get_drv
                0x10015008                lv_fs_is_ready
                0x10015024                lv_fs_open
                0x100150cc                lv_fs_dir_open
                0x1001511e                lv_fs_get_letters
                0x10015154                lv_fs_get_ext
                0x10015188                lv_fs_up
                0x100151ce                lv_fs_get_last
 .text          0x1001520c      0x302 ..\lib\liblvgl.a(lv_ll.c.obj)
                0x10015222                _lv_ll_init
                0x10015232                _lv_ll_ins_head
                0x10015274                _lv_ll_ins_tail
                0x100152b6                _lv_ll_get_head
                0x100152be                _lv_ll_get_tail
                0x100152c6                _lv_ll_get_next
                0x100152ce                _lv_ll_get_prev
                0x100152d4                _lv_ll_ins_prev
                0x1001533e                _lv_ll_remove
                0x100153c0                _lv_ll_clear_custom
                0x100153f8                _lv_ll_chg_list
                0x10015468                _lv_ll_get_len
                0x10015488                _lv_ll_move_before
                0x100154ee                _lv_ll_is_empty
 *fill*         0x1001550e        0x2 