Archive member included to satisfy reference by file (symbol)

..\lib\liblvgl.a(lv_init.c.obj)
                              CMakeFiles/st7789_lvgl_demo.dir/src/main.c.obj (lv_init)
..\lib\liblvgl.a(lv_anim.c.obj)
                              ..\lib\liblvgl.a(lv_init.c.obj) (_lv_anim_core_init)
..\lib\liblvgl.a(lv_fs.c.obj)
                              ..\lib\liblvgl.a(lv_init.c.obj) (_lv_fs_init)
..\lib\liblvgl.a(lv_ll.c.obj)
                              ..\lib\liblvgl.a(lv_init.c.obj) (_lv_ll_init)
..\lib\liblvgl.a(lv_math.c.obj)
                              ..\lib\liblvgl.a(lv_anim.c.obj) (lv_cubic_bezier)
..\lib\liblvgl.a(lv_timer.c.obj)
                              ..\lib\liblvgl.a(lv_anim.c.obj) (lv_timer_create)
..\lib\liblvgl.a(lv_mem_core_builtin.c.obj)
                              ..\lib\liblvgl.a(lv_init.c.obj) (lv_mem_init)
..\lib\liblvgl.a(lv_string_builtin.c.obj)
                              ..\lib\liblvgl.a(lv_anim.c.obj) (lv_memcpy)
..\lib\liblvgl.a(lv_tlsf.c.obj)
                              ..\lib\liblvgl.a(lv_mem_core_builtin.c.obj) (lv_tlsf_check)
..\lib\liblvgl.a(lv_mem.c.obj)
                              ..\lib\liblvgl.a(lv_fs.c.obj) (lv_malloc)
..\lib\liblvgl.a(lv_theme_default.c.obj)
                              ..\lib\liblvgl.a(lv_init.c.obj) (lv_theme_default_deinit)
..\lib\liblvgl.a(lv_theme_mono.c.obj)
                              ..\lib\liblvgl.a(lv_init.c.obj) (lv_theme_mono_deinit)
..\lib\liblvgl.a(lv_theme_simple.c.obj)
                              ..\lib\liblvgl.a(lv_init.c.obj) (lv_theme_simple_deinit)
..\lib\liblvgl.a(lv_tick.c.obj)
                              ..\lib\liblvgl.a(lv_anim.c.obj) (lv_tick_get)
..\lib\liblvgl.a(lv_arc.c.obj)
                              ..\lib\liblvgl.a(lv_theme_default.c.obj) (lv_arc_class)
..\lib\liblvgl.a(lv_bar.c.obj)
                              ..\lib\liblvgl.a(lv_theme_default.c.obj) (lv_bar_class)
..\lib\liblvgl.a(lv_button.c.obj)
                              ..\lib\liblvgl.a(lv_theme_default.c.obj) (lv_button_class)
..\lib\liblvgl.a(lv_buttonmatrix.c.obj)
                              ..\lib\liblvgl.a(lv_theme_default.c.obj) (lv_buttonmatrix_class)
..\lib\liblvgl.a(lv_calendar.c.obj)
                              ..\lib\liblvgl.a(lv_theme_default.c.obj) (lv_calendar_class)
..\lib\liblvgl.a(lv_calendar_header_arrow.c.obj)
                              ..\lib\liblvgl.a(lv_theme_default.c.obj) (lv_calendar_header_arrow_class)
..\lib\liblvgl.a(lv_calendar_header_dropdown.c.obj)
                              ..\lib\liblvgl.a(lv_theme_default.c.obj) (lv_calendar_header_dropdown_class)
..\lib\liblvgl.a(lv_chart.c.obj)
                              ..\lib\liblvgl.a(lv_theme_default.c.obj) (lv_chart_class)
..\lib\liblvgl.a(lv_checkbox.c.obj)
                              ..\lib\liblvgl.a(lv_theme_default.c.obj) (lv_checkbox_class)
..\lib\liblvgl.a(lv_dropdown.c.obj)
                              ..\lib\liblvgl.a(lv_calendar_header_dropdown.c.obj) (lv_dropdown_create)
..\lib\liblvgl.a(lv_keyboard.c.obj)
                              ..\lib\liblvgl.a(lv_theme_default.c.obj) (lv_keyboard_class)
..\lib\liblvgl.a(lv_label.c.obj)
                              ..\lib\liblvgl.a(lv_calendar_header_arrow.c.obj) (lv_label_create)
..\lib\liblvgl.a(lv_led.c.obj)
                              ..\lib\liblvgl.a(lv_theme_default.c.obj) (lv_led_class)
..\lib\liblvgl.a(lv_line.c.obj)
                              ..\lib\liblvgl.a(lv_theme_default.c.obj) (lv_line_class)
..\lib\liblvgl.a(lv_list.c.obj)
                              ..\lib\liblvgl.a(lv_theme_default.c.obj) (lv_list_text_class)
..\lib\liblvgl.a(lv_menu.c.obj)
                              ..\lib\liblvgl.a(lv_theme_default.c.obj) (lv_menu_sidebar_header_cont_class)
..\lib\liblvgl.a(lv_msgbox.c.obj)
                              ..\lib\liblvgl.a(lv_theme_default.c.obj) (lv_msgbox_backdrop_class)
..\lib\liblvgl.a(lv_roller.c.obj)
                              ..\lib\liblvgl.a(lv_theme_default.c.obj) (lv_roller_class)
..\lib\liblvgl.a(lv_scale.c.obj)
                              ..\lib\liblvgl.a(lv_theme_default.c.obj) (lv_scale_class)
..\lib\liblvgl.a(lv_slider.c.obj)
                              ..\lib\liblvgl.a(lv_theme_default.c.obj) (lv_slider_class)
..\lib\liblvgl.a(lv_span.c.obj)
                              ..\lib\liblvgl.a(lv_init.c.obj) (lv_span_stack_init)
..\lib\liblvgl.a(lv_spinbox.c.obj)
                              ..\lib\liblvgl.a(lv_theme_default.c.obj) (lv_spinbox_class)
..\lib\liblvgl.a(lv_spinner.c.obj)
                              ..\lib\liblvgl.a(lv_theme_default.c.obj) (lv_spinner_class)
..\lib\liblvgl.a(lv_switch.c.obj)
                              ..\lib\liblvgl.a(lv_theme_default.c.obj) (lv_switch_class)
..\lib\liblvgl.a(lv_table.c.obj)
                              ..\lib\liblvgl.a(lv_theme_default.c.obj) (lv_table_class)
..\lib\liblvgl.a(lv_tabview.c.obj)
                              ..\lib\liblvgl.a(lv_theme_default.c.obj) (lv_tabview_class)
[...]
Memory Configuration

Name             Origin             Length             Attributes
FLASH            0x10000000         0x00200000         xr
RAM              0x20000000         0x00040000         xrw
SCRATCH_X        0x20040000         0x00001000         xrw
SCRATCH_Y        0x20041000         0x00001000         xrw
*default*        0x00000000         0xffffffff

Linker script and memory map

LOAD c:/progra~2/gnuarm~1/102021~1.10/bin/../lib/gcc/arm-none-eabi/10.3.1/thumb/v6-m/nofp/crti.o
LOAD c:/progra~2/gnuarm~1/102021~1.10/bin/../lib/gcc/arm-none-eabi/10.3.1/thumb/v6-m/nofp/crtbegin.o
LOAD c:/progra~2/gnuarm~1/102021~1.10/bin/../lib/gcc/arm-none-eabi/10.3.1/../../../../arm-none-eabi/lib/thumb/v6-m/nofp/crt0.o

.flash_begin    0x10000000        0x0
                0x10000000                __flash_binary_start = .

.boot2          0x10000000      0x100
                0x10000000                __boot2_start__ = .
 *(.boot2)
 .boot2         0x10000000      0x100 C:\Users\turga\AppData\Local\Temp\ccKUzIbo.o
                0x10000100                __boot2_end__ = .
                0x00000001                ASSERT (((__boot2_end__ - __boot2_start__) == 0x100), ERROR: Pico second stage bootloader must be 256 bytes in size)

.text           0x10000100    0x3df88
                0x10000100                __logical_binary_start = .
 *(.vectors)
 .vectors       0x10000100       0xd4 CMakeFiles/st7789_lvgl_demo.dir/C_/Users/turga/Embedded-SDK/Pico/pico-sdk/src/rp2_common/pico_standard_link/crt0.S.obj
                0x10000100                __VECTOR_TABLE
                0x10000100                __vectors
                0x100001c0                isr_invalid
                0x100001c0                __default_isrs_start
                0x100001c2                isr_nmi
                0x100001c4                isr_hardfault
                0x100001c6                isr_svcall
                0x100001c8                isr_pendsv
                0x100001ca                isr_systick
                0x100001cc                isr_irq23
                0x100001cc                isr_irq18
                0x100001cc                isr_irq11
                0x100001cc                isr_irq28
                0x100001cc                isr_irq19
                0x100001cc                isr_irq0
                0x100001cc                isr_irq6
                0x100001cc                isr_irq5
                0x100001cc                isr_irq12
                0x100001cc                isr_irq22
                0x100001cc                isr_irq31
                0x100001cc                isr_irq17
                0x100001cc                isr_irq27
                0x100001cc                isr_irq30
                0x100001cc                isr_irq2
                0x100001cc                isr_irq10
                0x100001cc                isr_irq8
                0x100001cc                isr_irq24
                0x100001cc                isr_irq1
                0x100001cc                isr_irq7
                0x100001cc                isr_irq21
                0x100001cc                isr_irq20
                0x100001cc                isr_irq15
                0x100001cc                isr_irq25
                0x100001cc                isr_irq13
                0x100001cc                __unhandled_user_irq
                0x100001cc                isr_irq4
                0x100001cc                isr_irq16
                0x100001cc                isr_irq29
                0x100001cc                isr_irq26
                0x100001cc                __default_isrs_end
                0x100001cc                isr_irq3
                0x100001cc                isr_irq14
                0x100001cc                isr_irq9
                0x100001d2                unhandled_user_irq_num_in_r0
 *(.binary_info_header)
 .binary_info_header
                0x100001d4       0x14 CMakeFiles/st7789_lvgl_demo.dir/C_/Users/turga/Embedded-SDK/Pico/pico-sdk/src/rp2_common/pico_standard_link/crt0.S.obj
                0x100001e8                __binary_info_header_end = .
 *(.reset)
 .reset         0x100001e8       0xa0 CMakeFiles/st7789_lvgl_demo.dir/C_/Users/turga/Embedded-SDK/Pico/pico-sdk/src/rp2_common/pico_standard_link/crt0.S.obj
                0x100001e8                _entry_point
 .reset         0x10000288       0x30 CMakeFiles/st7789_lvgl_demo.dir/C_/Users/turga/Embedded-SDK/Pico/pico-sdk/src/rp2_common/pico_standard_link/binary_info.c.obj
 *(.init)
 .init          0x100002b8        0x4 c:/progra~2/gnuarm~1/102021~1.10/bin/../lib/gcc/arm-none-eabi/10.3.1/thumb/v6-m/nofp/crti.o
                0x100002b8                _init
 *(EXCLUDE_FILE(*libm.a: *libc.a:*lib_a-mem*.o *libgcc.a:) .text*)
 .text          0x100002bc       0x48 c:/progra~2/gnuarm~1/102021~1.10/bin/../lib/gcc/arm-none-eabi/10.3.1/thumb/v6-m/nofp/crtbegin.o
 .text.main     0x10000304       0x16 CMakeFiles/st7789_lvgl_demo.dir/src/main.c.obj
                0x10000304                main
 *fill*         0x1000031a        0x2 
 .text.running_on_fpga
                0x1000031c       0x14 CMakeFiles/st7789_lvgl_demo.dir/C_/Users/turga/Embedded-SDK/Pico/pico-sdk/src/rp2_common/pico_platform/platform.c.obj
                0x1000031c                running_on_fpga
 .text.hw_claim_lock
                0x10000330       0x18 CMakeFiles/st7789_lvgl_demo.dir/C_/Users/turga/Embedded-SDK/Pico/pico-sdk/src/rp2_common/hardware_claim/claim.c.obj
                0x10000330                hw_claim_lock
 .text.hw_claim_unlock
                0x10000348       0x14 CMakeFiles/st7789_lvgl_demo.dir/C_/Users/turga/Embedded-SDK/Pico/pico-sdk/src/rp2_common/hardware_claim/claim.c.obj
                0x10000348                hw_claim_unlock
 .text.hw_claim_or_assert
                0x1000035c       0x32 CMakeFiles/st7789_lvgl_demo.dir/C_/Users/turga/Embedded-SDK/Pico/pico-sdk/src/rp2_common/hardware_claim/claim.c.obj
                0x1000035c                hw_claim_or_assert
 .text.hw_claim_unused_from_range
                0x1000038e       0x50 CMakeFiles/st7789_lvgl_demo.dir/C_/Users/turga/Embedded-SDK/Pico/pico-sdk/src/rp2_common/hardware_claim/claim.c.obj
                0x1000038e                hw_claim_unused_from_range
 *fill*         0x100003de        0x2 
 .text.spin_locks_reset
                0x100003e0       0x20 CMakeFiles/st7789_lvgl_demo.dir/C_/Users/turga/Embedded-SDK/Pico/pico-sdk/src/rp2_common/hardware_sync/sync.c.obj
                0x100003e0                spin_locks_reset
 .text.next_striped_spin_lock_num
                0x10000400       0x1c CMakeFiles/st7789_lvgl_demo.dir/C_/Users/turga/Embedded-SDK/Pico/pico-sdk/src/rp2_common/hardware_sync/sync.c.obj
                0x10000400                next_striped_spin_lock_num
 .text.spin_lock_claim_unused
                0x1000041c       0x20 CMakeFiles/st7789_lvgl_demo.dir/C_/Users/turga/Embedded-SDK/Pico/pico-sdk/src/rp2_common/hardware_sync/sync.c.obj
                0x1000041c                spin_lock_claim_unused
 .text.set_raw_irq_handler_and_unlock
                0x1000043c       0x28 CMakeFiles/st7789_lvgl_demo.dir/C_/Users/turga/Embedded-SDK/Pico/pico-sdk/src/rp2_common/hardware_irq/irq.c.obj
 .text.make_branch
                0x10000464       0x48 CMakeFiles/st7789_lvgl_demo.dir/C_/Users/turga/Embedded-SDK/Pico/pico-sdk/src/rp2_common/hardware_irq/irq.c.obj
 .text.insert_branch_and_link
                0x100004ac       0x40 CMakeFiles/st7789_lvgl_demo.dir/C_/Users/turga/Embedded-SDK/Pico/pico-sdk/src/rp2_common/hardware_irq/irq.c.obj
 .text.irq_is_enabled
                0x100004ec       0x18 CMakeFiles/st7789_lvgl_demo.dir/C_/Users/turga/Embedded-SDK/Pico/pico-sdk/src/rp2_common/hardware_irq/irq.c.obj
                0x100004ec                irq_is_enabled
 .text.irq_set_mask_enabled
                0x10000504       0x20 CMakeFiles/st7789_lvgl_demo.dir/C_/Users/turga/Embedded-SDK/Pico/pico-sdk/src/rp2_common/hardware_irq/irq.c.obj
                0x10000504                irq_set_mask_enabled
 .text.irq_set_enabled
                0x10000524        0xe CMakeFiles/st7789_lvgl_demo.dir/C_/Users/turga/Embedded-SDK/Pico/pico-sdk/src/rp2_common/hardware_irq/irq.c.obj
                0x10000524                irq_set_enabled
 *fill*         0x10000532        0x2 
 .text.irq_set_pending
                0x10000534       0x10 CMakeFiles/st7789_lvgl_demo.dir/C_/Users/turga/Embedded-SDK/Pico/pico-sdk/src/rp2_common/hardware_irq/irq.c.obj
                0x10000534                irq_set_pending
 .text.irq_get_vtable_handler
                0x10000544       0x10 CMakeFiles/st7789_lvgl_demo.dir/C_/Users/turga/Embedded-SDK/Pico/pico-sdk/src/rp2_common/hardware_irq/irq.c.obj
                0x10000544                irq_get_vtable_handler
 .text.irq_has_shared_handler
                0x10000554       0x24 CMakeFiles/st7789_lvgl_demo.dir/C_/Users/turga/Embedded-SDK/Pico/pico-sdk/src/rp2_common/hardware_irq/irq.c.obj
                0x10000554                irq_has_shared_handler
 .text.irq_set_exclusive_handler
                0x10000578       0x54 CMakeFiles/st7789_lvgl_demo.dir/C_/Users/turga/Embedded-SDK/Pico/pico-sdk/src/rp2_common/hardware_irq/irq.c.obj
                0x10000578                irq_set_exclusive_handler
 .text.irq_add_shared_handler
                0x100005cc      0x234 CMakeFiles/st7789_lvgl_demo.dir/C_/Users/turga/Embedded-SDK/Pico/pico-sdk/src/rp2_common/hardware_irq/irq.c.obj
                0x100005cc                irq_add_shared_handler
 .text.irq_remove_handler
                0x10000800      0x1ac CMakeFiles/st7789_lvgl_demo.dir/C_/Users/turga/Embedded-SDK/Pico/pico-sdk/src/rp2_common/hardware_irq/irq.c.obj
                0x10000800                irq_remove_handler
 .text.irq_add_tail_to_free_list
                0x100009ac       0xf0 CMakeFiles/st7789_lvgl_demo.dir/C_/Users/turga/Embedded-SDK/Pico/pico-sdk/src/rp2_common/hardware_irq/irq.c.obj
                0x100009ac                irq_add_tail_to_free_list
 .text.irq_init_priorities
                0x10000a9c       0x1c CMakeFiles/st7789_lvgl_demo.dir/C_/Users/turga/Embedded-SDK/Pico/pico-sdk/src/rp2_common/hardware_irq/irq.c.obj
                0x10000a9c                irq_init_priorities
 .text.user_irq_claim_unused
                0x10000ab8       0x28 CMakeFiles/st7789_lvgl_demo.dir/C_/Users/turga/Embedded-SDK/Pico/pico-sdk/src/rp2_common/hardware_irq/irq.c.obj
                0x10000ab8                user_irq_claim_unused
 .text.lock_init
                0x10000ae0       0x10 CMakeFiles/st7789_lvgl_demo.dir/C_/Users/turga/Embedded-SDK/Pico/pico-sdk/src/common/pico_sync/lock_core.c.obj
                0x10000ae0                lock_init
 .text.mutex_init
                0x10000af0       0x1a CMakeFiles/st7789_lvgl_demo.dir/C_/Users/turga/Embedded-SDK/Pico/pico-sdk/src/common/pico_sync/mutex.c.obj
                0x10000af0                mutex_init
 .text.recursive_mutex_init
                0x10000b0a       0x1e CMakeFiles/st7789_lvgl_demo.dir/C_/Users/turga/Embedded-SDK/Pico/pico-sdk/src/common/pico_sync/mutex.c.obj
                0x10000b0a                recursive_mutex_init
 .text.critical_section_init_with_lock_num
                0x10000b28       0x14 CMakeFiles/st7789_lvgl_demo.dir/C_/Users/turga/Embedded-SDK/Pico/pico-sdk/src/common/pico_sync/critical_section.c.obj
                0x10000b28                critical_section_init_with_lock_num
 .text.critical_section_init
                0x10000b3c       0x14 CMakeFiles/st7789_lvgl_demo.dir/C_/Users/turga/Embedded-SDK/Pico/pico-sdk/src/common/pico_sync/critical_section.c.obj
                0x10000b3c                critical_section_init
 .text.alarm_pool_post_alloc_init
                0x10000b50       0x40 CMakeFiles/st7789_lvgl_demo.dir/C_/Users/turga/Embedded-SDK/Pico/pico-sdk/src/common/pico_time/time.c.obj
 .text.sleep_until_callback
                0x10000b90       0x30 CMakeFiles/st7789_lvgl_demo.dir/C_/Users/turga/Embedded-SDK/Pico/pico-sdk/src/common/pico_time/time.c.obj
 .text.timer_pool_entry_comparator
                0x10000bc0       0x7c CMakeFiles/st7789_lvgl_demo.dir/C_/Users/turga/Embedded-SDK/Pico/pico-sdk/src/common/pico_time/time.c.obj
                0x10000bc0                timer_pool_entry_comparator
 .text.ph_add_child_node
                0x10000c3c       0xa4 CMakeFiles/st7789_lvgl_demo.dir/C_/Users/turga/Embedded-SDK/Pico/pico-sdk/src/common/pico_time/time.c.obj
 .text.ph_merge_nodes
                0x10000ce0       0x3e CMakeFiles/st7789_lvgl_demo.dir/C_/Users/turga/Embedded-SDK/Pico/pico-sdk/src/common/pico_time/time.c.obj
 *fill*         0x10000d1e        0x2 
 .text.add_alarm_under_lock
                0x10000d20      0x174 CMakeFiles/st7789_lvgl_demo.dir/C_/Users/turga/Embedded-SDK/Pico/pico-sdk/src/common/pico_time/time.c.obj
 .text.alarm_pool_alarm_callback
                0x10000e94      0x33c CMakeFiles/st7789_lvgl_demo.dir/C_/Users/turga/Embedded-SDK/Pico/pico-sdk/src/common/pico_time/time.c.obj
 .text.alarm_pool_init_default
                0x100011d0       0x40 CMakeFiles/st7789_lvgl_demo.dir/C_/Users/turga/Embedded-SDK/Pico/pico-sdk/src/common/pico_time/time.c.obj
                0x100011d0                alarm_pool_init_default
 .text.alarm_pool_get_default
                0x10001210       0x2c CMakeFiles/st7789_lvgl_demo.dir/C_/Users/turga/Embedded-SDK/Pico/pico-sdk/src/common/pico_time/time.c.obj
                0x10001210                alarm_pool_get_default
 .text.alarm_pool_add_alarm_at
                0x1000123c      0x168 CMakeFiles/st7789_lvgl_demo.dir/C_/Users/turga/Embedded-SDK/Pico/pico-sdk/src/common/pico_time/time.c.obj
                0x1000123c                alarm_pool_add_alarm_at
 .text.alarm_pool_cancel_alarm
                0x100013a4       0xf8 CMakeFiles/st7789_lvgl_demo.dir/C_/Users/turga/Embedded-SDK/Pico/pico-sdk/src/common/pico_time/time.c.obj
                0x100013a4                alarm_pool_cancel_alarm
 .text.alarm_pool_core_num
                0x1000149c        0x4 CMakeFiles/st7789_lvgl_demo.dir/C_/Users/turga/Embedded-SDK/Pico/pico-sdk/src/common/pico_time/time.c.obj
                0x1000149c                alarm_pool_core_num
 .text.sleep_until
                0x100014a0       0xfc CMakeFiles/st7789_lvgl_demo.dir/C_/Users/turga/Embedded-SDK/Pico/pico-sdk/src/common/pico_time/time.c.obj
                0x100014a0                sleep_until
 .text.sleep_us
                0x1000159c       0x58 CMakeFiles/st7789_lvgl_demo.dir/C_/Users/turga/Embedded-SDK/Pico/pico-sdk/src/common/pico_time/time.c.obj
                0x1000159c                sleep_us
 .text.sleep_ms
                0x100015f4       0x14 CMakeFiles/st7789_lvgl_demo.dir/C_/Users/turga/Embedded-SDK/Pico/pico-sdk/src/common/pico_time/time.c.obj
                0x100015f4                sleep_ms
 .text.best_effort_wfe_or_timeout
                0x10001608       0xac CMakeFiles/st7789_lvgl_demo.dir/C_/Users/turga/Embedded-SDK/Pico/pico-sdk/src/common/pico_time/time.c.obj
                0x10001608                best_effort_wfe_or_timeout
 .text.hardware_alarm_irq_handler
                0x100016b4       0x90 CMakeFiles/st7789_lvgl_demo.dir/C_/Users/turga/Embedded-SDK/Pico/pico-sdk/src/rp2_common/hardware_timer/timer.c.obj
 .text.hardware_alarm_claim
                0x10001744       0x18 CMakeFiles/st7789_lvgl_demo.dir/C_/Users/turga/Embedded-SDK/Pico/pico-sdk/src/rp2_common/hardware_timer/timer.c.obj
                0x10001744                hardware_alarm_claim
 .text.time_us_64
                0x1000175c       0x18 CMakeFiles/st7789_lvgl_demo.dir/C_/Users/turga/Embedded-SDK/Pico/pico-sdk/src/rp2_common/hardware_timer/timer.c.obj
                0x1000175c                time_us_64
 .text.busy_wait_until
                0x10001774       0x28 CMakeFiles/st7789_lvgl_demo.dir/C_/Users/turga/Embedded-SDK/Pico/pico-sdk/src/rp2_common/hardware_timer/timer.c.obj
                0x10001774                busy_wait_until
 .text.hardware_alarm_set_callback
                0x1000179c       0x90 CMakeFiles/st7789_lvgl_demo.dir/C_/Users/turga/Embedded-SDK/Pico/pico-sdk/src/rp2_common/hardware_timer/timer.c.obj
                0x1000179c                hardware_alarm_set_callback
 .text.hardware_alarm_set_target
                0x1000182c       0xe8 CMakeFiles/st7789_lvgl_demo.dir/C_/Users/turga/Embedded-SDK/Pico/pico-sdk/src/rp2_common/hardware_timer/timer.c.obj
                0x1000182c                hardware_alarm_set_target
 .text.hardware_alarm_cancel
                0x10001914       0x40 CMakeFiles/st7789_lvgl_demo.dir/C_/Users/turga/Embedded-SDK/Pico/pico-sdk/src/rp2_common/hardware_timer/timer.c.obj
                0x10001914                hardware_alarm_cancel
 .text.ph_add_child_node
                0x10001954       0xa4 CMakeFiles/st7789_lvgl_demo.dir/C_/Users/turga/Embedded-SDK/Pico/pico-sdk/src/common/pico_util/pheap.c.obj
 .text.ph_merge_nodes
                0x100019f8       0x3e CMakeFiles/st7789_lvgl_demo.dir/C_/Users/turga/Embedded-SDK/Pico/pico-sdk/src/common/pico_util/pheap.c.obj
 *fill*         0x10001a36        0x2 
 .text.ph_clear
                0x10001a38       0x70 CMakeFiles/st7789_lvgl_demo.dir/C_/Users/turga/Embedded-SDK/Pico/pico-sdk/src/common/pico_util/pheap.c.obj
                0x10001a38                ph_clear
 .text.ph_post_alloc_init
                0x10001aa8        0xe CMakeFiles/st7789_lvgl_demo.dir/C_/Users/turga/Embedded-SDK/Pico/pico-sdk/src/common/pico_util/pheap.c.obj
                0x10001aa8                ph_post_alloc_init
 *fill*         0x10001ab6        0x2 
 .text.ph_merge_two_pass
                0x10001ab8       0xa8 CMakeFiles/st7789_lvgl_demo.dir/C_/Users/turga/Embedded-SDK/Pico/pico-sdk/src/common/pico_util/pheap.c.obj
                0x10001ab8                ph_merge_two_pass
 .text.ph_remove_any_head
                0x10001b60      0x128 CMakeFiles/st7789_lvgl_demo.dir/C_/Users/turga/Embedded-SDK/Pico/pico-sdk/src/common/pico_util/pheap.c.obj
 .text.ph_remove_head
                0x10001c88       0x14 CMakeFiles/st7789_lvgl_demo.dir/C_/Users/turga/Embedded-SDK/Pico/pico-sdk/src/common/pico_util/pheap.c.obj
                0x10001c88                ph_remove_head
 .text.ph_remove_and_free_node
                0x10001c9c       0xf8 CMakeFiles/st7789_lvgl_demo.dir/C_/Users/turga/Embedded-SDK/Pico/pico-sdk/src/common/pico_util/pheap.c.obj
                0x10001c9c                ph_remove_and_free_node
 .text.clock_configure
                0x10001d94      0x108 CMakeFiles/st7789_lvgl_demo.dir/C_/Users/turga/Embedded-SDK/Pico/pico-sdk/src/rp2_common/hardware_clocks/clocks.c.obj
                0x10001d94                clock_configure
 .text.clocks_init
                0x10001e9c      0x100 CMakeFiles/st7789_lvgl_demo.dir/C_/Users/turga/Embedded-SDK/Pico/pico-sdk/src/rp2_common/hardware_clocks/clocks.c.obj
                0x10001e9c                clocks_init
 .text.pll_init
                0x10001f9c      0x120 CMakeFiles/st7789_lvgl_demo.dir/C_/Users/turga/Embedded-SDK/Pico/pico-sdk/src/rp2_common/hardware_pll/pll.c.obj
                0x10001f9c                pll_init
 .text.watchdog_start_tick
                0x100020bc       0x10 CMakeFiles/st7789_lvgl_demo.dir/C_/Users/turga/Embedded-SDK/Pico/pico-sdk/src/rp2_common/hardware_watchdog/watchdog.c.obj
                0x100020bc                watchdog_start_tick
 .text.watchdog_update
                0x100020cc       0x14 CMakeFiles/st7789_lvgl_demo.dir/C_/Users/turga/Embedded-SDK/Pico/pico-sdk/src/rp2_common/hardware_watchdog/watchdog.c.obj
                0x100020cc                watchdog_update
 .text._watchdog_enable
                0x100020e0       0x78 CMakeFiles/st7789_lvgl_demo.dir/C_/Users/turga/Embedded-SDK/Pico/pico-sdk/src/rp2_common/hardware_watchdog/watchdog.c.obj
                0x100020e0                _watchdog_enable
 .text.watchdog_reboot
                0x10002158       0x48 CMakeFiles/st7789_lvgl_demo.dir/C_/Users/turga/Embedded-SDK/Pico/pico-sdk/src/rp2_common/hardware_watchdog/watchdog.c.obj
                0x10002158                watchdog_reboot
 .text.xosc_init
                0x100021a0       0x28 CMakeFiles/st7789_lvgl_demo.dir/C_/Users/turga/Embedded-SDK/Pico/pico-sdk/src/rp2_common/hardware_xosc/xosc.c.obj
                0x100021a0                xosc_init
 .text._exit    0x100021c8        0x4 CMakeFiles/st7789_lvgl_demo.dir/C_/Users/turga/Embedded-SDK/Pico/pico-sdk/src/rp2_common/pico_runtime/runtime.c.obj
                0x100021c8                _exit
 .text.exit     0x100021cc        0x6 CMakeFiles/st7789_lvgl_demo.dir/C_/Users/turga/Embedded-SDK/Pico/pico-sdk/src/rp2_common/pico_runtime/runtime.c.obj
                0x100021cc                exit
 *fill*         0x100021d2        0x2 
 .text.__assert_func
                0x100021d4       0x3c CMakeFiles/st7789_lvgl_demo.dir/C_/Users/turga/Embedded-SDK/Pico/pico-sdk/src/rp2_common/pico_runtime/runtime.c.obj
                0x100021d4                __assert_func
 .text.runtime_init
                0x10002210       0xf8 CMakeFiles/st7789_lvgl_demo.dir/C_/Users/turga/Embedded-SDK/Pico/pico-sdk/src/rp2_common/pico_runtime/runtime.c.obj
                0x10002210                runtime_init
 .text.panic    0x10002308       0x30 CMakeFiles/st7789_lvgl_demo.dir/C_/Users/turga/Embedded-SDK/Pico/pico-sdk/src/rp2_common/pico_runtime/runtime.c.obj
                0x10002308                panic
 .text._out_null
                0x10002338        0x2 CMakeFiles/st7789_lvgl_demo.dir/C_/Users/turga/Embedded-SDK/Pico/pico-sdk/src/rp2_common/pico_printf/printf.c.obj
 .text._out_fct
                0x1000233a        0xe CMakeFiles/st7789_lvgl_demo.dir/C_/Users/turga/Embedded-SDK/Pico/pico-sdk/src/rp2_common/pico_printf/printf.c.obj
 .text._atoi    0x10002348       0x24 CMakeFiles/st7789_lvgl_demo.dir/C_/Users/turga/Embedded-SDK/Pico/pico-sdk/src/rp2_common/pico_printf/printf.c.obj
 .text._out_rev
                0x1000236c       0xae CMakeFiles/st7789_lvgl_demo.dir/C_/Users/turga/Embedded-SDK/Pico/pico-sdk/src/rp2_common/pico_printf/printf.c.obj
 .text._ntoa_format
                0x1000241a      0x112 CMakeFiles/st7789_lvgl_demo.dir/C_/Users/turga/Embedded-SDK/Pico/pico-sdk/src/rp2_common/pico_printf/printf.c.obj
 .text._ntoa_long
                0x1000252c       0xbc CMakeFiles/st7789_lvgl_demo.dir/C_/Users/turga/Embedded-SDK/Pico/pico-sdk/src/rp2_common/pico_printf/printf.c.obj
 .text._ntoa_long_long
                0x100025e8       0xe2 CMakeFiles/st7789_lvgl_demo.dir/C_/Users/turga/Embedded-SDK/Pico/pico-sdk/src/rp2_common/pico_printf/printf.c.obj
 *fill*         0x100026ca        0x2 
 .text._etoa    0x100026cc      0x414 CMakeFiles/st7789_lvgl_demo.dir/C_/Users/turga/Embedded-SDK/Pico/pico-sdk/src/rp2_common/pico_printf/printf.c.obj
 .text._ftoa    0x10002ae0      0x354 CMakeFiles/st7789_lvgl_demo.dir/C_/Users/turga/Embedded-SDK/Pico/pico-sdk/src/rp2_common/pico_printf/printf.c.obj
 .text._vsnprintf
                0x10002e34      0x624 CMakeFiles/st7789_lvgl_demo.dir/C_/Users/turga/Embedded-SDK/Pico/pico-sdk/src/rp2_common/pico_printf/printf.c.obj
 .text.vfctprintf
                0x10003458       0x20 CMakeFiles/st7789_lvgl_demo.dir/C_/Users/turga/Embedded-SDK/Pico/pico-sdk/src/rp2_common/pico_printf/printf.c.obj
                0x10003458                vfctprintf
 .text          0x10003478       0x10 CMakeFiles/st7789_lvgl_demo.dir/C_/Users/turga/Embedded-SDK/Pico/pico-sdk/src/rp2_common/pico_bit_ops/bit_ops_aeabi.S.obj
 .text.clzsi    0x10003488        0xc CMakeFiles/st7789_lvgl_demo.dir/C_/Users/turga/Embedded-SDK/Pico/pico-sdk/src/rp2_common/pico_bit_ops/bit_ops_aeabi.S.obj
                0x10003488                __wrap___clzsi2
                0x10003488                __wrap___clzl
                0x10003488                __wrap___clz
 .text.ctzsi    0x10003494        0xc CMakeFiles/st7789_lvgl_demo.dir/C_/Users/turga/Embedded-SDK/Pico/pico-sdk/src/rp2_common/pico_bit_ops/bit_ops_aeabi.S.obj
                0x10003494                __wrap___ctzsi2
 .text.rom_func_lookup
                0x100034a0       0x10 CMakeFiles/st7789_lvgl_demo.dir/C_/Users/turga/Embedded-SDK/Pico/pico-sdk/src/rp2_common/pico_bootrom/bootrom.c.obj
                0x100034a0                rom_func_lookup
 .text.rom_data_lookup
                0x100034b0       0x10 CMakeFiles/st7789_lvgl_demo.dir/C_/Users/turga/Embedded-SDK/Pico/pico-sdk/src/rp2_common/pico_bootrom/bootrom.c.obj
                0x100034b0                rom_data_lookup
 .text.rom_funcs_lookup
                0x100034c0       0x36 CMakeFiles/st7789_lvgl_demo.dir/C_/Users/turga/Embedded-SDK/Pico/pico-sdk/src/rp2_common/pico_bootrom/bootrom.c.obj
                0x100034c0                rom_funcs_lookup
 *fill*         0x100034f6        0x2 
 .text.__wrap___aeabi_idiv
                0x100034f8       0x50 CMakeFiles/st7789_lvgl_demo.dir/C_/Users/turga/Embedded-SDK/Pico/pico-sdk/src/rp2_common/pico_divider/divider.S.obj
                0x100034f8                __wrap___aeabi_idivmod
                0x100034f8                divmod_s32s32
                0x100034f8                div_s32s32
                0x100034f8                __wrap___aeabi_idiv
                0x10003500                divmod_s32s32_unsafe
                0x1000352c                divmod_s32s32_savestate
 .text.__wrap___aeabi_uidiv
                0x10003548       0x4c CMakeFiles/st7789_lvgl_demo.dir/C_/Users/turga/Embedded-SDK/Pico/pico-sdk/src/rp2_common/pico_divider/divider.S.obj
                0x10003548                __wrap___aeabi_uidiv
                0x10003548                __wrap___aeabi_uidivmod
                0x10003548                div_u32u32
                0x10003548                divmod_u32u32
                0x10003550                divmod_u32u32_unsafe
                0x10003578                divmod_u32u32_savestate
 .text.__wrap___aeabi_ldiv
                0x10003594      0x424 CMakeFiles/st7789_lvgl_demo.dir/C_/Users/turga/Embedded-SDK/Pico/pico-sdk/src/rp2_common/pico_divider/divider.S.obj
                0x10003594                div_s64s64
                0x10003594                divmod_s64s64
                0x10003594                __wrap___aeabi_ldivmod
                0x100035c4                divmod_u64u64
                0x100035c4                div_u64u64
                0x100035c4                __wrap___aeabi_uldivmod
                0x100035d4                divmod_u64u64_savestate
                0x100035f4                divmod_s64s64_unsafe
                0x1000367c                divmod_u64u64_unsafe
 .text.__wrap___aeabi_darithmetic
                0x100039b8       0x60 CMakeFiles/st7789_lvgl_demo.dir/C_/Users/turga/Embedded-SDK/Pico/pico-sdk/src/rp2_common/pico_double/double_aeabi.S.obj
                0x100039b8                __wrap___aeabi_drsub
                0x100039be                __wrap___aeabi_dsub
                0x100039c8                __wrap___aeabi_dadd
                0x100039d2                __wrap___aeabi_ddiv
                0x10003a06                __wrap___aeabi_dmul
 .text.__wrap___aeabi_cdcmple
                0x10003a18       0x6c CMakeFiles/st7789_lvgl_demo.dir/C_/Users/turga/Embedded-SDK/Pico/pico-sdk/src/rp2_common/pico_double/double_aeabi.S.obj
                0x10003a18                __wrap___aeabi_cdrcmple
                0x10003a28                __wrap___aeabi_cdcmpeq
                0x10003a28                __wrap___aeabi_cdcmple
 .text.__wrap___aeabi_dcmplt
                0x10003a84        0xc CMakeFiles/st7789_lvgl_demo.dir/C_/Users/turga/Embedded-SDK/Pico/pico-sdk/src/rp2_common/pico_double/double_aeabi.S.obj
                0x10003a84                __wrap___aeabi_dcmplt
 .text.__wrap___aeabi_dcmple
                0x10003a90       0x10 CMakeFiles/st7789_lvgl_demo.dir/C_/Users/turga/Embedded-SDK/Pico/pico-sdk/src/rp2_common/pico_double/double_aeabi.S.obj
                0x10003a90                __wrap___aeabi_dcmple
 .text.__wrap___aeabi_dcmpge
                0x10003aa0       0x10 CMakeFiles/st7789_lvgl_demo.dir/C_/Users/turga/Embedded-SDK/Pico/pico-sdk/src/rp2_common/pico_double/double_aeabi.S.obj
                0x10003aa0                __wrap___aeabi_dcmpge
 .text.__wrap___aeabi_dcmpgt
                0x10003ab0        0xa CMakeFiles/st7789_lvgl_demo.dir/C_/Users/turga/Embedded-SDK/Pico/pico-sdk/src/rp2_common/pico_double/double_aeabi.S.obj
                0x10003ab0                __wrap___aeabi_dcmpgt
 .text.__wrap___aeabi_dcmpun
                0x10003aba       0x1c CMakeFiles/st7789_lvgl_demo.dir/C_/Users/turga/Embedded-SDK/Pico/pico-sdk/src/rp2_common/pico_double/double_aeabi.S.obj
                0x10003aba                __wrap___aeabi_dcmpun
 *fill*         0x10003ad6        0x2 
 .text.__wrap___aeabi_i2d
                0x10003ad8       0x38 CMakeFiles/st7789_lvgl_demo.dir/C_/Users/turga/Embedded-SDK/Pico/pico-sdk/src/rp2_common/pico_double/double_aeabi.S.obj
                0x10003ad8                __wrap___aeabi_ui2d
                0x10003ae0                __wrap___aeabi_i2d
 .text.__wrap___aeabi_d2iz
                0x10003b10       0x48 CMakeFiles/st7789_lvgl_demo.dir/C_/Users/turga/Embedded-SDK/Pico/pico-sdk/src/rp2_common/pico_double/double_aeabi.S.obj
                0x10003b10                double2int_z
                0x10003b10                __wrap___aeabi_d2iz
 .text.__wrap___aeabi_d2uiz
                0x10003b58       0x10 CMakeFiles/st7789_lvgl_demo.dir/C_/Users/turga/Embedded-SDK/Pico/pico-sdk/src/rp2_common/pico_double/double_aeabi.S.obj
                0x10003b58                __wrap___aeabi_d2uiz
                0x10003b58                double2uint
 .text.missing_double_func_shim
                0x10003b68        0xc CMakeFiles/st7789_lvgl_demo.dir/C_/Users/turga/Embedded-SDK/Pico/pico-sdk/src/rp2_common/pico_double/double_init_rom.c.obj
 .text.__aeabi_double_init
                0x10003b74       0xcc CMakeFiles/st7789_lvgl_demo.dir/C_/Users/turga/Embedded-SDK/Pico/pico-sdk/src/rp2_common/pico_double/double_init_rom.c.obj
                0x10003b74                __aeabi_double_init
 .text.double_table_shim_on_use_helper
                0x10003c40       0x34 CMakeFiles/st7789_lvgl_demo.dir/C_/Users/turga/Embedded-SDK/Pico/pico-sdk/src/rp2_common/pico_double/double_v1_rom_shim.S.obj
                0x10003c40                double_table_shim_on_use_helper
 .text.__aeabi_lmul
                0x10003c74       0x32 CMakeFiles/st7789_lvgl_demo.dir/C_/Users/turga/Embedded-SDK/Pico/pico-sdk/src/rp2_common/pico_int64_ops/pico_int64_ops_aeabi.S.obj
                0x10003c74                __wrap___aeabi_lmul
 *fill*         0x10003ca6        0x2 
 .text.missing_float_func_shim
                0x10003ca8        0xc CMakeFiles/st7789_lvgl_demo.dir/C_/Users/turga/Embedded-SDK/Pico/pico-sdk/src/rp2_common/pico_float/float_init_rom.c.obj
 .text.__aeabi_float_init
                0x10003cb4       0x88 CMakeFiles/st7789_lvgl_demo.dir/C_/Users/turga/Embedded-SDK/Pico/pico-sdk/src/rp2_common/pico_float/float_init_rom.c.obj
                0x10003cb4                __aeabi_float_init
 .text          0x10003d3c       0x10 CMakeFiles/st7789_lvgl_demo.dir/C_/Users/turga/Embedded-SDK/Pico/pico-sdk/src/rp2_common/pico_mem_ops/mem_ops_aeabi.S.obj
                0x10003d3c                __aeabi_mem_init
 .text.memset   0x10003d4c        0xc CMakeFiles/st7789_lvgl_demo.dir/C_/Users/turga/Embedded-SDK/Pico/pico-sdk/src/rp2_common/pico_mem_ops/mem_ops_aeabi.S.obj
                0x10003d4c                __wrap_memset
 .text.memcpy   0x10003d58        0xc CMakeFiles/st7789_lvgl_demo.dir/C_/Users/turga/Embedded-SDK/Pico/pico-sdk/src/rp2_common/pico_mem_ops/mem_ops_aeabi.S.obj
                0x10003d58                __wrap_memcpy
                0x10003d58                __wrap___aeabi_memcpy
 .text.stdio_out_chars_no_crlf
                0x10003d64        0xe CMakeFiles/st7789_lvgl_demo.dir/C_/Users/turga/Embedded-SDK/Pico/pico-sdk/src/rp2_common/pico_stdio/stdio.c.obj
 *fill*         0x10003d72        0x2 
 .text.stdio_out_chars_crlf
                0x10003d74       0x80 CMakeFiles/st7789_lvgl_demo.dir/C_/Users/turga/Embedded-SDK/Pico/pico-sdk/src/rp2_common/pico_stdio/stdio.c.obj
 .text.stdio_stack_buffer_flush
                0x10003df4       0x44 CMakeFiles/st7789_lvgl_demo.dir/C_/Users/turga/Embedded-SDK/Pico/pico-sdk/src/rp2_common/pico_stdio/stdio.c.obj
 .text.stdio_buffered_printer
                0x10003e38       0x20 CMakeFiles/st7789_lvgl_demo.dir/C_/Users/turga/Embedded-SDK/Pico/pico-sdk/src/rp2_common/pico_stdio/stdio.c.obj
 .text.stdout_serialize_begin
                0x10003e58       0x5c CMakeFiles/st7789_lvgl_demo.dir/C_/Users/turga/Embedded-SDK/Pico/pico-sdk/src/rp2_common/pico_stdio/stdio.c.obj
                0x10003e58                stdout_serialize_begin
 .text.stdout_serialize_end
                0x10003eb4       0x10 CMakeFiles/st7789_lvgl_demo.dir/C_/Users/turga/Embedded-SDK/Pico/pico-sdk/src/rp2_common/pico_stdio/stdio.c.obj
                0x10003eb4                stdout_serialize_end
 .text.stdio_put_string
                0x10003ec4       0x98 CMakeFiles/st7789_lvgl_demo.dir/C_/Users/turga/Embedded-SDK/Pico/pico-sdk/src/rp2_common/pico_stdio/stdio.c.obj
 .text.stdio_set_driver_enabled
                0x10003f5c       0x2c CMakeFiles/st7789_lvgl_demo.dir/C_/Users/turga/Embedded-SDK/Pico/pico-sdk/src/rp2_common/pico_stdio/stdio.c.obj
                0x10003f5c                stdio_set_driver_enabled
 .text.stdio_flush
                0x10003f88       0x20 CMakeFiles/st7789_lvgl_demo.dir/C_/Users/turga/Embedded-SDK/Pico/pico-sdk/src/rp2_common/pico_stdio/stdio.c.obj
                0x10003f88                stdio_flush
 .text.__wrap_puts
                0x10003fa8       0x1e CMakeFiles/st7789_lvgl_demo.dir/C_/Users/turga/Embedded-SDK/Pico/pico-sdk/src/rp2_common/pico_stdio/stdio.c.obj
                0x10003fa8                __wrap_puts
 *fill*         0x10003fc6        0x2 
 .text.__wrap_vprintf
                0x10003fc8       0x40 CMakeFiles/st7789_lvgl_demo.dir/C_/Users/turga/Embedded-SDK/Pico/pico-sdk/src/rp2_common/pico_stdio/stdio.c.obj
                0x10003fc8                __wrap_vprintf
 .text.__wrap_printf
                0x10004008       0x18 CMakeFiles/st7789_lvgl_demo.dir/C_/Users/turga/Embedded-SDK/Pico/pico-sdk/src/rp2_common/pico_stdio/stdio.c.obj
                0x10004008                __wrap_printf
 .text.stdio_init_all
                0x10004020        0x8 CMakeFiles/st7789_lvgl_demo.dir/C_/Users/turga/Embedded-SDK/Pico/pico-sdk/src/rp2_common/pico_stdio/stdio.c.obj
                0x10004020                stdio_init_all
 .text.resetd_init
                0x10004028        0x2 CMakeFiles/st7789_lvgl_demo.dir/C_/Users/turga/Embedded-SDK/Pico/pico-sdk/src/rp2_common/pico_stdio_usb/reset_interface.c.obj
 *fill*         0x1000402a        0x2 
 .text.resetd_reset
                0x1000402c        0xc CMakeFiles/st7789_lvgl_demo.dir/C_/Users/turga/Embedded-SDK/Pico/pico-sdk/src/rp2_common/pico_stdio_usb/reset_interface.c.obj
 .text.resetd_open
                0x10004038       0x34 CMakeFiles/st7789_lvgl_demo.dir/C_/Users/turga/Embedded-SDK/Pico/pico-sdk/src/rp2_common/pico_stdio_usb/reset_interface.c.obj
 .text.resetd_xfer_cb
                0x1000406c        0x4 CMakeFiles/st7789_lvgl_demo.dir/C_/Users/turga/Embedded-SDK/Pico/pico-sdk/src/rp2_common/pico_stdio_usb/reset_interface.c.obj
 .text.reset_usb_boot
                0x10004070       0x18 CMakeFiles/st7789_lvgl_demo.dir/C_/Users/turga/Embedded-SDK/Pico/pico-sdk/src/rp2_common/pico_stdio_usb/reset_interface.c.obj
 .text.resetd_control_xfer_cb
                0x10004088       0x5c CMakeFiles/st7789_lvgl_demo.dir/C_/Users/turga/Embedded-SDK/Pico/pico-sdk/src/rp2_common/pico_stdio_usb/reset_interface.c.obj
 .text.usbd_app_driver_get_cb
                0x100040e4        0xc CMakeFiles/st7789_lvgl_demo.dir/C_/Users/turga/Embedded-SDK/Pico/pico-sdk/src/rp2_common/pico_stdio_usb/reset_interface.c.obj
                0x100040e4                usbd_app_driver_get_cb
 .text.tud_cdc_line_coding_cb
                0x100040f0       0x28 CMakeFiles/st7789_lvgl_demo.dir/C_/Users/turga/Embedded-SDK/Pico/pico-sdk/src/rp2_common/pico_stdio_usb/reset_interface.c.obj
                0x100040f0                tud_cdc_line_coding_cb
 .text.stdio_usb_set_chars_available_callback
                0x10004118       0x14 CMakeFiles/st7789_lvgl_demo.dir/C_/Users/turga/Embedded-SDK/Pico/pico-sdk/src/rp2_common/pico_stdio_usb/stdio_usb.c.obj
                0x10004118                stdio_usb_set_chars_available_callback
 .text.usb_irq  0x1000412c       0x10 CMakeFiles/st7789_lvgl_demo.dir/C_/Users/turga/Embedded-SDK/Pico/pico-sdk/src/rp2_common/pico_stdio_usb/stdio_usb.c.obj
 .text.timer_task
                0x1000413c       0x5c CMakeFiles/st7789_lvgl_demo.dir/C_/Users/turga/Embedded-SDK/Pico/pico-sdk/src/rp2_common/pico_stdio_usb/stdio_usb.c.obj
 .text.low_priority_worker_irq
                0x10004198       0xdc CMakeFiles/st7789_lvgl_demo.dir/C_/Users/turga/Embedded-SDK/Pico/pico-sdk/src/rp2_common/pico_stdio_usb/stdio_usb.c.obj
 .text.tud_cdc_rx_cb
                0x10004274       0x20 CMakeFiles/st7789_lvgl_demo.dir/C_/Users/turga/Embedded-SDK/Pico/pico-sdk/src/rp2_common/pico_stdio_usb/stdio_usb.c.obj
                0x10004274                tud_cdc_rx_cb
 .text.stdio_usb_init
                0x10004294      0x11c CMakeFiles/st7789_lvgl_demo.dir/C_/Users/turga/Embedded-SDK/Pico/pico-sdk/src/rp2_common/pico_stdio_usb/stdio_usb.c.obj
                0x10004294                stdio_usb_init
 .text.stdio_usb_connected
                0x100043b0        0xa CMakeFiles/st7789_lvgl_demo.dir/C_/Users/turga/Embedded-SDK/Pico/pico-sdk/src/rp2_common/pico_stdio_usb/stdio_usb.c.obj
                0x100043b0                stdio_usb_connected
 *fill*         0x100043ba        0x2 
 .text.stdio_usb_in_chars
                0x100043bc       0xc4 CMakeFiles/st7789_lvgl_demo.dir/C_/Users/turga/Embedded-SDK/Pico/pico-sdk/src/rp2_common/pico_stdio_usb/stdio_usb.c.obj
                0x100043bc                stdio_usb_in_chars
 .text.stdio_usb_out_chars
                0x10004480      0x114 CMakeFiles/st7789_lvgl_demo.dir/C_/Users/turga/Embedded-SDK/Pico/pico-sdk/src/rp2_common/pico_stdio_usb/stdio_usb.c.obj
 .text.tud_descriptor_device_cb
                0x10004594        0x8 CMakeFiles/st7789_lvgl_demo.dir/C_/Users/turga/Embedded-SDK/Pico/pico-sdk/src/rp2_common/pico_stdio_usb/stdio_usb_descriptors.c.obj
                0x10004594                tud_descriptor_device_cb
 .text.tud_descriptor_configuration_cb
                0x1000459c        0x8 CMakeFiles/st7789_lvgl_demo.dir/C_/Users/turga/Embedded-SDK/Pico/pico-sdk/src/rp2_common/pico_stdio_usb/stdio_usb_descriptors.c.obj
                0x1000459c                tud_descriptor_configuration_cb
 .text.tud_descriptor_string_cb
                0x100045a4       0x6c CMakeFiles/st7789_lvgl_demo.dir/C_/Users/turga/Embedded-SDK/Pico/pico-sdk/src/rp2_common/pico_stdio_usb/stdio_usb_descriptors.c.obj
                0x100045a4                tud_descriptor_string_cb
 .text._retrieve_unique_id_on_boot
                0x10004610       0x10 CMakeFiles/st7789_lvgl_demo.dir/C_/Users/turga/Embedded-SDK/Pico/pico-sdk/src/rp2_common/pico_unique_id/unique_id.c.obj
 .text.pico_get_unique_board_id_string
                0x10004620       0x60 CMakeFiles/st7789_lvgl_demo.dir/C_/Users/turga/Embedded-SDK/Pico/pico-sdk/src/rp2_common/pico_unique_id/unique_id.c.obj
                0x10004620                pico_get_unique_board_id_string
 .text.flash_get_unique_id
                0x10004680       0x46 CMakeFiles/st7789_lvgl_demo.dir/C_/Users/turga/Embedded-SDK/Pico/pico-sdk/src/rp2_common/hardware_flash/flash.c.obj
                0x10004680                flash_get_unique_id
 *fill*         0x100046c6        0x2 
 .text.hw_endpoint_get_by_addr
                0x100046c8       0x18 CMakeFiles/st7789_lvgl_demo.dir/C_/Users/turga/Embedded-SDK/Pico/pico-sdk/lib/tinyusb/src/portable/raspberrypi/rp2040/dcd_rp2040.c.obj
 .text._hw_endpoint_alloc
                0x100046e0       0x70 CMakeFiles/st7789_lvgl_demo.dir/C_/Users/turga/Embedded-SDK/Pico/pico-sdk/lib/tinyusb/src/portable/raspberrypi/rp2040/dcd_rp2040.c.obj
 .text.hw_endpoint_init
                0x10004750       0x88 CMakeFiles/st7789_lvgl_demo.dir/C_/Users/turga/Embedded-SDK/Pico/pico-sdk/lib/tinyusb/src/portable/raspberrypi/rp2040/dcd_rp2040.c.obj
 .text.hw_endpoint_xfer
                0x100047d8       0x14 CMakeFiles/st7789_lvgl_demo.dir/C_/Users/turga/Embedded-SDK/Pico/pico-sdk/lib/tinyusb/src/portable/raspberrypi/rp2040/dcd_rp2040.c.obj
 .text.dcd_int_enable
                0x100047ec       0x2c CMakeFiles/st7789_lvgl_demo.dir/C_/Users/turga/Embedded-SDK/Pico/pico-sdk/lib/tinyusb/src/portable/raspberrypi/rp2040/dcd_rp2040.c.obj
                0x100047ec                dcd_int_enable
 .text.dcd_set_address
                0x10004818       0x2c CMakeFiles/st7789_lvgl_demo.dir/C_/Users/turga/Embedded-SDK/Pico/pico-sdk/lib/tinyusb/src/portable/raspberrypi/rp2040/dcd_rp2040.c.obj
                0x10004818                dcd_set_address
 .text.dcd_connect
                0x10004844       0x10 CMakeFiles/st7789_lvgl_demo.dir/C_/Users/turga/Embedded-SDK/Pico/pico-sdk/lib/tinyusb/src/portable/raspberrypi/rp2040/dcd_rp2040.c.obj
                0x10004844                dcd_connect
 .text.dcd_init
                0x10004854       0x80 CMakeFiles/st7789_lvgl_demo.dir/C_/Users/turga/Embedded-SDK/Pico/pico-sdk/lib/tinyusb/src/portable/raspberrypi/rp2040/dcd_rp2040.c.obj
                0x10004854                dcd_init
 .text.dcd_edpt0_status_complete
                0x100048d4       0x1c CMakeFiles/st7789_lvgl_demo.dir/C_/Users/turga/Embedded-SDK/Pico/pico-sdk/lib/tinyusb/src/portable/raspberrypi/rp2040/dcd_rp2040.c.obj
                0x100048d4                dcd_edpt0_status_complete
 .text.dcd_edpt_open
                0x100048f0       0x40 CMakeFiles/st7789_lvgl_demo.dir/C_/Users/turga/Embedded-SDK/Pico/pico-sdk/lib/tinyusb/src/portable/raspberrypi/rp2040/dcd_rp2040.c.obj
                0x100048f0                dcd_edpt_open
 .text.dcd_edpt_close_all
                0x10004930        0x8 CMakeFiles/st7789_lvgl_demo.dir/C_/Users/turga/Embedded-SDK/Pico/pico-sdk/lib/tinyusb/src/portable/raspberrypi/rp2040/dcd_rp2040.c.obj
                0x10004930                dcd_edpt_close_all
 .text.dcd_edpt_xfer
                0x10004938       0x34 CMakeFiles/st7789_lvgl_demo.dir/C_/Users/turga/Embedded-SDK/Pico/pico-sdk/lib/tinyusb/src/portable/raspberrypi/rp2040/dcd_rp2040.c.obj
                0x10004938                dcd_edpt_xfer
 .text.dcd_edpt_stall
                0x1000496c       0x2c CMakeFiles/st7789_lvgl_demo.dir/C_/Users/turga/Embedded-SDK/Pico/pico-sdk/lib/tinyusb/src/portable/raspberrypi/rp2040/dcd_rp2040.c.obj
                0x1000496c                dcd_edpt_stall
 .text.dcd_edpt_clear_stall
                0x10004998       0x20 CMakeFiles/st7789_lvgl_demo.dir/C_/Users/turga/Embedded-SDK/Pico/pico-sdk/lib/tinyusb/src/portable/raspberrypi/rp2040/dcd_rp2040.c.obj
                0x10004998                dcd_edpt_clear_stall
 .text.rp2040_usb_init
                0x100049b8       0x4c CMakeFiles/st7789_lvgl_demo.dir/C_/Users/turga/Embedded-SDK/Pico/pico-sdk/lib/tinyusb/src/portable/raspberrypi/rp2040/rp2040_usb.c.obj
                0x100049b8                rp2040_usb_init
 .text.hw_endpoint_xfer_start
                0x10004a04       0x50 CMakeFiles/st7789_lvgl_demo.dir/C_/Users/turga/Embedded-SDK/Pico/pico-sdk/lib/tinyusb/src/portable/raspberrypi/rp2040/rp2040_usb.c.obj
                0x10004a04                hw_endpoint_xfer_start
 .text.configuration_reset
                0x10004a54       0x84 CMakeFiles/st7789_lvgl_demo.dir/C_/Users/turga/Embedded-SDK/Pico/pico-sdk/lib/tinyusb/src/device/usbd.c.obj
 .text.usbd_reset
                0x10004ad8        0xc CMakeFiles/st7789_lvgl_demo.dir/C_/Users/turga/Embedded-SDK/Pico/pico-sdk/lib/tinyusb/src/device/usbd.c.obj
 .text.invoke_class_control
                0x10004ae4       0x1a CMakeFiles/st7789_lvgl_demo.dir/C_/Users/turga/Embedded-SDK/Pico/pico-sdk/lib/tinyusb/src/device/usbd.c.obj
 *fill*         0x10004afe        0x2 
 .text.process_set_config
                0x10004b00      0x178 CMakeFiles/st7789_lvgl_demo.dir/C_/Users/turga/Embedded-SDK/Pico/pico-sdk/lib/tinyusb/src/device/usbd.c.obj
 .text.process_get_descriptor
                0x10004c78       0xdc CMakeFiles/st7789_lvgl_demo.dir/C_/Users/turga/Embedded-SDK/Pico/pico-sdk/lib/tinyusb/src/device/usbd.c.obj
 .text.tud_mounted
                0x10004d54       0x10 CMakeFiles/st7789_lvgl_demo.dir/C_/Users/turga/Embedded-SDK/Pico/pico-sdk/lib/tinyusb/src/device/usbd.c.obj
                0x10004d54                tud_mounted
 .text.tud_suspended
                0x10004d64       0x10 CMakeFiles/st7789_lvgl_demo.dir/C_/Users/turga/Embedded-SDK/Pico/pico-sdk/lib/tinyusb/src/device/usbd.c.obj
                0x10004d64                tud_suspended
 .text.tud_inited
                0x10004d74       0x14 CMakeFiles/st7789_lvgl_demo.dir/C_/Users/turga/Embedded-SDK/Pico/pico-sdk/lib/tinyusb/src/device/usbd.c.obj
                0x10004d74                tud_inited
 .text.tud_init
                0x10004d88       0xcc CMakeFiles/st7789_lvgl_demo.dir/C_/Users/turga/Embedded-SDK/Pico/pico-sdk/lib/tinyusb/src/device/usbd.c.obj
                0x10004d88                tud_init
 .text.usbd_defer_func
                0x10004e54       0x2a CMakeFiles/st7789_lvgl_demo.dir/C_/Users/turga/Embedded-SDK/Pico/pico-sdk/lib/tinyusb/src/device/usbd.c.obj
                0x10004e54                usbd_defer_func
 *fill*         0x10004e7e        0x2 
 .text.usbd_edpt_open
                0x10004e80       0x34 CMakeFiles/st7789_lvgl_demo.dir/C_/Users/turga/Embedded-SDK/Pico/pico-sdk/lib/tinyusb/src/device/usbd.c.obj
                0x10004e80                usbd_edpt_open
 .text.usbd_open_edpt_pair
                0x10004eb4       0x62 CMakeFiles/st7789_lvgl_demo.dir/C_/Users/turga/Embedded-SDK/Pico/pico-sdk/lib/tinyusb/src/device/usbd.c.obj
                0x10004eb4                usbd_open_edpt_pair
 *fill*         0x10004f16        0x2 
 .text.usbd_edpt_claim
                0x10004f18       0x28 CMakeFiles/st7789_lvgl_demo.dir/C_/Users/turga/Embedded-SDK/Pico/pico-sdk/lib/tinyusb/src/device/usbd.c.obj
                0x10004f18                usbd_edpt_claim
 .text.usbd_edpt_release
                0x10004f40       0x28 CMakeFiles/st7789_lvgl_demo.dir/C_/Users/turga/Embedded-SDK/Pico/pico-sdk/lib/tinyusb/src/device/usbd.c.obj
                0x10004f40                usbd_edpt_release
 .text.usbd_edpt_xfer
                0x10004f68       0x78 CMakeFiles/st7789_lvgl_demo.dir/C_/Users/turga/Embedded-SDK/Pico/pico-sdk/lib/tinyusb/src/device/usbd.c.obj
                0x10004f68                usbd_edpt_xfer
 .text.usbd_edpt_stall
                0x10004fe0       0x48 CMakeFiles/st7789_lvgl_demo.dir/C_/Users/turga/Embedded-SDK/Pico/pico-sdk/lib/tinyusb/src/device/usbd.c.obj
                0x10004fe0                usbd_edpt_stall
 .text.usbd_edpt_clear_stall
                0x10005028       0x48 CMakeFiles/st7789_lvgl_demo.dir/C_/Users/turga/Embedded-SDK/Pico/pico-sdk/lib/tinyusb/src/device/usbd.c.obj
                0x10005028                usbd_edpt_clear_stall
 .text.usbd_edpt_stalled
                0x10005070       0x1c CMakeFiles/st7789_lvgl_demo.dir/C_/Users/turga/Embedded-SDK/Pico/pico-sdk/lib/tinyusb/src/device/usbd.c.obj
                0x10005070                usbd_edpt_stalled
 .text.process_control_request
                0x1000508c      0x37c CMakeFiles/st7789_lvgl_demo.dir/C_/Users/turga/Embedded-SDK/Pico/pico-sdk/lib/tinyusb/src/device/usbd.c.obj
 .text.tud_task_ext
                0x10005408      0x1b8 CMakeFiles/st7789_lvgl_demo.dir/C_/Users/turga/Embedded-SDK/Pico/pico-sdk/lib/tinyusb/src/device/usbd.c.obj
                0x10005408                tud_task_ext
 .text._data_stage_xact
                0x100055c0       0x58 CMakeFiles/st7789_lvgl_demo.dir/C_/Users/turga/Embedded-SDK/Pico/pico-sdk/lib/tinyusb/src/device/usbd_control.c.obj
 .text.tud_control_status
                0x10005618       0x38 CMakeFiles/st7789_lvgl_demo.dir/C_/Users/turga/Embedded-SDK/Pico/pico-sdk/lib/tinyusb/src/device/usbd_control.c.obj
                0x10005618                tud_control_status
 .text.tud_control_xfer
                0x10005650       0x74 CMakeFiles/st7789_lvgl_demo.dir/C_/Users/turga/Embedded-SDK/Pico/pico-sdk/lib/tinyusb/src/device/usbd_control.c.obj
                0x10005650                tud_control_xfer
 .text.usbd_control_reset
                0x100056c4       0x14 CMakeFiles/st7789_lvgl_demo.dir/C_/Users/turga/Embedded-SDK/Pico/pico-sdk/lib/tinyusb/src/device/usbd_control.c.obj
                0x100056c4                usbd_control_reset
 .text.usbd_control_set_complete_callback
                0x100056d8        0xc CMakeFiles/st7789_lvgl_demo.dir/C_/Users/turga/Embedded-SDK/Pico/pico-sdk/lib/tinyusb/src/device/usbd_control.c.obj
                0x100056d8                usbd_control_set_complete_callback
 .text.usbd_control_set_request
                0x100056e4       0x1c CMakeFiles/st7789_lvgl_demo.dir/C_/Users/turga/Embedded-SDK/Pico/pico-sdk/lib/tinyusb/src/device/usbd_control.c.obj
                0x100056e4                usbd_control_set_request
 .text.usbd_control_xfer_cb
                0x10005700       0xcc CMakeFiles/st7789_lvgl_demo.dir/C_/Users/turga/Embedded-SDK/Pico/pico-sdk/lib/tinyusb/src/device/usbd_control.c.obj
                0x10005700                usbd_control_xfer_cb
 .text._prep_out_transaction
                0x100057cc       0x4a CMakeFiles/st7789_lvgl_demo.dir/C_/Users/turga/Embedded-SDK/Pico/pico-sdk/lib/tinyusb/src/class/cdc/cdc_device.c.obj
 *fill*         0x10005816        0x2 
 .text.tud_cdc_n_connected
                0x10005818       0x44 CMakeFiles/st7789_lvgl_demo.dir/C_/Users/turga/Embedded-SDK/Pico/pico-sdk/lib/tinyusb/src/class/cdc/cdc_device.c.obj
                0x10005818                tud_cdc_n_connected
 .text.tud_cdc_n_available
                0x1000585c       0x18 CMakeFiles/st7789_lvgl_demo.dir/C_/Users/turga/Embedded-SDK/Pico/pico-sdk/lib/tinyusb/src/class/cdc/cdc_device.c.obj
                0x1000585c                tud_cdc_n_available
 .text.tud_cdc_n_read
                0x10005874       0x28 CMakeFiles/st7789_lvgl_demo.dir/C_/Users/turga/Embedded-SDK/Pico/pico-sdk/lib/tinyusb/src/class/cdc/cdc_device.c.obj
                0x10005874                tud_cdc_n_read
 .text.tud_cdc_n_write_flush
                0x1000589c       0xb8 CMakeFiles/st7789_lvgl_demo.dir/C_/Users/turga/Embedded-SDK/Pico/pico-sdk/lib/tinyusb/src/class/cdc/cdc_device.c.obj
                0x1000589c                tud_cdc_n_write_flush
 .text.tud_cdc_n_write
                0x10005954       0x38 CMakeFiles/st7789_lvgl_demo.dir/C_/Users/turga/Embedded-SDK/Pico/pico-sdk/lib/tinyusb/src/class/cdc/cdc_device.c.obj
                0x10005954                tud_cdc_n_write
 .text.tud_cdc_n_write_available
                0x1000598c       0x1c CMakeFiles/st7789_lvgl_demo.dir/C_/Users/turga/Embedded-SDK/Pico/pico-sdk/lib/tinyusb/src/class/cdc/cdc_device.c.obj
                0x1000598c                tud_cdc_n_write_available
 .text.cdcd_init
                0x100059a8       0xbc CMakeFiles/st7789_lvgl_demo.dir/C_/Users/turga/Embedded-SDK/Pico/pico-sdk/lib/tinyusb/src/class/cdc/cdc_device.c.obj
                0x100059a8                cdcd_init
 .text.cdcd_reset
                0x10005a64       0x44 CMakeFiles/st7789_lvgl_demo.dir/C_/Users/turga/Embedded-SDK/Pico/pico-sdk/lib/tinyusb/src/class/cdc/cdc_device.c.obj
                0x10005a64                cdcd_reset
 .text.cdcd_open
                0x10005aa8       0xcc CMakeFiles/st7789_lvgl_demo.dir/C_/Users/turga/Embedded-SDK/Pico/pico-sdk/lib/tinyusb/src/class/cdc/cdc_device.c.obj
                0x10005aa8                cdcd_open
 .text.cdcd_control_xfer_cb
                0x10005b74      0x134 CMakeFiles/st7789_lvgl_demo.dir/C_/Users/turga/Embedded-SDK/Pico/pico-sdk/lib/tinyusb/src/class/cdc/cdc_device.c.obj
                0x10005b74                cdcd_control_xfer_cb
 .text.cdcd_xfer_cb
                0x10005ca8      0x130 CMakeFiles/st7789_lvgl_demo.dir/C_/Users/turga/Embedded-SDK/Pico/pico-sdk/lib/tinyusb/src/class/cdc/cdc_device.c.obj
                0x10005ca8                cdcd_xfer_cb
 .text.tusb_init
                0x10005dd8        0xa CMakeFiles/st7789_lvgl_demo.dir/C_/Users/turga/Embedded-SDK/Pico/pico-sdk/lib/tinyusb/src/tusb.c.obj
                0x10005dd8                tusb_init
 .text.tusb_inited
                0x10005de2        0xe CMakeFiles/st7789_lvgl_demo.dir/C_/Users/turga/Embedded-SDK/Pico/pico-sdk/lib/tinyusb/src/tusb.c.obj
                0x10005de2                tusb_inited
 .text.tu_edpt_claim
                0x10005df0       0x50 CMakeFiles/st7789_lvgl_demo.dir/C_/Users/turga/Embedded-SDK/Pico/pico-sdk/lib/tinyusb/src/tusb.c.obj
                0x10005df0                tu_edpt_claim
 .text.tu_edpt_release
                0x10005e40       0x3c CMakeFiles/st7789_lvgl_demo.dir/C_/Users/turga/Embedded-SDK/Pico/pico-sdk/lib/tinyusb/src/tusb.c.obj
                0x10005e40                tu_edpt_release
 .text.tu_edpt_validate
                0x10005e7c       0x78 CMakeFiles/st7789_lvgl_demo.dir/C_/Users/turga/Embedded-SDK/Pico/pico-sdk/lib/tinyusb/src/tusb.c.obj
                0x10005e7c                tu_edpt_validate
 .text.tu_edpt_bind_driver
                0x10005ef4       0x26 CMakeFiles/st7789_lvgl_demo.dir/C_/Users/turga/Embedded-SDK/Pico/pico-sdk/lib/tinyusb/src/tusb.c.obj
                0x10005ef4                tu_edpt_bind_driver
 .text.advance_index
                0x10005f1a       0x1a CMakeFiles/st7789_lvgl_demo.dir/C_/Users/turga/Embedded-SDK/Pico/pico-sdk/lib/tinyusb/src/common/tusb_fifo.c.obj
 .text._tu_fifo_peek
                0x10005f34       0x56 CMakeFiles/st7789_lvgl_demo.dir/C_/Users/turga/Embedded-SDK/Pico/pico-sdk/lib/tinyusb/src/common/tusb_fifo.c.obj
 .text._ff_pull_const_addr
                0x10005f8a       0x4c CMakeFiles/st7789_lvgl_demo.dir/C_/Users/turga/Embedded-SDK/Pico/pico-sdk/lib/tinyusb/src/common/tusb_fifo.c.obj
 .text._ff_pull_n
                0x10005fd6      0x110 CMakeFiles/st7789_lvgl_demo.dir/C_/Users/turga/Embedded-SDK/Pico/pico-sdk/lib/tinyusb/src/common/tusb_fifo.c.obj
 .text._tu_fifo_peek_n
                0x100060e6       0x6a CMakeFiles/st7789_lvgl_demo.dir/C_/Users/turga/Embedded-SDK/Pico/pico-sdk/lib/tinyusb/src/common/tusb_fifo.c.obj
 .text._tu_fifo_read_n
                0x10006150       0x4e CMakeFiles/st7789_lvgl_demo.dir/C_/Users/turga/Embedded-SDK/Pico/pico-sdk/lib/tinyusb/src/common/tusb_fifo.c.obj
 .text._ff_push_const_addr
                0x1000619e       0x40 CMakeFiles/st7789_lvgl_demo.dir/C_/Users/turga/Embedded-SDK/Pico/pico-sdk/lib/tinyusb/src/common/tusb_fifo.c.obj
 .text._ff_push_n
                0x100061de      0x10c CMakeFiles/st7789_lvgl_demo.dir/C_/Users/turga/Embedded-SDK/Pico/pico-sdk/lib/tinyusb/src/common/tusb_fifo.c.obj
 .text._tu_fifo_write_n
                0x100062ea       0xf0 CMakeFiles/st7789_lvgl_demo.dir/C_/Users/turga/Embedded-SDK/Pico/pico-sdk/lib/tinyusb/src/common/tusb_fifo.c.obj
 .text.tu_fifo_config
                0x100063da       0x7c CMakeFiles/st7789_lvgl_demo.dir/C_/Users/turga/Embedded-SDK/Pico/pico-sdk/lib/tinyusb/src/common/tusb_fifo.c.obj
                0x100063da                tu_fifo_config
 .text.tu_fifo_count
                0x10006456       0x2a CMakeFiles/st7789_lvgl_demo.dir/C_/Users/turga/Embedded-SDK/Pico/pico-sdk/lib/tinyusb/src/common/tusb_fifo.c.obj
                0x10006456                tu_fifo_count
 .text.tu_fifo_empty
                0x10006480       0x10 CMakeFiles/st7789_lvgl_demo.dir/C_/Users/turga/Embedded-SDK/Pico/pico-sdk/lib/tinyusb/src/common/tusb_fifo.c.obj
                0x10006480                tu_fifo_empty
 .text.tu_fifo_full
                0x10006490       0x28 CMakeFiles/st7789_lvgl_demo.dir/C_/Users/turga/Embedded-SDK/Pico/pico-sdk/lib/tinyusb/src/common/tusb_fifo.c.obj
                0x10006490                tu_fifo_full
 .text.tu_fifo_remaining
                0x100064b8       0x2c CMakeFiles/st7789_lvgl_demo.dir/C_/Users/turga/Embedded-SDK/Pico/pico-sdk/lib/tinyusb/src/common/tusb_fifo.c.obj
                0x100064b8                tu_fifo_remaining
 .text.tu_fifo_read
                0x100064e4       0x42 CMakeFiles/st7789_lvgl_demo.dir/C_/Users/turga/Embedded-SDK/Pico/pico-sdk/lib/tinyusb/src/common/tusb_fifo.c.obj
                0x100064e4                tu_fifo_read
 .text.tu_fifo_read_n
                0x10006526        0xa CMakeFiles/st7789_lvgl_demo.dir/C_/Users/turga/Embedded-SDK/Pico/pico-sdk/lib/tinyusb/src/common/tusb_fifo.c.obj
                0x10006526                tu_fifo_read_n
 .text.tu_fifo_write
                0x10006530       0x64 CMakeFiles/st7789_lvgl_demo.dir/C_/Users/turga/Embedded-SDK/Pico/pico-sdk/lib/tinyusb/src/common/tusb_fifo.c.obj
                0x10006530                tu_fifo_write
 .text.tu_fifo_write_n
                0x10006594        0xa CMakeFiles/st7789_lvgl_demo.dir/C_/Users/turga/Embedded-SDK/Pico/pico-sdk/lib/tinyusb/src/common/tusb_fifo.c.obj
                0x10006594                tu_fifo_write_n
 .text.tu_fifo_clear
                0x1000659e       0x3e CMakeFiles/st7789_lvgl_demo.dir/C_/Users/turga/Embedded-SDK/Pico/pico-sdk/lib/tinyusb/src/common/tusb_fifo.c.obj
                0x1000659e                tu_fifo_clear
 .text.tu_fifo_set_overwritable
                0x100065dc       0x46 CMakeFiles/st7789_lvgl_demo.dir/C_/Users/turga/Embedded-SDK/Pico/pico-sdk/lib/tinyusb/src/common/tusb_fifo.c.obj
                0x100065dc                tu_fifo_set_overwritable
 *fill*         0x10006622        0x2 
 .text          0x10006624      0x124 ..\lib\liblvgl.a(lv_init.c.obj)
                0x10006624                lv_is_initialized
                0x10006630                lv_init
                0x100066c4                lv_deinit
 .text          0x10006748      0x798 ..\lib\liblvgl.a(lv_anim.c.obj)
                0x10006a44                lv_anim_path_linear
                0x10006aa8                _lv_anim_core_init
                0x10006adc                lv_anim_init
                0x10006b10                lv_anim_start
                0x10006bb4                lv_anim_get_playtime
                0x10006be0                lv_anim_delete
                0x10006c48                lv_anim_delete_all
                0x10006c5c                _lv_anim_core_deinit
                0x10006c64                lv_anim_get
                0x10006c98                lv_anim_get_timer
                0x10006ca4                lv_anim_count_running
                0x10006ccc                lv_anim_speed_clamped
                0x10006d20                lv_anim_speed
                0x10006d30                lv_anim_refr_now
                0x10006d3a                lv_anim_path_ease_in
                0x10006d52                lv_anim_path_ease_out
                0x10006d70                lv_anim_path_ease_in_out
                0x10006d90                lv_anim_path_overshoot
                0x10006db0                lv_anim_path_bounce
                0x10006eac                lv_anim_path_step
                0x10006ebc                lv_anim_path_custom_bezier3
 .text          0x10006ee0      0x674 ..\lib\liblvgl.a(lv_fs.c.obj)
                0x10007076                _lv_fs_init
                0x10007088                _lv_fs_deinit
                0x10007098                lv_fs_make_path_from_buffer
                0x100070a8                lv_fs_close
                0x100070f4                lv_fs_read
                0x10007144                lv_fs_write
                0x100071b8                lv_fs_seek
                0x10007264                lv_fs_tell
                0x1000729c                lv_fs_dir_read
                0x100072d2                lv_fs_dir_close
                0x100072fe                lv_fs_drv_init
                0x1000730a                lv_fs_drv_register
                0x10007324                lv_fs_get_drv
                0x10007350                lv_fs_is_ready
                0x1000736c                lv_fs_open
                0x10007414                lv_fs_dir_open
                0x10007466                lv_fs_get_letters
                0x1000749c                lv_fs_get_ext
                0x100074d0                lv_fs_up
                0x10007516                lv_fs_get_last
 .text          0x10007554      0x302 ..\lib\liblvgl.a(lv_ll.c.obj)
                0x1000756a                _lv_ll_init
                0x1000757a                _lv_ll_ins_head
                0x100075bc                _lv_ll_ins_tail
                0x100075fe                _lv_ll_get_head
                0x10007606                _lv_ll_get_tail
                0x1000760e                _lv_ll_get_next
                0x10007616                _lv_ll_get_prev
                0x1000761c                _lv_ll_ins_prev
                0x10007686                _lv_ll_remove
                0x10007708                _lv_ll_clear_custom
                0x10007740                _lv_ll_chg_list
                0x100077b0                _lv_ll_get_len
                0x100077d0                _lv_ll_move_before
                0x10007836                _lv_ll_is_empty
 *fill*         0x10007856        0x2 
 .text          0x10007858      0x364 ..\lib\liblvgl.a(lv_math.c.obj)
                0x1000786a                lv_trigo_sin
                0x100078fc                lv_cubic_bezier
                0x10007a18                lv_sqrt
                0x10007a40                lv_atan2
                0x10007af6                lv_pow
                0x10007b40                lv_map
                0x10007b88                lv_rand_set_seed
                0x10007b94                lv_rand
 .text          0x10007bbc      0x39c ..\lib\liblvgl.a(lv_timer.c.obj)
                0x10007bf4                lv_timer_create
                0x10007c40                lv_timer_create_basic
                0x10007c50                lv_timer_set_cb
                0x10007c5a                lv_timer_delete
                0x10007c7c                lv_timer_pause
                0x10007cf4                lv_timer_handler
                0x10007e28                lv_timer_periodic_handler
                0x10007e54                lv_timer_resume
                0x10007e6a                lv_timer_set_period
                0x10007e74                lv_timer_ready
                0x10007e8a                lv_timer_set_repeat_count
                0x10007e94                lv_timer_set_auto_delete
                0x10007eac                lv_timer_set_user_data
                0x10007eb6                lv_timer_reset
                0x10007eca                lv_timer_enable
                0x10007ee4                _lv_timer_core_init
                0x10007efc                _lv_timer_core_deinit
                0x10007f14                lv_timer_get_idle
                0x10007f20                lv_timer_get_time_until_next
                0x10007f2c                lv_timer_get_next
                0x10007f48                lv_timer_handler_set_resume_cb
 .text          0x10007f58      0x2ac ..\lib\liblvgl.a(lv_mem_core_builtin.c.obj)
                0x10007f80                lv_mem_init
                0x10007fc4                lv_mem_deinit
                0x10007fe4                lv_mem_add_pool
                0x10008018                lv_mem_remove_pool
                0x10008060                lv_malloc_core
                0x100080a0                lv_realloc_core
                0x100080f4                lv_free_core
                0x10008130                lv_mem_monitor_core
                0x100081bc                lv_mem_test_core
 .text          0x10008204      0x240 ..\lib\liblvgl.a(lv_string_builtin.c.obj)
                0x10008204                lv_memcpy
                0x10008330                lv_memset
                0x10008386                lv_memmove
                0x100083cc                lv_strlen
                0x100083dc                lv_strncpy
                0x100083fa                lv_strcpy
                0x1000840c                lv_strcmp
                0x10008424                lv_strdup
 .text          0x10008444      0xa38 ..\lib\liblvgl.a(lv_tlsf.c.obj)
                0x10008a22                lv_tlsf_check
                0x10008af2                lv_tlsf_walk_pool
                0x10008b50                lv_tlsf_block_size
                0x10008b64                lv_tlsf_check_pool
                0x10008b80                lv_tlsf_size
                0x10008b88                lv_tlsf_align_size
                0x10008b8c                lv_tlsf_block_size_min
                0x10008b90                lv_tlsf_block_size_max
                0x10008b96                lv_tlsf_pool_overhead
                0x10008b9a                lv_tlsf_alloc_overhead
                0x10008b9e                lv_tlsf_add_pool
                0x10008c14                lv_tlsf_remove_pool
                0x10008c72                lv_tlsf_create
                0x10008c86                lv_tlsf_create_with_pool
                0x10008ca4                lv_tlsf_destroy
                0x10008ca6                lv_tlsf_get_pool
                0x10008cb2                lv_tlsf_malloc
                0x10008cd4                lv_tlsf_memalign
                0x10008d60                lv_tlsf_free
                0x10008da0                lv_tlsf_realloc
 .text          0x10008e7c       0xac ..\lib\liblvgl.a(lv_mem.c.obj)
                0x10008e7c                lv_malloc
                0x10008e90                lv_malloc_zeroed
                0x10008eb4                lv_free
                0x10008ecc                lv_realloc
                0x10008ef4                lv_mem_test
                0x10008f14                lv_mem_monitor
 .text          0x10008f28     0x3344 ..\lib\liblvgl.a(lv_theme_default.c.obj)
                0x1000c054                lv_theme_default_deinit
                0x1000c09c                lv_theme_default_is_inited
                0x1000c0b8                lv_theme_default_init
                0x1000c250                lv_theme_default_get
 .text          0x1000c26c     0x14e0 ..\lib\liblvgl.a(lv_theme_mono.c.obj)
                0x1000cbf4                lv_theme_mono_is_inited
                0x1000d698                lv_theme_mono_deinit
                0x1000d6dc                lv_theme_mono_init
 .text          0x1000d74c      0xa10 ..\lib\liblvgl.a(lv_theme_simple.c.obj)
                0x1000dd24                lv_theme_simple_is_inited
                0x1000e094                lv_theme_simple_get
                0x1000e0b0                lv_theme_simple_deinit
                0x1000e0f4                lv_theme_simple_init
 .text          0x1000e15c       0xb4 ..\lib\liblvgl.a(lv_tick.c.obj)
                0x1000e15c                lv_tick_inc
                0x1000e174                lv_tick_get
                0x1000e19c                lv_tick_elaps
                0x1000e1b0                lv_delay_ms
                0x1000e1f8                lv_tick_set_cb
                0x1000e204                lv_delay_set_cb
 .text          0x1000e210      0xfec ..\lib\liblvgl.a(lv_arc.c.obj)
                0x1000e624                lv_arc_create
                0x1000e63c                lv_arc_set_rotation
                0x1000e646                lv_arc_set_change_rate
                0x1000e64a                lv_arc_set_knob_offset
                0x1000e650                lv_arc_get_angle_start
                0x1000e654                lv_arc_get_angle_end
                0x1000e658                lv_arc_get_bg_angle_start
                0x1000e65c                lv_arc_get_bg_angle_end
                0x1000e660                lv_arc_get_value
                0x1000e664                lv_arc_get_min_value
                0x1000e668                lv_arc_get_max_value
                0x1000e66c                lv_arc_get_mode
                0x1000e676                lv_arc_get_rotation
                0x1000e67a                lv_arc_get_knob_offset
                0x1000e8ba                lv_arc_set_start_angle
                0x1000e92e                lv_arc_set_end_angle
                0x1000e9a2                lv_arc_set_angles
                0x1000ea78                lv_arc_set_bg_start_angle
                0x1000eae2                lv_arc_set_bg_end_angle
                0x1000eb4c                lv_arc_set_bg_angles
                0x1000eb62                lv_arc_set_value
                0x1000f064                lv_arc_set_range
                0x1000f08e                lv_arc_set_mode
                0x1000f0fc                lv_arc_align_obj_to_angle
                0x1000f16c                lv_arc_rotate_obj_to_angle
 .text          0x1000f1fc      0x970 ..\lib\liblvgl.a(lv_bar.c.obj)
                0x1000f310                lv_bar_create
                0x1000f328                lv_bar_set_value
                0x1000f3b8                lv_bar_set_start_value
                0x1000f3fa                lv_bar_set_mode
                0x1000f420                lv_bar_get_value
                0x1000f42e                lv_bar_get_start_value
                0x1000f44c                lv_bar_get_min_value
                0x1000f45c                lv_bar_get_max_value
                0x1000f46c                lv_bar_get_mode
                0x1000f476                lv_bar_set_range
                0x1000f4e8                lv_bar_is_symmetrical
 .text          0x1000fb6c       0x30 ..\lib\liblvgl.a(lv_button.c.obj)
                0x1000fb84                lv_button_create
 .text          0x1000fb9c     0x11a4 ..\lib\liblvgl.a(lv_buttonmatrix.c.obj)
                0x10010330                lv_buttonmatrix_create
                0x10010348                lv_buttonmatrix_set_map
                0x100105b0                lv_buttonmatrix_set_ctrl_map
                0x100105c8                lv_buttonmatrix_set_selected_button
                0x100105f4                lv_buttonmatrix_clear_button_ctrl
                0x10010620                lv_buttonmatrix_clear_button_ctrl_all
                0x1001063e                lv_buttonmatrix_set_button_ctrl
                0x10010686                lv_buttonmatrix_set_button_ctrl_all
                0x100106a4                lv_buttonmatrix_set_button_width
                0x100106d2                lv_buttonmatrix_get_map
                0x100106d6                lv_buttonmatrix_get_selected_button
                0x100106da                lv_buttonmatrix_get_button_text
                0x10010744                lv_buttonmatrix_has_button_ctrl
                0x10010d1c                lv_buttonmatrix_set_one_checked
                0x10010d36                lv_buttonmatrix_get_one_checked
 .text          0x10010d40      0x5a0 ..\lib\liblvgl.a(lv_calendar.c.obj)
                0x10010fb2                lv_calendar_create
                0x10010fcc                lv_calendar_set_day_names
                0x10010fea                lv_calendar_set_today_date
                0x10010ffc                lv_calendar_set_highlighted_dates
                0x1001100e                lv_calendar_set_showed_date
                0x1001126c                lv_calendar_get_btnmatrix
                0x10011270                lv_calendar_get_today_date
                0x10011274                lv_calendar_get_showed_date
                0x10011278                lv_calendar_get_highlighted_dates
                0x1001127c                lv_calendar_get_highlighted_dates_num
                0x10011280                lv_calendar_get_pressed_date
 .text          0x100112e0      0x204 ..\lib\liblvgl.a(lv_calendar_header_arrow.c.obj)
                0x100114c8                lv_calendar_header_arrow_create
 .text          0x100114e4      0x1fc ..\lib\liblvgl.a(lv_calendar_header_dropdown.c.obj)
                0x1001168c                lv_calendar_header_dropdown_create
                0x100116a4                lv_calendar_header_dropdown_set_year_list
 .text          0x100116e0     0x19e4 ..\lib\liblvgl.a(lv_chart.c.obj)
                0x100126a4                lv_chart_create
                0x100126bc                lv_chart_set_update_mode
                0x100126e2                lv_chart_set_div_line_count
                0x100126fa                lv_chart_get_type
                0x10012704                lv_chart_get_point_count
                0x10012708                lv_chart_get_x_start_point
                0x10012712                lv_chart_get_point_pos_by_id
                0x10012bf0                lv_chart_refresh
                0x10012bf8                lv_chart_set_type
                0x10012c86                lv_chart_set_point_count
                0x10012cf6                lv_chart_set_range
                0x10012d2e                lv_chart_add_series
                0x10012df4                lv_chart_remove_series
                0x10012e30                lv_chart_hide_series
                0x10012e4c                lv_chart_set_series_color
                0x10012e6a                lv_chart_set_x_start_point
                0x10012e7a                lv_chart_get_series_next
                0x10012e90                lv_chart_add_cursor
                0x10012ec8                lv_chart_set_cursor_pos
                0x10012ee4                lv_chart_set_cursor_point
                0x10012f10                lv_chart_get_cursor_point
                0x10012f20                lv_chart_set_all_value
                0x10012f44                lv_chart_set_next_value
                0x10012f70                lv_chart_set_next_value2
                0x10012fac                lv_chart_set_value_by_id
                0x10012fca                lv_chart_set_value_by_id2
                0x10012ffa                lv_chart_set_ext_y_array
                0x1001302a                lv_chart_set_ext_x_array
                0x1001305a                lv_chart_get_y_array
                0x10013064                lv_chart_get_x_array
                0x1001306e                lv_chart_get_pressed_point
                0x10013072                lv_chart_get_first_point_center_offset
 .text          0x100130c4      0x434 ..\lib\liblvgl.a(lv_checkbox.c.obj)
                0x1001345c                lv_checkbox_create
                0x10013474                lv_checkbox_set_text
                0x100134c4                lv_checkbox_set_text_static
                0x100134f4                lv_checkbox_get_text
 .text          0x100134f8     0x1030 ..\lib\liblvgl.a(lv_dropdown.c.obj)
                0x100138de                lv_dropdown_create
                0x100138f8                lv_dropdown_set_text
                0x10013908                lv_dropdown_set_options
                0x10013988                lv_dropdown_set_options_static
                0x10013a54                lv_dropdown_add_option
                0x10013b80                lv_dropdown_clear_options
                0x10013bba                lv_dropdown_set_selected
                0x10013be4                lv_dropdown_set_dir
                0x10013c08                lv_dropdown_set_symbol
                0x10013c12                lv_dropdown_set_selected_highlight
                0x10013c32                lv_dropdown_get_list
                0x10013c36                lv_dropdown_get_text
                0x10013c3a                lv_dropdown_get_options
                0x10013c4c                lv_dropdown_get_selected
                0x10013c50                lv_dropdown_get_option_count
                0x10013c54                lv_dropdown_get_selected_str
                0x10013f34                lv_dropdown_get_option_index
                0x10013f9a                lv_dropdown_get_symbol
                0x10013f9e                lv_dropdown_get_selected_highlight
                0x10013fa8                lv_dropdown_get_dir
                0x10013fb2                lv_dropdown_open
                0x10014200                lv_dropdown_close
                0x1001431c                lv_dropdown_is_open
 .text          0x10014528      0x390 ..\lib\liblvgl.a(lv_keyboard.c.obj)
                0x100145fc                lv_keyboard_def_event_cb
                0x1001481c                lv_keyboard_create
                0x10014834                lv_keyboard_set_textarea
                0x10014856                lv_keyboard_set_mode
                0x1001486a                lv_keyboard_set_popovers
                0x1001488e                lv_keyboard_set_map
                0x100148a4                lv_keyboard_get_textarea
                0x100148a8                lv_keyboard_get_mode
                0x100148ae                lv_buttonmatrix_get_popovers
 .text          0x100148b8     0x1278 ..\lib\liblvgl.a(lv_label.c.obj)
                0x10014ae8                lv_label_create
                0x10014b00                lv_label_set_text_selection_start
                0x10014b0a                lv_label_set_text_selection_end
                0x10014b14                lv_label_get_text
                0x10014b18                lv_label_get_long_mode
                0x10014b22                lv_label_get_letter_pos
                0x10014ca4                lv_label_get_letter_on
                0x100152fc                lv_label_set_text
                0x10015370                lv_label_set_text_fmt
                0x100153c2                lv_label_set_text_static
                0x100153f6                lv_label_set_long_mode
                0x100154c4                lv_label_is_char_under_pos
                0x10015660                lv_label_get_text_selection_start
                0x10015664                lv_label_get_text_selection_end
                0x10015a9c                lv_label_ins_text
                0x10015b04                lv_label_cut_text
 .text          0x10015b30      0xb1c ..\lib\liblvgl.a(lv_led.c.obj)
                0x100165c2                lv_led_create
                0x100165dc                lv_led_set_color
                0x100165f8                lv_led_set_brightness
                0x10016614                lv_led_on
                0x1001661e                lv_led_off
                0x10016628                lv_led_get_brightness
                0x1001662e                lv_led_toggle
 .text          0x1001664c      0x328 ..\lib\liblvgl.a(lv_line.c.obj)
                0x10016918                lv_line_create
                0x10016930                lv_line_set_points
                0x10016944                lv_line_set_y_invert
                0x10016968                lv_line_get_y_invert
 .text          0x10016974      0x920 ..\lib\liblvgl.a(lv_menu.c.obj)
                0x10016c70                lv_menu_create
                0x10016c8c                lv_menu_cont_create
                0x10016ca8                lv_menu_section_create
                0x10016cc4                lv_menu_separator_create
                0x10016ce0                lv_menu_set_mode_header
                0x10016d16                lv_menu_set_load_page_event
                0x10016da8                lv_menu_set_page_title
                0x10016de6                lv_menu_page_create
                0x10016e14                lv_menu_set_page_title_static
                0x10016e48                lv_menu_get_cur_main_page
                0x10016e4c                lv_menu_get_cur_sidebar_page
                0x10016eac                lv_menu_get_main_header
                0x10016eb0                lv_menu_get_main_header_back_button
                0x10016eb4                lv_menu_get_sidebar_header
                0x10016eb8                lv_menu_get_sidebar_header_back_button
                0x10016ebc                lv_menu_back_button_is_root
                0x10016ee0                lv_menu_clear_history
                0x10016ef4                lv_menu_set_page
                0x100170b2                lv_menu_set_sidebar_page
                0x100171f4                lv_menu_set_mode_root_back_button
 .text          0x10017294      0xcdc ..\lib\liblvgl.a(lv_roller.c.obj)
                0x1001792c                lv_roller_create
                0x10017948                lv_roller_set_options
                0x10017ab0                lv_roller_set_selected
                0x10017e7c                lv_roller_set_visible_row_count
                0x10017ebe                lv_roller_get_selected
                0x10017ee2                lv_roller_get_selected_str
                0x10017f48                lv_roller_get_options
                0x10017f54                lv_roller_get_option_count
 .text          0x10017f70     0x15c4 ..\lib\liblvgl.a(lv_scale.c.obj)
                0x100192c0                lv_scale_create
                0x100192d8                lv_scale_set_mode
                0x100192e2                lv_scale_set_total_tick_count
                0x100192fa                lv_scale_set_major_tick_every
                0x10019314                lv_scale_set_label_show
                0x10019330                lv_scale_set_range
                0x1001933c                lv_scale_set_angle_range
                0x10019346                lv_scale_set_rotation
                0x10019350                lv_scale_set_line_needle_value
                0x1001942c                lv_scale_set_image_needle_value
                0x1001946e                lv_scale_set_text_src
                0x10019494                lv_scale_set_post_draw
                0x100194ac                lv_scale_add_section
                0x100194d6                lv_scale_section_set_range
                0x100194e0                lv_scale_section_set_style
                0x10019506                lv_scale_get_mode
                0x1001950a                lv_scale_get_total_tick_count
                0x10019514                lv_scale_get_major_tick_every
                0x1001951c                lv_scale_get_label_show
                0x10019526                lv_scale_get_angle_range
                0x1001952a                lv_scale_get_range_min_value
                0x1001952e                lv_scale_get_range_max_value
 .text          0x10019534      0xa3c ..\lib\liblvgl.a(lv_slider.c.obj)
                0x10019f4a                lv_slider_create
                0x10019f64                lv_slider_is_dragged
 .text          0x10019f70     0x108c ..\lib\liblvgl.a(lv_span.c.obj)
                0x1001a870                lv_span_stack_init
                0x1001a890                lv_span_stack_deinit
                0x1001a8a4                lv_spangroup_create
                0x1001a8bc                lv_spangroup_new_span
                0x1001a8f4                lv_spangroup_delete_span
                0x1001a956                lv_span_set_text
                0x1001a9b2                lv_span_set_text_static
                0x1001a9e8                lv_spangroup_set_align
                0x1001a9f2                lv_spangroup_set_overflow
                0x1001aa1e                lv_spangroup_set_indent
                0x1001aa2e                lv_spangroup_get_child
                0x1001aa74                lv_spangroup_get_span_count
                0x1001aa86                lv_spangroup_get_align
                0x1001aa9a                lv_spangroup_get_overflow
                0x1001aaa4                lv_spangroup_get_indent
                0x1001aaa8                lv_spangroup_get_mode
                0x1001aab2                lv_spangroup_get_max_lines
                0x1001aab6                lv_spangroup_get_max_line_height
                0x1001aaee                lv_spangroup_get_expand_width
                0x1001abd4                lv_spangroup_get_expand_height
                0x1001af08                lv_spangroup_refr_mode
                0x1001afd4                lv_spangroup_set_mode
                0x1001aff2                lv_spangroup_set_max_lines
 .text          0x1001affc      0x558 ..\lib\liblvgl.a(lv_spinbox.c.obj)
                0x1001b174                lv_spinbox_create
                0x1001b18c                lv_spinbox_set_value
                0x1001b1a6                lv_spinbox_set_rollover
                0x1001b1b8                lv_spinbox_set_digit_format
                0x1001b236                lv_spinbox_set_step
                0x1001b242                lv_spinbox_set_range
                0x1001b25e                lv_spinbox_set_cursor_pos
                0x1001b29a                lv_spinbox_set_digit_step_direction
                0x1001b2b6                lv_spinbox_get_value
                0x1001b2ba                lv_spinbox_get_step
                0x1001b2c0                lv_spinbox_step_next
                0x1001b2e2                lv_spinbox_step_prev
                0x1001b30c                lv_spinbox_get_rollover
                0x1001b316                lv_spinbox_increment
                0x1001b362                lv_spinbox_decrement
 .text          0x1001b554       0xe4 ..\lib\liblvgl.a(lv_spinner.c.obj)
                0x1001b564                lv_spinner_create
                0x1001b57c                lv_spinner_set_anim_params
 .text          0x1001b638      0x310 ..\lib\liblvgl.a(lv_switch.c.obj)
                0x1001b92e                lv_switch_create
 .text          0x1001b948     0x1214 ..\lib\liblvgl.a(lv_table.c.obj)
                0x1001c5fe                lv_table_create
                0x1001c618                lv_table_set_row_count
                0x1001c6c0                lv_table_set_column_count
                0x1001c7bc                lv_table_set_cell_value
                0x1001c86e                lv_table_set_cell_value_fmt
                0x1001c940                lv_table_set_column_width
                0x1001c966                lv_table_add_cell_ctrl
                0x1001c9d0                lv_table_clear_cell_ctrl
                0x1001ca3a                lv_table_set_cell_user_data
                0x1001caae                lv_table_get_cell_value
                0x1001cadc                lv_table_get_row_count
                0x1001cae0                lv_table_get_column_count
                0x1001cae4                lv_table_get_column_width
                0x1001caf6                lv_table_has_cell_ctrl
                0x1001cb2c                lv_table_get_selected_cell
                0x1001cb36                lv_table_get_cell_user_data
 .text          0x1001cb5c      0x4e8 ..\lib\liblvgl.a(lv_tabview.c.obj)
                0x1001cb5c                lv_tabview_create
                0x1001cb74                lv_tabview_get_tab_active
                0x1001cb78                lv_tabview_get_content
                0x1001cb82                lv_tabview_get_tab_bar
                0x1001cb8c                lv_tabview_rename_tab
                0x1001cbb8                lv_tabview_set_tab_bar_position
                0x1001cd20                lv_tabview_set_tab_bar_size
                0x1001cd44                lv_tabview_get_tab_count
                0x1001cd58                lv_tabview_set_active
                0x1001cfa4                lv_tabview_add_tab
 .text          0x1001d044     0x12bc ..\lib\liblvgl.a(lv_textarea.c.obj)
                0x1001d374                lv_textarea_create
                0x1001d38c                lv_textarea_set_placeholder_text
                0x1001d3d8                lv_textarea_set_cursor_click_pos
                0x1001d3ee                lv_textarea_set_password_bullet
                0x1001d42a                lv_textarea_set_one_line
                0x1001d4a0                lv_textarea_set_accepted_chars
                0x1001d4a4                lv_textarea_set_max_length
                0x1001d4a8                lv_textarea_set_insert_replace
                0x1001d4b4                lv_textarea_set_password_show_time
                0x1001d4b8                lv_textarea_get_text
                0x1001d530                lv_textarea_get_placeholder_text
                0x1001d540                lv_textarea_get_label
                0x1001d544                lv_textarea_set_align
                0x1001d58e                lv_textarea_get_cursor_pos
                0x1001d7dc                lv_textarea_set_cursor_pos
                0x1001db00                lv_textarea_get_cursor_click_pos
                0x1001db0a                lv_textarea_get_password_mode
                0x1001db16                lv_textarea_get_password_bullet
                0x1001dc2e                lv_textarea_get_one_line
                0x1001dc3a                lv_textarea_get_accepted_chars
                0x1001dc3e                lv_textarea_get_max_length
                0x1001dc42                lv_textarea_text_is_selected
                0x1001dc6c                lv_textarea_get_text_selection
                0x1001dc76                lv_textarea_get_password_show_time
                0x1001dc7a                lv_textarea_get_current_char
                0x1001dcb8                lv_textarea_clear_selection
                0x1001dcf0                lv_textarea_add_text
                0x1001de34                lv_textarea_add_char
                0x1001df04                lv_textarea_delete_char
                0x1001df9e                lv_textarea_delete_char_forward
                0x1001dfc4                lv_textarea_set_text
                0x1001e094                lv_textarea_set_password_mode
                0x1001e0fa                lv_textarea_set_text_selection
                0x1001e11a                lv_textarea_cursor_right
                0x1001e12c                lv_textarea_cursor_left
                0x1001e144                lv_textarea_cursor_down
                0x1001e1ae                lv_textarea_cursor_up
 .text          0x1001e300      0x234 ..\lib\liblvgl.a(lv_tileview.c.obj)
                0x1001e41c                lv_tileview_create
                0x1001e434                lv_tileview_add_tile
                0x1001e488                lv_tileview_set_tile
                0x1001e4c2                lv_tileview_set_tile_by_index
                0x1001e530                lv_tileview_get_tile_active
 .text          0x1001e534      0x110 ..\lib\liblvgl.a(lv_win.c.obj)
                0x1001e5b0                lv_win_create
                0x1001e5c8                lv_win_get_header
                0x1001e5d2                lv_win_add_title
                0x1001e5fa                lv_win_add_button
                0x1001e638                lv_win_get_content
 .text          0x1001e644      0x6e0 ..\lib\liblvgl.a(lv_group.c.obj)
                0x1001e7a6                _lv_group_init
                0x1001e7b8                _lv_group_deinit
                0x1001e7c8                lv_group_create
                0x1001e810                lv_group_set_default
                0x1001e81c                lv_group_get_default
                0x1001e828                lv_group_delete
                0x1001e8c8                lv_group_remove_all_objs
                0x1001e91e                lv_group_focus_next
                0x1001e948                lv_group_focus_prev
                0x1001e9a2                lv_group_remove_obj
                0x1001ea46                lv_group_add_obj
                0x1001eac6                lv_group_focus_freeze
                0x1001eae4                lv_group_set_focus_cb
                0x1001eaec                lv_group_set_edge_cb
                0x1001eaf6                lv_group_set_refocus_policy
                0x1001eb0e                lv_group_set_wrap
                0x1001eb26                lv_group_get_focused
                0x1001eb34                lv_group_send_data
                0x1001eb68                lv_group_set_editing
                0x1001ebb4                lv_group_focus_obj
                0x1001ec44                lv_group_swap_obj
                0x1001eca4                lv_group_get_focus_cb
                0x1001ecb0                lv_group_get_edge_cb
                0x1001ecbc                lv_group_get_editing
                0x1001eccc                lv_group_get_wrap
                0x1001ecdc                lv_group_get_obj_count
                0x1001ecea                lv_group_get_count
                0x1001ecf8                lv_group_by_index
 .text          0x1001ed24      0xde4 ..\lib\liblvgl.a(lv_obj.c.obj)
                0x1001f44e                lv_obj_create
                0x1001f468                lv_obj_remove_flag
                0x1001f4e2                lv_obj_add_state
                0x1001f508                lv_obj_remove_state
                0x1001f520                lv_obj_set_state
                0x1001f532                lv_obj_has_flag
                0x1001f540                lv_obj_has_flag_any
                0x1001f54c                lv_obj_get_state
                0x1001f550                lv_obj_has_state
                0x1001f55c                lv_obj_get_group
                0x1001f9b2                lv_obj_add_flag
                0x1001fa4a                lv_obj_update_flag
                0x1001fa5c                lv_obj_allocate_spec_attr
                0x1001fa8e                lv_obj_check_type
                0x1001faa2                lv_obj_has_class
                0x1001fab8                lv_obj_get_class
                0x1001fabc                lv_obj_is_valid
 .text          0x1001fb08      0x1f4 ..\lib\liblvgl.a(lv_obj_class.c.obj)
                0x1001fb54                lv_obj_class_create_obj
                0x1001fc0c                _lv_obj_destruct
                0x1001fc2e                lv_obj_is_editable
                0x1001fc5a                lv_obj_is_group_def
                0x1001fc88                lv_obj_class_init_obj
 .text          0x1001fcfc      0x98e ..\lib\liblvgl.a(lv_obj_draw.c.obj)
                0x1001fcfc                lv_obj_init_draw_rect_dsc
                0x100201a8                lv_obj_init_draw_label_dsc